[0.155s] Invoking command in '/home/carbon/Program_Projects/Control_Frame/build/shared_package': CMAKE_PREFIX_PATH=/opt/ros/humble /usr/bin/cmake --build /home/carbon/Program_Projects/Control_Frame/build/shared_package -- -j2 -l2
[0.793s] Consolidate compiler generated dependencies of target shared_package
[0.893s] [100%] Built target shared_package
[0.979s] Invoked command in '/home/carbon/Program_Projects/Control_Frame/build/shared_package' returned '0': CMAKE_PREFIX_PATH=/opt/ros/humble /usr/bin/cmake --build /home/carbon/Program_Projects/Control_Frame/build/shared_package -- -j2 -l2
[1.028s] Invoking command in '/home/carbon/Program_Projects/Control_Frame/build/shared_package': CMAKE_PREFIX_PATH=/opt/ros/humble /usr/bin/cmake --install /home/carbon/Program_Projects/Control_Frame/build/shared_package
[1.096s] -- Install configuration: ""
[1.099s] -- Up-to-date: /home/carbon/Program_Projects/Control_Frame/install/shared_package/lib/libshared_package.so
[1.100s] -- Up-to-date: /home/carbon/Program_Projects/Control_Frame/install/shared_package/include/Send_Interface.hpp
[1.100s] -- Up-to-date: /home/carbon/Program_Projects/Control_Frame/install/shared_package/include/alg_crc.h
[1.101s] -- Installing: /home/carbon/Program_Projects/Control_Frame/install/shared_package/include/motor_base.hpp
[1.104s] -- Up-to-date: /home/carbon/Program_Projects/Control_Frame/install/shared_package/share/shared_package/environment/library_path.sh
[1.104s] -- Up-to-date: /home/carbon/Program_Projects/Control_Frame/install/shared_package/share/shared_package/environment/library_path.dsv
[1.104s] -- Up-to-date: /home/carbon/Program_Projects/Control_Frame/install/shared_package/share/ament_index/resource_index/package_run_dependencies/shared_package
[1.105s] -- Up-to-date: /home/carbon/Program_Projects/Control_Frame/install/shared_package/share/ament_index/resource_index/parent_prefix_path/shared_package
[1.105s] -- Up-to-date: /home/carbon/Program_Projects/Control_Frame/install/shared_package/share/shared_package/environment/ament_prefix_path.sh
[1.105s] -- Up-to-date: /home/carbon/Program_Projects/Control_Frame/install/shared_package/share/shared_package/environment/ament_prefix_path.dsv
[1.105s] -- Up-to-date: /home/carbon/Program_Projects/Control_Frame/install/shared_package/share/shared_package/environment/path.sh
[1.105s] -- Up-to-date: /home/carbon/Program_Projects/Control_Frame/install/shared_package/share/shared_package/environment/path.dsv
[1.105s] -- Up-to-date: /home/carbon/Program_Projects/Control_Frame/install/shared_package/share/shared_package/local_setup.bash
[1.105s] -- Up-to-date: /home/carbon/Program_Projects/Control_Frame/install/shared_package/share/shared_package/local_setup.sh
[1.105s] -- Up-to-date: /home/carbon/Program_Projects/Control_Frame/install/shared_package/share/shared_package/local_setup.zsh
[1.105s] -- Up-to-date: /home/carbon/Program_Projects/Control_Frame/install/shared_package/share/shared_package/local_setup.dsv
[1.105s] -- Installing: /home/carbon/Program_Projects/Control_Frame/install/shared_package/share/shared_package/package.dsv
[1.107s] -- Up-to-date: /home/carbon/Program_Projects/Control_Frame/install/shared_package/share/ament_index/resource_index/packages/shared_package
[1.110s] -- Up-to-date: /home/carbon/Program_Projects/Control_Frame/install/shared_package/share/shared_package/cmake/export_shared_packageExport.cmake
[1.111s] -- Up-to-date: /home/carbon/Program_Projects/Control_Frame/install/shared_package/share/shared_package/cmake/export_shared_packageExport-noconfig.cmake
[1.111s] -- Up-to-date: /home/carbon/Program_Projects/Control_Frame/install/shared_package/share/shared_package/cmake/ament_cmake_export_targets-extras.cmake
[1.111s] -- Up-to-date: /home/carbon/Program_Projects/Control_Frame/install/shared_package/share/shared_package/cmake/shared_packageConfig.cmake
[1.111s] -- Up-to-date: /home/carbon/Program_Projects/Control_Frame/install/shared_package/share/shared_package/cmake/shared_packageConfig-version.cmake
[1.111s] -- Up-to-date: /home/carbon/Program_Projects/Control_Frame/install/shared_package/share/shared_package/package.xml
[1.113s] Invoked command in '/home/carbon/Program_Projects/Control_Frame/build/shared_package' returned '0': CMAKE_PREFIX_PATH=/opt/ros/humble /usr/bin/cmake --install /home/carbon/Program_Projects/Control_Frame/build/shared_package
