[0.077s] Invoking command in '/home/carbon/Program_Projects/Control_Frame/build/shared_package': CMAKE_PREFIX_PATH=/opt/ros/humble /usr/bin/cmake /home/carbon/Program_Projects/Control_Frame/src/shared_package -DCMAKE_INSTALL_PREFIX=/home/carbon/Program_Projects/Control_Frame/install/shared_package
[0.893s] -- The C compiler identification is GNU 11.4.0
[1.311s] -- The CXX compiler identification is GNU 11.4.0
[1.422s] -- Detecting C compiler ABI info
[2.075s] -- Detecting C compiler ABI info - done
[2.097s] -- Check for working C compiler: /usr/bin/cc - skipped
[2.100s] -- Detecting C compile features
[2.103s] -- Detecting C compile features - done
[2.128s] -- Detecting CXX compiler ABI info
[2.636s] -- Detecting CXX compiler ABI info - done
[2.659s] -- Check for working CXX compiler: /usr/bin/c++ - skipped
[2.664s] -- Detecting CXX compile features
[2.667s] -- Detecting CXX compile features - done
[2.725s] -- Found ament_cmake: 1.3.14 (/opt/ros/humble/share/ament_cmake/cmake)
[3.511s] -- Found Python3: /usr/bin/python3 (found version "3.10.12") found components: Interpreter 
[3.915s] -- Found ament_lint_auto: 0.12.15 (/opt/ros/humble/share/ament_lint_auto/cmake)
[4.246s] -- Added test 'cppcheck' to perform static code analysis on C / C++ code
[4.248s] -- Configured cppcheck include dirs: $<BUILD_INTERFACE:/home/carbon/Program_Projects/Control_Frame/src/shared_package/Middleware>;$<BUILD_INTERFACE:/home/carbon/Program_Projects/Control_Frame/src/shared_package/device>;$<BUILD_INTERFACE:/home/carbon/Program_Projects/Control_Frame/src/shared_package/Algorithm>
[4.248s] -- Configured cppcheck exclude dirs and/or files: 
[4.258s] -- Added test 'lint_cmake' to check CMake code style
[4.272s] -- Added test 'uncrustify' to check C / C++ code style
[4.273s] -- Configured uncrustify additional arguments: 
[4.277s] -- Added test 'xmllint' to check XML markup files
[4.290s] -- Configuring done
[4.332s] -- Generating done
[4.348s] -- Build files have been written to: /home/carbon/Program_Projects/Control_Frame/build/shared_package
[4.381s] Invoked command in '/home/carbon/Program_Projects/Control_Frame/build/shared_package' returned '0': CMAKE_PREFIX_PATH=/opt/ros/humble /usr/bin/cmake /home/carbon/Program_Projects/Control_Frame/src/shared_package -DCMAKE_INSTALL_PREFIX=/home/carbon/Program_Projects/Control_Frame/install/shared_package
[4.387s] Invoking command in '/home/carbon/Program_Projects/Control_Frame/build/shared_package': CMAKE_PREFIX_PATH=/opt/ros/humble /usr/bin/cmake --build /home/carbon/Program_Projects/Control_Frame/build/shared_package -- -j2 -l2
[4.668s] [ 50%] Building CXX object CMakeFiles/shared_package.dir/Middleware/Communication_Interface.cpp.o
[5.509s] [100%] Linking CXX shared library libshared_package.so
[5.929s] [100%] Built target shared_package
[6.009s] Invoked command in '/home/carbon/Program_Projects/Control_Frame/build/shared_package' returned '0': CMAKE_PREFIX_PATH=/opt/ros/humble /usr/bin/cmake --build /home/carbon/Program_Projects/Control_Frame/build/shared_package -- -j2 -l2
[6.077s] Invoking command in '/home/carbon/Program_Projects/Control_Frame/build/shared_package': CMAKE_PREFIX_PATH=/opt/ros/humble /usr/bin/cmake --install /home/carbon/Program_Projects/Control_Frame/build/shared_package
[6.156s] -- Install configuration: ""
[6.163s] -- Installing: /home/carbon/Program_Projects/Control_Frame/install/shared_package/lib/libshared_package.so
[6.164s] -- Installing: /home/carbon/Program_Projects/Control_Frame/install/shared_package/include/Communication_Interface.hpp
[6.168s] -- Installing: /home/carbon/Program_Projects/Control_Frame/install/shared_package/include/alg_crc.h
[6.174s] -- Installing: /home/carbon/Program_Projects/Control_Frame/install/shared_package/include/motor_base.hpp
[6.175s] -- Installing: /home/carbon/Program_Projects/Control_Frame/install/shared_package/share/shared_package/environment/library_path.sh
[6.175s] -- Installing: /home/carbon/Program_Projects/Control_Frame/install/shared_package/share/shared_package/environment/library_path.dsv
[6.185s] -- Installing: /home/carbon/Program_Projects/Control_Frame/install/shared_package/share/ament_index/resource_index/package_run_dependencies/shared_package
[6.190s] -- Installing: /home/carbon/Program_Projects/Control_Frame/install/shared_package/share/ament_index/resource_index/parent_prefix_path/shared_package
[6.190s] -- Installing: /home/carbon/Program_Projects/Control_Frame/install/shared_package/share/shared_package/environment/ament_prefix_path.sh
[6.190s] -- Installing: /home/carbon/Program_Projects/Control_Frame/install/shared_package/share/shared_package/environment/ament_prefix_path.dsv
[6.195s] -- Installing: /home/carbon/Program_Projects/Control_Frame/install/shared_package/share/shared_package/environment/path.sh
[6.198s] -- Installing: /home/carbon/Program_Projects/Control_Frame/install/shared_package/share/shared_package/environment/path.dsv
[6.200s] -- Installing: /home/carbon/Program_Projects/Control_Frame/install/shared_package/share/shared_package/local_setup.bash
[6.204s] -- Installing: /home/carbon/Program_Projects/Control_Frame/install/shared_package/share/shared_package/local_setup.sh
[6.209s] -- Installing: /home/carbon/Program_Projects/Control_Frame/install/shared_package/share/shared_package/local_setup.zsh
[6.209s] -- Installing: /home/carbon/Program_Projects/Control_Frame/install/shared_package/share/shared_package/local_setup.dsv
[6.215s] -- Installing: /home/carbon/Program_Projects/Control_Frame/install/shared_package/share/shared_package/package.dsv
[6.215s] -- Installing: /home/carbon/Program_Projects/Control_Frame/install/shared_package/share/ament_index/resource_index/packages/shared_package
[6.218s] -- Installing: /home/carbon/Program_Projects/Control_Frame/install/shared_package/share/shared_package/cmake/export_shared_packageExport.cmake
[6.224s] -- Installing: /home/carbon/Program_Projects/Control_Frame/install/shared_package/share/shared_package/cmake/export_shared_packageExport-noconfig.cmake
[6.225s] -- Installing: /home/carbon/Program_Projects/Control_Frame/install/shared_package/share/shared_package/cmake/ament_cmake_export_targets-extras.cmake
[6.229s] -- Installing: /home/carbon/Program_Projects/Control_Frame/install/shared_package/share/shared_package/cmake/shared_packageConfig.cmake
[6.238s] -- Installing: /home/carbon/Program_Projects/Control_Frame/install/shared_package/share/shared_package/cmake/shared_packageConfig-version.cmake
[6.239s] -- Installing: /home/carbon/Program_Projects/Control_Frame/install/shared_package/share/shared_package/package.xml
[6.242s] Invoked command in '/home/carbon/Program_Projects/Control_Frame/build/shared_package' returned '0': CMAKE_PREFIX_PATH=/opt/ros/humble /usr/bin/cmake --install /home/carbon/Program_Projects/Control_Frame/build/shared_package
