[0.087s] Invoking command in '/home/carbon/Program_Projects/Control_Frame/build/chassis': AMENT_PREFIX_PATH=/home/carbon/Program_Projects/Control_Frame/install/pkg_communication:${AMENT_PREFIX_PATH} CMAKE_PREFIX_PATH=/home/carbon/Program_Projects/Control_Frame/install/pkg_communication:/opt/ros/humble LD_LIBRARY_PATH=/home/carbon/Program_Projects/Control_Frame/install/pkg_communication/lib:${LD_LIBRARY_PATH} /usr/bin/cmake --build /home/carbon/Program_Projects/Control_Frame/build/chassis -- -j2 -l2
[0.206s] -- Found ament_cmake: 1.3.14 (/opt/ros/humble/share/ament_cmake/cmake)
[0.593s] -- Found rclcpp: 16.0.19 (/opt/ros/humble/share/rclcpp/cmake)
[0.666s] -- Found rosidl_generator_c: 3.1.9 (/opt/ros/humble/share/rosidl_generator_c/cmake)
[0.677s] -- Found rosidl_adapter: 3.1.9 (/opt/ros/humble/share/rosidl_adapter/cmake)
[0.694s] -- Found rosidl_generator_cpp: 3.1.9 (/opt/ros/humble/share/rosidl_generator_cpp/cmake)
[0.720s] -- Using all available rosidl_typesupport_c: rosidl_typesupport_fastrtps_c;rosidl_typesupport_introspection_c
[0.756s] -- Using all available rosidl_typesupport_cpp: rosidl_typesupport_fastrtps_cpp;rosidl_typesupport_introspection_cpp
[0.843s] -- Found rmw_implementation_cmake: 6.1.2 (/opt/ros/humble/share/rmw_implementation_cmake/cmake)
[0.845s] -- Found rmw_fastrtps_cpp: 6.2.10 (/opt/ros/humble/share/rmw_fastrtps_cpp/cmake)
[1.118s] -- Using RMW implementation 'rmw_fastrtps_cpp' as default
[1.246s] -- Found rclcpp_lifecycle: 16.0.19 (/opt/ros/humble/share/rclcpp_lifecycle/cmake)
[1.284s] -- Found hardware_interface: 2.54.2 (/opt/ros/humble/share/hardware_interface/cmake)
[1.529s] -- Found pkg_communication: 0.0.0 (/home/carbon/Program_Projects/Control_Frame/install/pkg_communication/share/pkg_communication/cmake)
[1.713s] -- Configuring done
[1.801s] -- Generating done
[1.813s] -- Build files have been written to: /home/carbon/Program_Projects/Control_Frame/build/chassis
[1.973s] Consolidate compiler generated dependencies of target chassis_hardware
[2.062s] [ 50%] Building CXX object CMakeFiles/chassis_hardware.dir/src/chassis_system.cpp.o
[10.365s] [100%] Linking CXX shared library libchassis_hardware.so
[11.371s] [100%] Built target chassis_hardware
[11.422s] Invoked command in '/home/carbon/Program_Projects/Control_Frame/build/chassis' returned '0': AMENT_PREFIX_PATH=/home/carbon/Program_Projects/Control_Frame/install/pkg_communication:${AMENT_PREFIX_PATH} CMAKE_PREFIX_PATH=/home/carbon/Program_Projects/Control_Frame/install/pkg_communication:/opt/ros/humble LD_LIBRARY_PATH=/home/carbon/Program_Projects/Control_Frame/install/pkg_communication/lib:${LD_LIBRARY_PATH} /usr/bin/cmake --build /home/carbon/Program_Projects/Control_Frame/build/chassis -- -j2 -l2
[11.429s] Invoking command in '/home/carbon/Program_Projects/Control_Frame/build/chassis': AMENT_PREFIX_PATH=/home/carbon/Program_Projects/Control_Frame/install/pkg_communication:${AMENT_PREFIX_PATH} CMAKE_PREFIX_PATH=/home/carbon/Program_Projects/Control_Frame/install/pkg_communication:/opt/ros/humble LD_LIBRARY_PATH=/home/carbon/Program_Projects/Control_Frame/install/pkg_communication/lib:${LD_LIBRARY_PATH} /usr/bin/cmake --install /home/carbon/Program_Projects/Control_Frame/build/chassis
[11.494s] -- Install configuration: ""
[11.502s] -- Up-to-date: /home/carbon/Program_Projects/Control_Frame/install/chassis/share/chassis/chassis_plugin.xml
[11.502s] -- Installing: /home/carbon/Program_Projects/Control_Frame/install/chassis/lib/libchassis_hardware.so
[11.510s] -- Set runtime path of "/home/carbon/Program_Projects/Control_Frame/install/chassis/lib/libchassis_hardware.so" to ""
[11.510s] -- Up-to-date: /home/carbon/Program_Projects/Control_Frame/install/chassis/include
[11.510s] -- Up-to-date: /home/carbon/Program_Projects/Control_Frame/install/chassis/include/chassis
[11.511s] -- Up-to-date: /home/carbon/Program_Projects/Control_Frame/install/chassis/include/chassis/chassis_system.hpp
[11.511s] -- Up-to-date: /home/carbon/Program_Projects/Control_Frame/install/chassis/share/chassis/urdf
[11.514s] -- Up-to-date: /home/carbon/Program_Projects/Control_Frame/install/chassis/share/chassis/urdf/chassis.urdf
[11.516s] -- Up-to-date: /home/carbon/Program_Projects/Control_Frame/install/chassis/share/chassis/config
[11.516s] -- Up-to-date: /home/carbon/Program_Projects/Control_Frame/install/chassis/share/chassis/config/chassis_controller.yaml
[11.516s] -- Up-to-date: /home/carbon/Program_Projects/Control_Frame/install/chassis/share/chassis/launch
[11.517s] -- Up-to-date: /home/carbon/Program_Projects/Control_Frame/install/chassis/share/chassis/launch/chassis.launch.py
[11.517s] -- Up-to-date: /home/carbon/Program_Projects/Control_Frame/install/chassis/share/chassis/environment/library_path.sh
[11.518s] -- Installing: /home/carbon/Program_Projects/Control_Frame/install/chassis/share/chassis/environment/library_path.dsv
[11.518s] -- Up-to-date: /home/carbon/Program_Projects/Control_Frame/install/chassis/share/ament_index/resource_index/package_run_dependencies/chassis
[11.519s] -- Up-to-date: /home/carbon/Program_Projects/Control_Frame/install/chassis/share/ament_index/resource_index/parent_prefix_path/chassis
[11.519s] -- Up-to-date: /home/carbon/Program_Projects/Control_Frame/install/chassis/share/chassis/environment/ament_prefix_path.sh
[11.519s] -- Installing: /home/carbon/Program_Projects/Control_Frame/install/chassis/share/chassis/environment/ament_prefix_path.dsv
[11.519s] -- Up-to-date: /home/carbon/Program_Projects/Control_Frame/install/chassis/share/chassis/environment/path.sh
[11.522s] -- Installing: /home/carbon/Program_Projects/Control_Frame/install/chassis/share/chassis/environment/path.dsv
[11.522s] -- Up-to-date: /home/carbon/Program_Projects/Control_Frame/install/chassis/share/chassis/local_setup.bash
[11.522s] -- Up-to-date: /home/carbon/Program_Projects/Control_Frame/install/chassis/share/chassis/local_setup.sh
[11.523s] -- Up-to-date: /home/carbon/Program_Projects/Control_Frame/install/chassis/share/chassis/local_setup.zsh
[11.526s] -- Installing: /home/carbon/Program_Projects/Control_Frame/install/chassis/share/chassis/local_setup.dsv
[11.526s] -- Installing: /home/carbon/Program_Projects/Control_Frame/install/chassis/share/chassis/package.dsv
[11.526s] -- Up-to-date: /home/carbon/Program_Projects/Control_Frame/install/chassis/share/ament_index/resource_index/packages/chassis
[11.529s] -- Up-to-date: /home/carbon/Program_Projects/Control_Frame/install/chassis/share/ament_index/resource_index/hardware_interface__pluginlib__plugin/chassis
[11.530s] -- Old export file "/home/carbon/Program_Projects/Control_Frame/install/chassis/share/chassis/cmake/export_chassisExport.cmake" will be replaced.  Removing files [/home/carbon/Program_Projects/Control_Frame/install/chassis/share/chassis/cmake/export_chassisExport-noconfig.cmake].
[11.531s] -- Installing: /home/carbon/Program_Projects/Control_Frame/install/chassis/share/chassis/cmake/export_chassisExport.cmake
[11.532s] -- Installing: /home/carbon/Program_Projects/Control_Frame/install/chassis/share/chassis/cmake/export_chassisExport-noconfig.cmake
[11.532s] -- Up-to-date: /home/carbon/Program_Projects/Control_Frame/install/chassis/share/chassis/cmake/ament_cmake_export_targets-extras.cmake
[11.532s] -- Up-to-date: /home/carbon/Program_Projects/Control_Frame/install/chassis/share/chassis/cmake/ament_cmake_export_dependencies-extras.cmake
[11.532s] -- Up-to-date: /home/carbon/Program_Projects/Control_Frame/install/chassis/share/chassis/cmake/chassisConfig.cmake
[11.532s] -- Up-to-date: /home/carbon/Program_Projects/Control_Frame/install/chassis/share/chassis/cmake/chassisConfig-version.cmake
[11.535s] -- Up-to-date: /home/carbon/Program_Projects/Control_Frame/install/chassis/share/chassis/package.xml
[11.536s] Invoked command in '/home/carbon/Program_Projects/Control_Frame/build/chassis' returned '0': AMENT_PREFIX_PATH=/home/carbon/Program_Projects/Control_Frame/install/pkg_communication:${AMENT_PREFIX_PATH} CMAKE_PREFIX_PATH=/home/carbon/Program_Projects/Control_Frame/install/pkg_communication:/opt/ros/humble LD_LIBRARY_PATH=/home/carbon/Program_Projects/Control_Frame/install/pkg_communication/lib:${LD_LIBRARY_PATH} /usr/bin/cmake --install /home/carbon/Program_Projects/Control_Frame/build/chassis
