Consolidate compiler generated dependencies of target chassis_hardware
[ 50%] Building CXX object CMakeFiles/chassis_hardware.dir/src/chassis_system.cpp.o
[100%] Linking CXX static library libchassis_hardware.a
[100%] Built target chassis_hardware
-- Install configuration: ""
-- Installing: /home/carbon/Program_Projects/Control_Frame/install/chassis/share/chassis/chassis_plugin.xml
-- Installing: /home/carbon/Program_Projects/Control_Frame/install/chassis/lib/libchassis_hardware.a
-- Installing: /home/carbon/Program_Projects/Control_Frame/install/chassis/include
-- Installing: /home/carbon/Program_Projects/Control_Frame/install/chassis/include/chassis
-- Installing: /home/carbon/Program_Projects/Control_Frame/install/chassis/include/chassis/chassis_system.hpp
-- Installing: /home/carbon/Program_Projects/Control_Frame/install/chassis/share/chassis/urdf
-- Installing: /home/carbon/Program_Projects/Control_Frame/install/chassis/share/chassis/urdf/chassis.urdf
-- Installing: /home/carbon/Program_Projects/Control_Frame/install/chassis/share/chassis/config
-- Installing: /home/carbon/Program_Projects/Control_Frame/install/chassis/share/chassis/config/chassis_controller.yaml
-- Installing: /home/carbon/Program_Projects/Control_Frame/install/chassis/share/chassis/launch
-- Installing: /home/carbon/Program_Projects/Control_Frame/install/chassis/share/chassis/launch/chassis.launch.py
-- Installing: /home/carbon/Program_Projects/Control_Frame/install/chassis/share/chassis/environment/library_path.sh
-- Installing: /home/carbon/Program_Projects/Control_Frame/install/chassis/share/chassis/environment/library_path.dsv
-- Installing: /home/carbon/Program_Projects/Control_Frame/install/chassis/share/ament_index/resource_index/package_run_dependencies/chassis
-- Installing: /home/carbon/Program_Projects/Control_Frame/install/chassis/share/ament_index/resource_index/parent_prefix_path/chassis
-- Installing: /home/carbon/Program_Projects/Control_Frame/install/chassis/share/chassis/environment/ament_prefix_path.sh
-- Installing: /home/carbon/Program_Projects/Control_Frame/install/chassis/share/chassis/environment/ament_prefix_path.dsv
-- Installing: /home/carbon/Program_Projects/Control_Frame/install/chassis/share/chassis/environment/path.sh
-- Installing: /home/carbon/Program_Projects/Control_Frame/install/chassis/share/chassis/environment/path.dsv
-- Installing: /home/carbon/Program_Projects/Control_Frame/install/chassis/share/chassis/local_setup.bash
-- Installing: /home/carbon/Program_Projects/Control_Frame/install/chassis/share/chassis/local_setup.sh
-- Installing: /home/carbon/Program_Projects/Control_Frame/install/chassis/share/chassis/local_setup.zsh
-- Installing: /home/carbon/Program_Projects/Control_Frame/install/chassis/share/chassis/local_setup.dsv
-- Installing: /home/carbon/Program_Projects/Control_Frame/install/chassis/share/chassis/package.dsv
-- Installing: /home/carbon/Program_Projects/Control_Frame/install/chassis/share/ament_index/resource_index/packages/chassis
-- Installing: /home/carbon/Program_Projects/Control_Frame/install/chassis/share/ament_index/resource_index/hardware_interface__pluginlib__plugin/chassis
-- Installing: /home/carbon/Program_Projects/Control_Frame/install/chassis/share/chassis/cmake/export_chassisExport.cmake
-- Installing: /home/carbon/Program_Projects/Control_Frame/install/chassis/share/chassis/cmake/export_chassisExport-noconfig.cmake
-- Installing: /home/carbon/Program_Projects/Control_Frame/install/chassis/share/chassis/cmake/ament_cmake_export_targets-extras.cmake
-- Installing: /home/carbon/Program_Projects/Control_Frame/install/chassis/share/chassis/cmake/ament_cmake_export_dependencies-extras.cmake
-- Installing: /home/carbon/Program_Projects/Control_Frame/install/chassis/share/chassis/cmake/chassisConfig.cmake
-- Installing: /home/carbon/Program_Projects/Control_Frame/install/chassis/share/chassis/cmake/chassisConfig-version.cmake
-- Installing: /home/carbon/Program_Projects/Control_Frame/install/chassis/share/chassis/package.xml
