[0.065s] Invoking command in '/home/carbon/Program_Projects/Control_Frame/build/chassis': AMENT_PREFIX_PATH=/home/carbon/Program_Projects/Control_Frame/install/pkg_communication:${AMENT_PREFIX_PATH} CMAKE_PREFIX_PATH=/home/carbon/Program_Projects/Control_Frame/install/pkg_communication:/opt/ros/humble LD_LIBRARY_PATH=/home/carbon/Program_Projects/Control_Frame/install/pkg_communication/lib:${LD_LIBRARY_PATH} /usr/bin/cmake --build /home/carbon/Program_Projects/Control_Frame/build/chassis -- -j2 -l2
[0.342s] Consolidate compiler generated dependencies of target chassis_hardware
[0.414s] [ 50%] Building CXX object CMakeFiles/chassis_hardware.dir/src/chassis_system.cpp.o
[9.476s] [100%] Linking CXX static library libchassis_hardware.a
[9.674s] [100%] Built target chassis_hardware
[9.716s] Invoked command in '/home/carbon/Program_Projects/Control_Frame/build/chassis' returned '0': AMENT_PREFIX_PATH=/home/carbon/Program_Projects/Control_Frame/install/pkg_communication:${AMENT_PREFIX_PATH} CMAKE_PREFIX_PATH=/home/carbon/Program_Projects/Control_Frame/install/pkg_communication:/opt/ros/humble LD_LIBRARY_PATH=/home/carbon/Program_Projects/Control_Frame/install/pkg_communication/lib:${LD_LIBRARY_PATH} /usr/bin/cmake --build /home/carbon/Program_Projects/Control_Frame/build/chassis -- -j2 -l2
[9.717s] Invoking command in '/home/carbon/Program_Projects/Control_Frame/build/chassis': AMENT_PREFIX_PATH=/home/carbon/Program_Projects/Control_Frame/install/pkg_communication:${AMENT_PREFIX_PATH} CMAKE_PREFIX_PATH=/home/carbon/Program_Projects/Control_Frame/install/pkg_communication:/opt/ros/humble LD_LIBRARY_PATH=/home/carbon/Program_Projects/Control_Frame/install/pkg_communication/lib:${LD_LIBRARY_PATH} /usr/bin/cmake --install /home/carbon/Program_Projects/Control_Frame/build/chassis
[9.755s] -- Install configuration: ""
[9.758s] -- Installing: /home/carbon/Program_Projects/Control_Frame/install/chassis/share/chassis/chassis_plugin.xml
[9.758s] -- Installing: /home/carbon/Program_Projects/Control_Frame/install/chassis/lib/libchassis_hardware.a
[9.773s] -- Installing: /home/carbon/Program_Projects/Control_Frame/install/chassis/include
[9.799s] -- Installing: /home/carbon/Program_Projects/Control_Frame/install/chassis/include/chassis
[9.800s] -- Installing: /home/carbon/Program_Projects/Control_Frame/install/chassis/include/chassis/chassis_system.hpp
[9.801s] -- Installing: /home/carbon/Program_Projects/Control_Frame/install/chassis/share/chassis/urdf
[9.804s] -- Installing: /home/carbon/Program_Projects/Control_Frame/install/chassis/share/chassis/urdf/chassis.urdf
[9.806s] -- Installing: /home/carbon/Program_Projects/Control_Frame/install/chassis/share/chassis/config
[9.807s] -- Installing: /home/carbon/Program_Projects/Control_Frame/install/chassis/share/chassis/config/chassis_controller.yaml
[9.809s] -- Installing: /home/carbon/Program_Projects/Control_Frame/install/chassis/share/chassis/launch
[9.811s] -- Installing: /home/carbon/Program_Projects/Control_Frame/install/chassis/share/chassis/launch/chassis.launch.py
[9.815s] -- Installing: /home/carbon/Program_Projects/Control_Frame/install/chassis/share/chassis/environment/library_path.sh
[9.816s] -- Installing: /home/carbon/Program_Projects/Control_Frame/install/chassis/share/chassis/environment/library_path.dsv
[9.820s] -- Installing: /home/carbon/Program_Projects/Control_Frame/install/chassis/share/ament_index/resource_index/package_run_dependencies/chassis
[9.822s] -- Installing: /home/carbon/Program_Projects/Control_Frame/install/chassis/share/ament_index/resource_index/parent_prefix_path/chassis
[9.826s] -- Installing: /home/carbon/Program_Projects/Control_Frame/install/chassis/share/chassis/environment/ament_prefix_path.sh
[9.826s] -- Installing: /home/carbon/Program_Projects/Control_Frame/install/chassis/share/chassis/environment/ament_prefix_path.dsv
[9.827s] -- Installing: /home/carbon/Program_Projects/Control_Frame/install/chassis/share/chassis/environment/path.sh
[9.829s] -- Installing: /home/carbon/Program_Projects/Control_Frame/install/chassis/share/chassis/environment/path.dsv
[9.831s] -- Installing: /home/carbon/Program_Projects/Control_Frame/install/chassis/share/chassis/local_setup.bash
[9.841s] -- Installing: /home/carbon/Program_Projects/Control_Frame/install/chassis/share/chassis/local_setup.sh
[9.843s] -- Installing: /home/carbon/Program_Projects/Control_Frame/install/chassis/share/chassis/local_setup.zsh
[9.848s] -- Installing: /home/carbon/Program_Projects/Control_Frame/install/chassis/share/chassis/local_setup.dsv
[9.850s] -- Installing: /home/carbon/Program_Projects/Control_Frame/install/chassis/share/chassis/package.dsv
[9.851s] -- Installing: /home/carbon/Program_Projects/Control_Frame/install/chassis/share/ament_index/resource_index/packages/chassis
[9.854s] -- Installing: /home/carbon/Program_Projects/Control_Frame/install/chassis/share/ament_index/resource_index/hardware_interface__pluginlib__plugin/chassis
[9.856s] -- Installing: /home/carbon/Program_Projects/Control_Frame/install/chassis/share/chassis/cmake/export_chassisExport.cmake
[9.857s] -- Installing: /home/carbon/Program_Projects/Control_Frame/install/chassis/share/chassis/cmake/export_chassisExport-noconfig.cmake
[9.859s] -- Installing: /home/carbon/Program_Projects/Control_Frame/install/chassis/share/chassis/cmake/ament_cmake_export_targets-extras.cmake
[9.860s] -- Installing: /home/carbon/Program_Projects/Control_Frame/install/chassis/share/chassis/cmake/ament_cmake_export_dependencies-extras.cmake
[9.863s] -- Installing: /home/carbon/Program_Projects/Control_Frame/install/chassis/share/chassis/cmake/chassisConfig.cmake
[9.864s] -- Installing: /home/carbon/Program_Projects/Control_Frame/install/chassis/share/chassis/cmake/chassisConfig-version.cmake
[9.868s] -- Installing: /home/carbon/Program_Projects/Control_Frame/install/chassis/share/chassis/package.xml
[9.885s] Invoked command in '/home/carbon/Program_Projects/Control_Frame/build/chassis' returned '0': AMENT_PREFIX_PATH=/home/carbon/Program_Projects/Control_Frame/install/pkg_communication:${AMENT_PREFIX_PATH} CMAKE_PREFIX_PATH=/home/carbon/Program_Projects/Control_Frame/install/pkg_communication:/opt/ros/humble LD_LIBRARY_PATH=/home/carbon/Program_Projects/Control_Frame/install/pkg_communication/lib:${LD_LIBRARY_PATH} /usr/bin/cmake --install /home/carbon/Program_Projects/Control_Frame/build/chassis
