-- The C compiler identification is GNU 11.4.0
-- The CXX compiler identification is GNU 11.4.0
-- Detecting C compiler ABI info
-- Detecting C compiler ABI info - done
-- Check for working C compiler: /usr/bin/cc - skipped
-- Detecting C compile features
-- Detecting C compile features - done
-- Detecting CXX compiler ABI info
-- Detecting CXX compiler ABI info - done
-- Check for working CXX compiler: /usr/bin/c++ - skipped
-- Detecting CXX compile features
-- Detecting CXX compile features - done
-- Found ament_cmake: 1.3.14 (/opt/ros/humble/share/ament_cmake/cmake)
-- Found Python3: /usr/bin/python3 (found version "3.10.12") found components: Interpreter 
-- Found ament_lint_auto: 0.12.15 (/opt/ros/humble/share/ament_lint_auto/cmake)
-- Added test 'cppcheck' to perform static code analysis on C / C++ code
-- Configured cppcheck include dirs: $<BUILD_INTERFACE:/home/carbon/Program_Projects/Control_Frame/src/pkg_communication/Middleware>
-- Configured cppcheck exclude dirs and/or files: 
-- Added test 'lint_cmake' to check CMake code style
-- Added test 'uncrustify' to check C / C++ code style
-- Configured uncrustify additional arguments: 
-- Added test 'xmllint' to check XML markup files
-- Configuring done
-- Generating done
-- Build files have been written to: /home/carbon/Program_Projects/Control_Frame/build/pkg_communication
[ 50%] Building CXX object CMakeFiles/pkg_communication.dir/Middleware/Send_Interface.cpp.o
[100%] Linking CXX static library libpkg_communication.a
[100%] Built target pkg_communication
-- Install configuration: ""
-- Installing: /home/carbon/Program_Projects/Control_Frame/install/pkg_communication/lib/libpkg_communication.a
-- Installing: /home/carbon/Program_Projects/Control_Frame/install/pkg_communication/include/Send_Interface.hpp
-- Installing: /home/carbon/Program_Projects/Control_Frame/install/pkg_communication/include/alg_crc.h
-- Installing: /home/carbon/Program_Projects/Control_Frame/install/pkg_communication/share/pkg_communication/environment/library_path.sh
-- Installing: /home/carbon/Program_Projects/Control_Frame/install/pkg_communication/share/pkg_communication/environment/library_path.dsv
-- Installing: /home/carbon/Program_Projects/Control_Frame/install/pkg_communication/share/ament_index/resource_index/package_run_dependencies/pkg_communication
-- Installing: /home/carbon/Program_Projects/Control_Frame/install/pkg_communication/share/ament_index/resource_index/parent_prefix_path/pkg_communication
-- Installing: /home/carbon/Program_Projects/Control_Frame/install/pkg_communication/share/pkg_communication/environment/ament_prefix_path.sh
-- Installing: /home/carbon/Program_Projects/Control_Frame/install/pkg_communication/share/pkg_communication/environment/ament_prefix_path.dsv
-- Installing: /home/carbon/Program_Projects/Control_Frame/install/pkg_communication/share/pkg_communication/environment/path.sh
-- Installing: /home/carbon/Program_Projects/Control_Frame/install/pkg_communication/share/pkg_communication/environment/path.dsv
-- Installing: /home/carbon/Program_Projects/Control_Frame/install/pkg_communication/share/pkg_communication/local_setup.bash
-- Installing: /home/carbon/Program_Projects/Control_Frame/install/pkg_communication/share/pkg_communication/local_setup.sh
-- Installing: /home/carbon/Program_Projects/Control_Frame/install/pkg_communication/share/pkg_communication/local_setup.zsh
-- Installing: /home/carbon/Program_Projects/Control_Frame/install/pkg_communication/share/pkg_communication/local_setup.dsv
-- Installing: /home/carbon/Program_Projects/Control_Frame/install/pkg_communication/share/pkg_communication/package.dsv
-- Installing: /home/carbon/Program_Projects/Control_Frame/install/pkg_communication/share/ament_index/resource_index/packages/pkg_communication
-- Installing: /home/carbon/Program_Projects/Control_Frame/install/pkg_communication/share/pkg_communication/cmake/export_pkg_communicationExport.cmake
-- Installing: /home/carbon/Program_Projects/Control_Frame/install/pkg_communication/share/pkg_communication/cmake/export_pkg_communicationExport-noconfig.cmake
-- Installing: /home/carbon/Program_Projects/Control_Frame/install/pkg_communication/share/pkg_communication/cmake/ament_cmake_export_targets-extras.cmake
-- Installing: /home/carbon/Program_Projects/Control_Frame/install/pkg_communication/share/pkg_communication/cmake/pkg_communicationConfig.cmake
-- Installing: /home/carbon/Program_Projects/Control_Frame/install/pkg_communication/share/pkg_communication/cmake/pkg_communicationConfig-version.cmake
-- Installing: /home/carbon/Program_Projects/Control_Frame/install/pkg_communication/share/pkg_communication/package.xml
