[0.050s] Invoking command in '/home/carbon/Program_Projects/Control_Frame/build/pkg_communication': CMAKE_PREFIX_PATH=/opt/ros/humble /usr/bin/cmake /home/carbon/Program_Projects/Control_Frame/src/pkg_communication -DCMAKE_INSTALL_PREFIX=/home/carbon/Program_Projects/Control_Frame/install/pkg_communication
[0.643s] -- The C compiler identification is GNU 11.4.0
[1.140s] -- The CXX compiler identification is GNU 11.4.0
[1.201s] -- Detecting C compiler ABI info
[1.547s] -- Detecting C compiler ABI info - done
[1.565s] -- Check for working C compiler: /usr/bin/cc - skipped
[1.569s] -- Detecting C compile features
[1.573s] -- Detecting C compile features - done
[1.585s] -- Detecting CXX compiler ABI info
[2.096s] -- Detecting CXX compiler ABI info - done
[2.122s] -- Check for working CXX compiler: /usr/bin/c++ - skipped
[2.125s] -- Detecting CXX compile features
[2.125s] -- Detecting CXX compile features - done
[2.186s] -- Found ament_cmake: 1.3.14 (/opt/ros/humble/share/ament_cmake/cmake)
[2.764s] -- Found Python3: /usr/bin/python3 (found version "3.10.12") found components: Interpreter 
[3.185s] -- Found ament_lint_auto: 0.12.15 (/opt/ros/humble/share/ament_lint_auto/cmake)
[3.544s] -- Added test 'cppcheck' to perform static code analysis on C / C++ code
[3.544s] -- Configured cppcheck include dirs: $<BUILD_INTERFACE:/home/carbon/Program_Projects/Control_Frame/src/pkg_communication/Middleware>
[3.544s] -- Configured cppcheck exclude dirs and/or files: 
[3.551s] -- Added test 'lint_cmake' to check CMake code style
[3.571s] -- Added test 'uncrustify' to check C / C++ code style
[3.571s] -- Configured uncrustify additional arguments: 
[3.578s] -- Added test 'xmllint' to check XML markup files
[3.594s] -- Configuring done
[3.634s] -- Generating done
[3.656s] -- Build files have been written to: /home/carbon/Program_Projects/Control_Frame/build/pkg_communication
[3.687s] Invoked command in '/home/carbon/Program_Projects/Control_Frame/build/pkg_communication' returned '0': CMAKE_PREFIX_PATH=/opt/ros/humble /usr/bin/cmake /home/carbon/Program_Projects/Control_Frame/src/pkg_communication -DCMAKE_INSTALL_PREFIX=/home/carbon/Program_Projects/Control_Frame/install/pkg_communication
[3.696s] Invoking command in '/home/carbon/Program_Projects/Control_Frame/build/pkg_communication': CMAKE_PREFIX_PATH=/opt/ros/humble /usr/bin/cmake --build /home/carbon/Program_Projects/Control_Frame/build/pkg_communication -- -j2 -l2
[3.932s] [ 50%] Building CXX object CMakeFiles/pkg_communication.dir/Middleware/Send_Interface.cpp.o
[4.572s] [100%] Linking CXX static library libpkg_communication.a
[4.750s] [100%] Built target pkg_communication
[4.813s] Invoked command in '/home/carbon/Program_Projects/Control_Frame/build/pkg_communication' returned '0': CMAKE_PREFIX_PATH=/opt/ros/humble /usr/bin/cmake --build /home/carbon/Program_Projects/Control_Frame/build/pkg_communication -- -j2 -l2
[4.863s] Invoking command in '/home/carbon/Program_Projects/Control_Frame/build/pkg_communication': CMAKE_PREFIX_PATH=/opt/ros/humble /usr/bin/cmake --install /home/carbon/Program_Projects/Control_Frame/build/pkg_communication
[4.894s] -- Install configuration: ""
[4.898s] -- Installing: /home/carbon/Program_Projects/Control_Frame/install/pkg_communication/lib/libpkg_communication.a
[4.908s] -- Installing: /home/carbon/Program_Projects/Control_Frame/install/pkg_communication/include/Send_Interface.hpp
[4.908s] -- Installing: /home/carbon/Program_Projects/Control_Frame/install/pkg_communication/include/alg_crc.h
[4.908s] -- Installing: /home/carbon/Program_Projects/Control_Frame/install/pkg_communication/share/pkg_communication/environment/library_path.sh
[4.908s] -- Installing: /home/carbon/Program_Projects/Control_Frame/install/pkg_communication/share/pkg_communication/environment/library_path.dsv
[4.908s] -- Installing: /home/carbon/Program_Projects/Control_Frame/install/pkg_communication/share/ament_index/resource_index/package_run_dependencies/pkg_communication
[4.915s] -- Installing: /home/carbon/Program_Projects/Control_Frame/install/pkg_communication/share/ament_index/resource_index/parent_prefix_path/pkg_communication
[4.917s] -- Installing: /home/carbon/Program_Projects/Control_Frame/install/pkg_communication/share/pkg_communication/environment/ament_prefix_path.sh
[4.917s] -- Installing: /home/carbon/Program_Projects/Control_Frame/install/pkg_communication/share/pkg_communication/environment/ament_prefix_path.dsv
[4.919s] -- Installing: /home/carbon/Program_Projects/Control_Frame/install/pkg_communication/share/pkg_communication/environment/path.sh
[4.922s] -- Installing: /home/carbon/Program_Projects/Control_Frame/install/pkg_communication/share/pkg_communication/environment/path.dsv
[4.922s] -- Installing: /home/carbon/Program_Projects/Control_Frame/install/pkg_communication/share/pkg_communication/local_setup.bash
[4.922s] -- Installing: /home/carbon/Program_Projects/Control_Frame/install/pkg_communication/share/pkg_communication/local_setup.sh
[4.922s] -- Installing: /home/carbon/Program_Projects/Control_Frame/install/pkg_communication/share/pkg_communication/local_setup.zsh
[4.924s] -- Installing: /home/carbon/Program_Projects/Control_Frame/install/pkg_communication/share/pkg_communication/local_setup.dsv
[4.924s] -- Installing: /home/carbon/Program_Projects/Control_Frame/install/pkg_communication/share/pkg_communication/package.dsv
[4.924s] -- Installing: /home/carbon/Program_Projects/Control_Frame/install/pkg_communication/share/ament_index/resource_index/packages/pkg_communication
[4.924s] -- Installing: /home/carbon/Program_Projects/Control_Frame/install/pkg_communication/share/pkg_communication/cmake/export_pkg_communicationExport.cmake
[4.924s] -- Installing: /home/carbon/Program_Projects/Control_Frame/install/pkg_communication/share/pkg_communication/cmake/export_pkg_communicationExport-noconfig.cmake
[4.925s] -- Installing: /home/carbon/Program_Projects/Control_Frame/install/pkg_communication/share/pkg_communication/cmake/ament_cmake_export_targets-extras.cmake
[4.927s] -- Installing: /home/carbon/Program_Projects/Control_Frame/install/pkg_communication/share/pkg_communication/cmake/pkg_communicationConfig.cmake
[4.928s] -- Installing: /home/carbon/Program_Projects/Control_Frame/install/pkg_communication/share/pkg_communication/cmake/pkg_communicationConfig-version.cmake
[4.928s] -- Installing: /home/carbon/Program_Projects/Control_Frame/install/pkg_communication/share/pkg_communication/package.xml
[4.928s] Invoked command in '/home/carbon/Program_Projects/Control_Frame/build/pkg_communication' returned '0': CMAKE_PREFIX_PATH=/opt/ros/humble /usr/bin/cmake --install /home/carbon/Program_Projects/Control_Frame/build/pkg_communication
