-- The C compiler identification is GNU 11.4.0
-- The CXX compiler identification is GNU 11.4.0
-- Detecting C compiler ABI info
-- Detecting C compiler ABI info - done
-- Check for working C compiler: /usr/bin/cc - skipped
-- Detecting C compile features
-- Detecting C compile features - done
-- Detecting CXX compiler ABI info
-- Detecting CXX compiler ABI info - done
-- Check for working CXX compiler: /usr/bin/c++ - skipped
-- Detecting CXX compile features
-- Detecting CXX compile features - done
-- Found ament_cmake: 1.3.14 (/opt/ros/humble/share/ament_cmake/cmake)
-- Found Python3: /usr/bin/python3 (found version "3.10.12") found components: Interpreter 
-- Found rclcpp: 16.0.19 (/opt/ros/humble/share/rclcpp/cmake)
-- Found rosidl_generator_c: 3.1.9 (/opt/ros/humble/share/rosidl_generator_c/cmake)
-- Found rosidl_adapter: 3.1.9 (/opt/ros/humble/share/rosidl_adapter/cmake)
-- Found rosidl_generator_cpp: 3.1.9 (/opt/ros/humble/share/rosidl_generator_cpp/cmake)
-- Using all available rosidl_typesupport_c: rosidl_typesupport_fastrtps_c;rosidl_typesupport_introspection_c
-- Using all available rosidl_typesupport_cpp: rosidl_typesupport_fastrtps_cpp;rosidl_typesupport_introspection_cpp
-- Found rmw_implementation_cmake: 6.1.2 (/opt/ros/humble/share/rmw_implementation_cmake/cmake)
-- Found rmw_fastrtps_cpp: 6.2.10 (/opt/ros/humble/share/rmw_fastrtps_cpp/cmake)
-- Found OpenSSL: /usr/lib/x86_64-linux-gnu/libcrypto.so (found version "3.0.2")  
-- Found FastRTPS: /opt/ros/humble/include  
-- Using RMW implementation 'rmw_fastrtps_cpp' as default
-- Looking for pthread.h
-- Looking for pthread.h - found
-- Performing Test CMAKE_HAVE_LIBC_PTHREAD
-- Performing Test CMAKE_HAVE_LIBC_PTHREAD - Success
-- Found Threads: TRUE  
-- Found rclcpp_lifecycle: 16.0.19 (/opt/ros/humble/share/rclcpp_lifecycle/cmake)
-- Found hardware_interface: 2.54.2 (/opt/ros/humble/share/hardware_interface/cmake)
-- Found pkg_communication: 0.0.0 (/home/carbon/Program_Projects/Control_Frame/install/pkg_communication/share/pkg_communication/cmake)
-- Configuring done
-- Generating done
-- Build files have been written to: /home/carbon/Program_Projects/Control_Frame/build/chassis
[ 50%] Building CXX object CMakeFiles/chassis_hardware.dir/src/chassis_system.cpp.o
/home/carbon/Program_Projects/Control_Frame/src/chassis/src/chassis_system.cpp:25:1: error: ‘CallbackReturn’ does not name a type
   25 | CallbackReturn ChassisSystem::on_init(const hardware_interface::HardwareInfo & info)
      | ^~~~~~~~~~~~~~
/home/carbon/Program_Projects/Control_Frame/src/chassis/src/chassis_system.cpp:138:1: error: ‘CallbackReturn’ does not name a type
  138 | CallbackReturn ChassisSystem::on_configure(const rclcpp_lifecycle::State &)
      | ^~~~~~~~~~~~~~
/home/carbon/Program_Projects/Control_Frame/src/chassis/src/chassis_system.cpp:162:1: error: ‘CallbackReturn’ does not name a type
  162 | CallbackReturn ChassisSystem::on_activate(const rclcpp_lifecycle::State &)
      | ^~~~~~~~~~~~~~
/home/carbon/Program_Projects/Control_Frame/src/chassis/src/chassis_system.cpp:167:1: error: ‘CallbackReturn’ does not name a type
  167 | CallbackReturn ChassisSystem::on_deactivate(const rclcpp_lifecycle::State &)
      | ^~~~~~~~~~~~~~
/home/carbon/Program_Projects/Control_Frame/src/chassis/src/chassis_system.cpp:19:6: warning: ‘bool chassis::{anonymous}::contains(const string&, const char*)’ defined but not used [-Wunused-function]
   19 | bool contains(const std::string & s, const char * sub)
      |      ^~~~~~~~
gmake[2]: *** [CMakeFiles/chassis_hardware.dir/build.make:76: CMakeFiles/chassis_hardware.dir/src/chassis_system.cpp.o] Error 1
gmake[1]: *** [CMakeFiles/Makefile2:137: CMakeFiles/chassis_hardware.dir/all] Error 2
gmake: *** [Makefile:146: all] Error 2
