[0.070s] Invoking command in '/home/carbon/Program_Projects/Control_Frame/build/chassis': AMENT_PREFIX_PATH=/home/carbon/Program_Projects/Control_Frame/install/pkg_communication:${AMENT_PREFIX_PATH} CMAKE_PREFIX_PATH=/home/carbon/Program_Projects/Control_Frame/install/pkg_communication:/opt/ros/humble LD_LIBRARY_PATH=/home/carbon/Program_Projects/Control_Frame/install/pkg_communication/lib:${LD_LIBRARY_PATH} /usr/bin/cmake /home/carbon/Program_Projects/Control_Frame/src/chassis -DCMAKE_INSTALL_PREFIX=/home/carbon/Program_Projects/Control_Frame/install/chassis
[0.449s] -- The C compiler identification is GNU 11.4.0
[0.813s] -- The CXX compiler identification is GNU 11.4.0
[0.845s] -- Detecting C compiler ABI info
[1.255s] -- Detecting C compiler ABI info - done
[1.269s] -- Check for working C compiler: /usr/bin/cc - skipped
[1.273s] -- Detecting C compile features
[1.274s] -- Detecting C compile features - done
[1.289s] -- Detecting CXX compiler ABI info
[1.871s] -- Detecting CXX compiler ABI info - done
[1.890s] -- Check for working CXX compiler: /usr/bin/c++ - skipped
[1.892s] -- Detecting CXX compile features
[1.894s] -- Detecting CXX compile features - done
[1.913s] -- Found ament_cmake: 1.3.14 (/opt/ros/humble/share/ament_cmake/cmake)
[2.454s] -- Found Python3: /usr/bin/python3 (found version "3.10.12") found components: Interpreter 
[2.778s] -- Found rclcpp: 16.0.19 (/opt/ros/humble/share/rclcpp/cmake)
[3.000s] -- Found rosidl_generator_c: 3.1.9 (/opt/ros/humble/share/rosidl_generator_c/cmake)
[3.025s] -- Found rosidl_adapter: 3.1.9 (/opt/ros/humble/share/rosidl_adapter/cmake)
[3.065s] -- Found rosidl_generator_cpp: 3.1.9 (/opt/ros/humble/share/rosidl_generator_cpp/cmake)
[3.126s] -- Using all available rosidl_typesupport_c: rosidl_typesupport_fastrtps_c;rosidl_typesupport_introspection_c
[3.219s] -- Using all available rosidl_typesupport_cpp: rosidl_typesupport_fastrtps_cpp;rosidl_typesupport_introspection_cpp
[3.433s] -- Found rmw_implementation_cmake: 6.1.2 (/opt/ros/humble/share/rmw_implementation_cmake/cmake)
[3.448s] -- Found rmw_fastrtps_cpp: 6.2.10 (/opt/ros/humble/share/rmw_fastrtps_cpp/cmake)
[3.910s] -- Found OpenSSL: /usr/lib/x86_64-linux-gnu/libcrypto.so (found version "3.0.2")  
[4.009s] -- Found FastRTPS: /opt/ros/humble/include  
[4.150s] -- Using RMW implementation 'rmw_fastrtps_cpp' as default
[4.256s] -- Looking for pthread.h
[4.727s] -- Looking for pthread.h - found
[4.733s] -- Performing Test CMAKE_HAVE_LIBC_PTHREAD
[5.177s] -- Performing Test CMAKE_HAVE_LIBC_PTHREAD - Success
[5.182s] -- Found Threads: TRUE  
[5.417s] -- Found rclcpp_lifecycle: 16.0.19 (/opt/ros/humble/share/rclcpp_lifecycle/cmake)
[5.508s] -- Found hardware_interface: 2.54.2 (/opt/ros/humble/share/hardware_interface/cmake)
[6.003s] -- Found pkg_communication: 0.0.0 (/home/carbon/Program_Projects/Control_Frame/install/pkg_communication/share/pkg_communication/cmake)
[6.244s] -- Configuring done
[6.330s] -- Generating done
[6.342s] -- Build files have been written to: /home/carbon/Program_Projects/Control_Frame/build/chassis
[6.381s] Invoked command in '/home/carbon/Program_Projects/Control_Frame/build/chassis' returned '0': AMENT_PREFIX_PATH=/home/carbon/Program_Projects/Control_Frame/install/pkg_communication:${AMENT_PREFIX_PATH} CMAKE_PREFIX_PATH=/home/carbon/Program_Projects/Control_Frame/install/pkg_communication:/opt/ros/humble LD_LIBRARY_PATH=/home/carbon/Program_Projects/Control_Frame/install/pkg_communication/lib:${LD_LIBRARY_PATH} /usr/bin/cmake /home/carbon/Program_Projects/Control_Frame/src/chassis -DCMAKE_INSTALL_PREFIX=/home/carbon/Program_Projects/Control_Frame/install/chassis
[6.382s] Invoking command in '/home/carbon/Program_Projects/Control_Frame/build/chassis': AMENT_PREFIX_PATH=/home/carbon/Program_Projects/Control_Frame/install/pkg_communication:${AMENT_PREFIX_PATH} CMAKE_PREFIX_PATH=/home/carbon/Program_Projects/Control_Frame/install/pkg_communication:/opt/ros/humble LD_LIBRARY_PATH=/home/carbon/Program_Projects/Control_Frame/install/pkg_communication/lib:${LD_LIBRARY_PATH} /usr/bin/cmake --build /home/carbon/Program_Projects/Control_Frame/build/chassis -- -j2 -l2
[6.770s] [ 50%] Building CXX object CMakeFiles/chassis_hardware.dir/src/chassis_system.cpp.o
[16.660s] /home/carbon/Program_Projects/Control_Frame/src/chassis/src/chassis_system.cpp:25:1: error: ‘CallbackReturn’ does not name a type
[16.660s]    25 | CallbackReturn ChassisSystem::on_init(const hardware_interface::HardwareInfo & info)
[16.660s]       | ^~~~~~~~~~~~~~
[16.675s] /home/carbon/Program_Projects/Control_Frame/src/chassis/src/chassis_system.cpp:138:1: error: ‘CallbackReturn’ does not name a type
[16.675s]   138 | CallbackReturn ChassisSystem::on_configure(const rclcpp_lifecycle::State &)
[16.676s]       | ^~~~~~~~~~~~~~
[16.679s] /home/carbon/Program_Projects/Control_Frame/src/chassis/src/chassis_system.cpp:162:1: error: ‘CallbackReturn’ does not name a type
[16.679s]   162 | CallbackReturn ChassisSystem::on_activate(const rclcpp_lifecycle::State &)
[16.680s]       | ^~~~~~~~~~~~~~
[16.682s] /home/carbon/Program_Projects/Control_Frame/src/chassis/src/chassis_system.cpp:167:1: error: ‘CallbackReturn’ does not name a type
[16.682s]   167 | CallbackReturn ChassisSystem::on_deactivate(const rclcpp_lifecycle::State &)
[16.682s]       | ^~~~~~~~~~~~~~
[17.699s] /home/carbon/Program_Projects/Control_Frame/src/chassis/src/chassis_system.cpp:19:6: warning: ‘bool chassis::{anonymous}::contains(const string&, const char*)’ defined but not used [-Wunused-function]
[17.699s]    19 | bool contains(const std::string & s, const char * sub)
[17.704s]       |      ^~~~~~~~
[17.722s] gmake[2]: *** [CMakeFiles/chassis_hardware.dir/build.make:76: CMakeFiles/chassis_hardware.dir/src/chassis_system.cpp.o] Error 1
[17.723s] gmake[1]: *** [CMakeFiles/Makefile2:137: CMakeFiles/chassis_hardware.dir/all] Error 2
[17.725s] gmake: *** [Makefile:146: all] Error 2
[17.731s] Invoked command in '/home/carbon/Program_Projects/Control_Frame/build/chassis' returned '2': AMENT_PREFIX_PATH=/home/carbon/Program_Projects/Control_Frame/install/pkg_communication:${AMENT_PREFIX_PATH} CMAKE_PREFIX_PATH=/home/carbon/Program_Projects/Control_Frame/install/pkg_communication:/opt/ros/humble LD_LIBRARY_PATH=/home/carbon/Program_Projects/Control_Frame/install/pkg_communication/lib:${LD_LIBRARY_PATH} /usr/bin/cmake --build /home/carbon/Program_Projects/Control_Frame/build/chassis -- -j2 -l2
