[0.317s] DEBUG:colcon:Command line arguments: ['/usr/bin/colcon', 'build']
[0.317s] DEBUG:colcon:Parsed command line arguments: Namespace(log_base=None, log_level=None, verb_name='build', build_base='build', install_base='install', merge_install=False, symlink_install=False, test_result_base=None, continue_on_error=False, executor='parallel', parallel_workers=2, event_handlers=None, ignore_user_meta=False, metas=['./colcon.meta'], base_paths=['.'], packages_ignore=None, packages_ignore_regex=None, paths=None, packages_up_to=None, packages_up_to_regex=None, packages_above=None, packages_above_and_dependencies=None, packages_above_depth=None, packages_select_by_dep=None, packages_skip_by_dep=None, packages_skip_up_to=None, packages_select_build_failed=False, packages_skip_build_finished=False, packages_select_test_failures=False, packages_skip_test_passed=False, packages_select=None, packages_skip=None, packages_select_regex=None, packages_skip_regex=None, packages_start=None, packages_end=None, allow_overriding=[], cmake_args=None, cmake_target=None, cmake_target_skip_unavailable=False, cmake_clean_cache=False, cmake_clean_first=False, cmake_force_configure=False, ament_cmake_args=None, catkin_cmake_args=None, catkin_skip_building_tests=False, verb_parser=<colcon_defaults.argument_parser.defaults.DefaultArgumentsDecorator object at 0x7aca7411bd30>, verb_extension=<colcon_core.verb.build.BuildVerb object at 0x7aca7411b760>, main=<bound method BuildVerb.main of <colcon_core.verb.build.BuildVerb object at 0x7aca7411b760>>)
[0.827s] Level 1:colcon.colcon_core.package_discovery:discover_packages(colcon_meta) check parameters
[0.828s] Level 1:colcon.colcon_core.package_discovery:discover_packages(recursive) check parameters
[0.828s] Level 1:colcon.colcon_core.package_discovery:discover_packages(ignore) check parameters
[0.828s] Level 1:colcon.colcon_core.package_discovery:discover_packages(path) check parameters
[0.828s] Level 1:colcon.colcon_core.package_discovery:discover_packages(colcon_meta) discover
[0.828s] Level 1:colcon.colcon_core.package_discovery:discover_packages(recursive) discover
[0.828s] INFO:colcon.colcon_core.package_discovery:Crawling recursively for packages in '/home/carbon/Program_Projects/Control_Frame'
[0.829s] Level 1:colcon.colcon_core.package_identification:_identify(.) by extensions ['ignore', 'ignore_ament_install']
[0.829s] Level 1:colcon.colcon_core.package_identification:_identify(.) by extension 'ignore'
[0.829s] Level 1:colcon.colcon_core.package_identification:_identify(.) by extension 'ignore_ament_install'
[0.829s] Level 1:colcon.colcon_core.package_identification:_identify(.) by extensions ['colcon_pkg']
[0.829s] Level 1:colcon.colcon_core.package_identification:_identify(.) by extension 'colcon_pkg'
[0.829s] Level 1:colcon.colcon_core.package_identification:_identify(.) by extensions ['colcon_meta']
[0.829s] Level 1:colcon.colcon_core.package_identification:_identify(.) by extension 'colcon_meta'
[0.829s] Level 1:colcon.colcon_core.package_identification:_identify(.) by extensions ['ros']
[0.830s] Level 1:colcon.colcon_core.package_identification:_identify(.) by extension 'ros'
[0.858s] Level 1:colcon.colcon_core.package_identification:_identify(.) by extensions ['cmake', 'python']
[0.859s] Level 1:colcon.colcon_core.package_identification:_identify(.) by extension 'cmake'
[0.859s] Level 1:colcon.colcon_core.package_identification:_identify(.) by extension 'python'
[0.859s] Level 1:colcon.colcon_core.package_identification:_identify(.) by extensions ['python_setup_py']
[0.859s] Level 1:colcon.colcon_core.package_identification:_identify(.) by extension 'python_setup_py'
[0.860s] Level 1:colcon.colcon_core.package_identification:_identify(build) by extensions ['ignore', 'ignore_ament_install']
[0.860s] Level 1:colcon.colcon_core.package_identification:_identify(build) by extension 'ignore'
[0.860s] Level 1:colcon.colcon_core.package_identification:_identify(build) ignored
[0.860s] Level 1:colcon.colcon_core.package_identification:_identify(install) by extensions ['ignore', 'ignore_ament_install']
[0.860s] Level 1:colcon.colcon_core.package_identification:_identify(install) by extension 'ignore'
[0.860s] Level 1:colcon.colcon_core.package_identification:_identify(install) ignored
[0.861s] Level 1:colcon.colcon_core.package_identification:_identify(log) by extensions ['ignore', 'ignore_ament_install']
[0.861s] Level 1:colcon.colcon_core.package_identification:_identify(log) by extension 'ignore'
[0.861s] Level 1:colcon.colcon_core.package_identification:_identify(log) ignored
[0.861s] Level 1:colcon.colcon_core.package_identification:_identify(src) by extensions ['ignore', 'ignore_ament_install']
[0.862s] Level 1:colcon.colcon_core.package_identification:_identify(src) by extension 'ignore'
[0.862s] Level 1:colcon.colcon_core.package_identification:_identify(src) by extension 'ignore_ament_install'
[0.862s] Level 1:colcon.colcon_core.package_identification:_identify(src) by extensions ['colcon_pkg']
[0.862s] Level 1:colcon.colcon_core.package_identification:_identify(src) by extension 'colcon_pkg'
[0.862s] Level 1:colcon.colcon_core.package_identification:_identify(src) by extensions ['colcon_meta']
[0.862s] Level 1:colcon.colcon_core.package_identification:_identify(src) by extension 'colcon_meta'
[0.862s] Level 1:colcon.colcon_core.package_identification:_identify(src) by extensions ['ros']
[0.862s] Level 1:colcon.colcon_core.package_identification:_identify(src) by extension 'ros'
[0.863s] Level 1:colcon.colcon_core.package_identification:_identify(src) by extensions ['cmake', 'python']
[0.863s] Level 1:colcon.colcon_core.package_identification:_identify(src) by extension 'cmake'
[0.863s] Level 1:colcon.colcon_core.package_identification:_identify(src) by extension 'python'
[0.863s] Level 1:colcon.colcon_core.package_identification:_identify(src) by extensions ['python_setup_py']
[0.863s] Level 1:colcon.colcon_core.package_identification:_identify(src) by extension 'python_setup_py'
[0.864s] Level 1:colcon.colcon_core.package_identification:_identify(src/build) by extensions ['ignore', 'ignore_ament_install']
[0.864s] Level 1:colcon.colcon_core.package_identification:_identify(src/build) by extension 'ignore'
[0.864s] Level 1:colcon.colcon_core.package_identification:_identify(src/build) ignored
[0.864s] Level 1:colcon.colcon_core.package_identification:_identify(src/chassis) by extensions ['ignore', 'ignore_ament_install']
[0.865s] Level 1:colcon.colcon_core.package_identification:_identify(src/chassis) by extension 'ignore'
[0.865s] Level 1:colcon.colcon_core.package_identification:_identify(src/chassis) by extension 'ignore_ament_install'
[0.865s] Level 1:colcon.colcon_core.package_identification:_identify(src/chassis) by extensions ['colcon_pkg']
[0.866s] Level 1:colcon.colcon_core.package_identification:_identify(src/chassis) by extension 'colcon_pkg'
[0.866s] Level 1:colcon.colcon_core.package_identification:_identify(src/chassis) by extensions ['colcon_meta']
[0.866s] Level 1:colcon.colcon_core.package_identification:_identify(src/chassis) by extension 'colcon_meta'
[0.866s] Level 1:colcon.colcon_core.package_identification:_identify(src/chassis) by extensions ['ros']
[0.866s] Level 1:colcon.colcon_core.package_identification:_identify(src/chassis) by extension 'ros'
[0.872s] DEBUG:colcon.colcon_core.package_identification:Package 'src/chassis' with type 'ros.ament_cmake' and name 'chassis'
[0.873s] Level 1:colcon.colcon_core.package_identification:_identify(src/install) by extensions ['ignore', 'ignore_ament_install']
[0.873s] Level 1:colcon.colcon_core.package_identification:_identify(src/install) by extension 'ignore'
[0.873s] Level 1:colcon.colcon_core.package_identification:_identify(src/install) ignored
[0.874s] Level 1:colcon.colcon_core.package_identification:_identify(src/log) by extensions ['ignore', 'ignore_ament_install']
[0.874s] Level 1:colcon.colcon_core.package_identification:_identify(src/log) by extension 'ignore'
[0.874s] Level 1:colcon.colcon_core.package_identification:_identify(src/log) ignored
[0.874s] Level 1:colcon.colcon_core.package_identification:_identify(src/shared_package) by extensions ['ignore', 'ignore_ament_install']
[0.875s] Level 1:colcon.colcon_core.package_identification:_identify(src/shared_package) by extension 'ignore'
[0.875s] Level 1:colcon.colcon_core.package_identification:_identify(src/shared_package) by extension 'ignore_ament_install'
[0.875s] Level 1:colcon.colcon_core.package_identification:_identify(src/shared_package) by extensions ['colcon_pkg']
[0.875s] Level 1:colcon.colcon_core.package_identification:_identify(src/shared_package) by extension 'colcon_pkg'
[0.875s] Level 1:colcon.colcon_core.package_identification:_identify(src/shared_package) by extensions ['colcon_meta']
[0.875s] Level 1:colcon.colcon_core.package_identification:_identify(src/shared_package) by extension 'colcon_meta'
[0.875s] Level 1:colcon.colcon_core.package_identification:_identify(src/shared_package) by extensions ['ros']
[0.875s] Level 1:colcon.colcon_core.package_identification:_identify(src/shared_package) by extension 'ros'
[0.877s] DEBUG:colcon.colcon_core.package_identification:Package 'src/shared_package' with type 'ros.ament_cmake' and name 'shared_package'
[0.877s] Level 1:colcon.colcon_core.package_discovery:discover_packages(recursive) using defaults
[0.878s] Level 1:colcon.colcon_core.package_discovery:discover_packages(ignore) discover
[0.878s] Level 1:colcon.colcon_core.package_discovery:discover_packages(ignore) using defaults
[0.878s] Level 1:colcon.colcon_core.package_discovery:discover_packages(path) discover
[0.878s] Level 1:colcon.colcon_core.package_discovery:discover_packages(path) using defaults
[0.931s] Level 1:colcon.colcon_core.package_discovery:discover_packages(prefix_path) check parameters
[0.931s] Level 1:colcon.colcon_core.package_discovery:discover_packages(prefix_path) discover
[0.944s] DEBUG:colcon.colcon_installed_package_information.package_discovery:Found 315 installed packages in /opt/ros/humble
[0.964s] Level 1:colcon.colcon_core.package_discovery:discover_packages(prefix_path) using defaults
[1.115s] Level 5:colcon.colcon_core.verb:set package 'shared_package' build argument 'cmake_args' from command line to 'None'
[1.115s] Level 5:colcon.colcon_core.verb:set package 'shared_package' build argument 'cmake_target' from command line to 'None'
[1.115s] Level 5:colcon.colcon_core.verb:set package 'shared_package' build argument 'cmake_target_skip_unavailable' from command line to 'False'
[1.115s] Level 5:colcon.colcon_core.verb:set package 'shared_package' build argument 'cmake_clean_cache' from command line to 'False'
[1.115s] Level 5:colcon.colcon_core.verb:set package 'shared_package' build argument 'cmake_clean_first' from command line to 'False'
[1.115s] Level 5:colcon.colcon_core.verb:set package 'shared_package' build argument 'cmake_force_configure' from command line to 'False'
[1.116s] Level 5:colcon.colcon_core.verb:set package 'shared_package' build argument 'ament_cmake_args' from command line to 'None'
[1.116s] Level 5:colcon.colcon_core.verb:set package 'shared_package' build argument 'catkin_cmake_args' from command line to 'None'
[1.116s] Level 5:colcon.colcon_core.verb:set package 'shared_package' build argument 'catkin_skip_building_tests' from command line to 'False'
[1.116s] DEBUG:colcon.colcon_core.verb:Building package 'shared_package' with the following arguments: {'ament_cmake_args': None, 'build_base': '/home/carbon/Program_Projects/Control_Frame/build/shared_package', 'catkin_cmake_args': None, 'catkin_skip_building_tests': False, 'cmake_args': None, 'cmake_clean_cache': False, 'cmake_clean_first': False, 'cmake_force_configure': False, 'cmake_target': None, 'cmake_target_skip_unavailable': False, 'install_base': '/home/carbon/Program_Projects/Control_Frame/install/shared_package', 'merge_install': False, 'path': '/home/carbon/Program_Projects/Control_Frame/src/shared_package', 'symlink_install': False, 'test_result_base': None}
[1.116s] Level 5:colcon.colcon_core.verb:set package 'chassis' build argument 'cmake_args' from command line to 'None'
[1.117s] Level 5:colcon.colcon_core.verb:set package 'chassis' build argument 'cmake_target' from command line to 'None'
[1.117s] Level 5:colcon.colcon_core.verb:set package 'chassis' build argument 'cmake_target_skip_unavailable' from command line to 'False'
[1.117s] Level 5:colcon.colcon_core.verb:set package 'chassis' build argument 'cmake_clean_cache' from command line to 'False'
[1.117s] Level 5:colcon.colcon_core.verb:set package 'chassis' build argument 'cmake_clean_first' from command line to 'False'
[1.117s] Level 5:colcon.colcon_core.verb:set package 'chassis' build argument 'cmake_force_configure' from command line to 'False'
[1.117s] Level 5:colcon.colcon_core.verb:set package 'chassis' build argument 'ament_cmake_args' from command line to 'None'
[1.117s] Level 5:colcon.colcon_core.verb:set package 'chassis' build argument 'catkin_cmake_args' from command line to 'None'
[1.117s] Level 5:colcon.colcon_core.verb:set package 'chassis' build argument 'catkin_skip_building_tests' from command line to 'False'
[1.117s] DEBUG:colcon.colcon_core.verb:Building package 'chassis' with the following arguments: {'ament_cmake_args': None, 'build_base': '/home/carbon/Program_Projects/Control_Frame/build/chassis', 'catkin_cmake_args': None, 'catkin_skip_building_tests': False, 'cmake_args': None, 'cmake_clean_cache': False, 'cmake_clean_first': False, 'cmake_force_configure': False, 'cmake_target': None, 'cmake_target_skip_unavailable': False, 'install_base': '/home/carbon/Program_Projects/Control_Frame/install/chassis', 'merge_install': False, 'path': '/home/carbon/Program_Projects/Control_Frame/src/chassis', 'symlink_install': False, 'test_result_base': None}
[1.118s] INFO:colcon.colcon_core.executor:Executing jobs using 'parallel' executor
[1.120s] DEBUG:colcon.colcon_parallel_executor.executor.parallel:run_until_complete
[1.120s] INFO:colcon.colcon_ros.task.ament_cmake.build:Building ROS package in '/home/carbon/Program_Projects/Control_Frame/src/shared_package' with build type 'ament_cmake'
[1.120s] INFO:colcon.colcon_cmake.task.cmake.build:Building CMake package in '/home/carbon/Program_Projects/Control_Frame/src/shared_package'
[1.127s] INFO:colcon.colcon_core.plugin_system:Skipping extension 'colcon_core.shell.bat': Not used on non-Windows systems
[1.127s] INFO:colcon.colcon_core.shell:Skip shell extension 'powershell' for command environment: Not usable outside of PowerShell
[1.127s] DEBUG:colcon.colcon_core.shell:Skip shell extension 'dsv' for command environment
[1.200s] DEBUG:colcon.colcon_core.event_handler.log_command:Invoking command in '/home/carbon/Program_Projects/Control_Frame/build/shared_package': CMAKE_PREFIX_PATH=/opt/ros/humble /usr/bin/cmake --build /home/carbon/Program_Projects/Control_Frame/build/shared_package -- -j2 -l2
[1.644s] DEBUG:colcon.colcon_core.event_handler.log_command:Invoked command in '/home/carbon/Program_Projects/Control_Frame/build/shared_package' returned '0': CMAKE_PREFIX_PATH=/opt/ros/humble /usr/bin/cmake --build /home/carbon/Program_Projects/Control_Frame/build/shared_package -- -j2 -l2
[1.709s] DEBUG:colcon.colcon_core.event_handler.log_command:Invoking command in '/home/carbon/Program_Projects/Control_Frame/build/shared_package': CMAKE_PREFIX_PATH=/opt/ros/humble /usr/bin/cmake --install /home/carbon/Program_Projects/Control_Frame/build/shared_package
[1.802s] Level 1:colcon.colcon_core.environment:create_environment_scripts_only(shared_package)
[1.806s] DEBUG:colcon.colcon_core.event_handler.log_command:Invoked command in '/home/carbon/Program_Projects/Control_Frame/build/shared_package' returned '0': CMAKE_PREFIX_PATH=/opt/ros/humble /usr/bin/cmake --install /home/carbon/Program_Projects/Control_Frame/build/shared_package
[1.816s] Level 1:colcon.colcon_core.environment:checking '/home/carbon/Program_Projects/Control_Frame/install/shared_package' for CMake module files
[1.817s] Level 1:colcon.colcon_core.environment:checking '/home/carbon/Program_Projects/Control_Frame/install/shared_package' for CMake config files
[1.818s] Level 1:colcon.colcon_core.shell:create_environment_hook('shared_package', 'cmake_prefix_path')
[1.819s] INFO:colcon.colcon_core.shell:Creating environment hook '/home/carbon/Program_Projects/Control_Frame/install/shared_package/share/shared_package/hook/cmake_prefix_path.ps1'
[1.820s] INFO:colcon.colcon_core.shell:Creating environment descriptor '/home/carbon/Program_Projects/Control_Frame/install/shared_package/share/shared_package/hook/cmake_prefix_path.dsv'
[1.822s] INFO:colcon.colcon_core.shell:Creating environment hook '/home/carbon/Program_Projects/Control_Frame/install/shared_package/share/shared_package/hook/cmake_prefix_path.sh'
[1.824s] Level 1:colcon.colcon_core.environment:checking '/home/carbon/Program_Projects/Control_Frame/install/shared_package/lib'
[1.824s] Level 1:colcon.colcon_core.shell:create_environment_hook('shared_package', 'ld_library_path_lib')
[1.824s] INFO:colcon.colcon_core.shell:Creating environment hook '/home/carbon/Program_Projects/Control_Frame/install/shared_package/share/shared_package/hook/ld_library_path_lib.ps1'
[1.825s] INFO:colcon.colcon_core.shell:Creating environment descriptor '/home/carbon/Program_Projects/Control_Frame/install/shared_package/share/shared_package/hook/ld_library_path_lib.dsv'
[1.827s] INFO:colcon.colcon_core.shell:Creating environment hook '/home/carbon/Program_Projects/Control_Frame/install/shared_package/share/shared_package/hook/ld_library_path_lib.sh'
[1.829s] Level 1:colcon.colcon_core.environment:checking '/home/carbon/Program_Projects/Control_Frame/install/shared_package/bin'
[1.830s] Level 1:colcon.colcon_core.environment:checking '/home/carbon/Program_Projects/Control_Frame/install/shared_package/lib/pkgconfig/shared_package.pc'
[1.830s] Level 1:colcon.colcon_core.environment:checking '/home/carbon/Program_Projects/Control_Frame/install/shared_package/lib/python3.10/site-packages'
[1.831s] Level 1:colcon.colcon_core.environment:checking '/home/carbon/Program_Projects/Control_Frame/install/shared_package/bin'
[1.831s] INFO:colcon.colcon_core.shell:Creating package script '/home/carbon/Program_Projects/Control_Frame/install/shared_package/share/shared_package/package.ps1'
[1.833s] INFO:colcon.colcon_core.shell:Creating package descriptor '/home/carbon/Program_Projects/Control_Frame/install/shared_package/share/shared_package/package.dsv'
[1.836s] INFO:colcon.colcon_core.shell:Creating package script '/home/carbon/Program_Projects/Control_Frame/install/shared_package/share/shared_package/package.sh'
[1.838s] INFO:colcon.colcon_core.shell:Creating package script '/home/carbon/Program_Projects/Control_Frame/install/shared_package/share/shared_package/package.bash'
[1.840s] INFO:colcon.colcon_core.shell:Creating package script '/home/carbon/Program_Projects/Control_Frame/install/shared_package/share/shared_package/package.zsh'
[1.841s] Level 1:colcon.colcon_core.environment:create_file_with_runtime_dependencies(/home/carbon/Program_Projects/Control_Frame/install/shared_package/share/colcon-core/packages/shared_package)
[1.843s] Level 1:colcon.colcon_core.environment:create_environment_scripts_only(shared_package)
[1.843s] Level 1:colcon.colcon_core.environment:checking '/home/carbon/Program_Projects/Control_Frame/install/shared_package' for CMake module files
[1.845s] Level 1:colcon.colcon_core.environment:checking '/home/carbon/Program_Projects/Control_Frame/install/shared_package' for CMake config files
[1.847s] Level 1:colcon.colcon_core.shell:create_environment_hook('shared_package', 'cmake_prefix_path')
[1.847s] INFO:colcon.colcon_core.shell:Creating environment hook '/home/carbon/Program_Projects/Control_Frame/install/shared_package/share/shared_package/hook/cmake_prefix_path.ps1'
[1.848s] INFO:colcon.colcon_core.shell:Creating environment descriptor '/home/carbon/Program_Projects/Control_Frame/install/shared_package/share/shared_package/hook/cmake_prefix_path.dsv'
[1.849s] INFO:colcon.colcon_core.shell:Creating environment hook '/home/carbon/Program_Projects/Control_Frame/install/shared_package/share/shared_package/hook/cmake_prefix_path.sh'
[1.851s] Level 1:colcon.colcon_core.environment:checking '/home/carbon/Program_Projects/Control_Frame/install/shared_package/lib'
[1.852s] Level 1:colcon.colcon_core.shell:create_environment_hook('shared_package', 'ld_library_path_lib')
[1.852s] INFO:colcon.colcon_core.shell:Creating environment hook '/home/carbon/Program_Projects/Control_Frame/install/shared_package/share/shared_package/hook/ld_library_path_lib.ps1'
[1.853s] INFO:colcon.colcon_core.shell:Creating environment descriptor '/home/carbon/Program_Projects/Control_Frame/install/shared_package/share/shared_package/hook/ld_library_path_lib.dsv'
[1.854s] INFO:colcon.colcon_core.shell:Creating environment hook '/home/carbon/Program_Projects/Control_Frame/install/shared_package/share/shared_package/hook/ld_library_path_lib.sh'
[1.856s] Level 1:colcon.colcon_core.environment:checking '/home/carbon/Program_Projects/Control_Frame/install/shared_package/bin'
[1.857s] Level 1:colcon.colcon_core.environment:checking '/home/carbon/Program_Projects/Control_Frame/install/shared_package/lib/pkgconfig/shared_package.pc'
[1.857s] Level 1:colcon.colcon_core.environment:checking '/home/carbon/Program_Projects/Control_Frame/install/shared_package/lib/python3.10/site-packages'
[1.858s] Level 1:colcon.colcon_core.environment:checking '/home/carbon/Program_Projects/Control_Frame/install/shared_package/bin'
[1.858s] INFO:colcon.colcon_core.shell:Creating package script '/home/carbon/Program_Projects/Control_Frame/install/shared_package/share/shared_package/package.ps1'
[1.860s] INFO:colcon.colcon_core.shell:Creating package descriptor '/home/carbon/Program_Projects/Control_Frame/install/shared_package/share/shared_package/package.dsv'
[1.862s] INFO:colcon.colcon_core.shell:Creating package script '/home/carbon/Program_Projects/Control_Frame/install/shared_package/share/shared_package/package.sh'
[1.863s] INFO:colcon.colcon_core.shell:Creating package script '/home/carbon/Program_Projects/Control_Frame/install/shared_package/share/shared_package/package.bash'
[1.865s] INFO:colcon.colcon_core.shell:Creating package script '/home/carbon/Program_Projects/Control_Frame/install/shared_package/share/shared_package/package.zsh'
[1.866s] Level 1:colcon.colcon_core.environment:create_file_with_runtime_dependencies(/home/carbon/Program_Projects/Control_Frame/install/shared_package/share/colcon-core/packages/shared_package)
[1.869s] INFO:colcon.colcon_ros.task.ament_cmake.build:Building ROS package in '/home/carbon/Program_Projects/Control_Frame/src/chassis' with build type 'ament_cmake'
[1.869s] INFO:colcon.colcon_cmake.task.cmake.build:Building CMake package in '/home/carbon/Program_Projects/Control_Frame/src/chassis'
[1.871s] INFO:colcon.colcon_core.shell:Skip shell extension 'powershell' for command environment: Not usable outside of PowerShell
[1.872s] DEBUG:colcon.colcon_core.shell:Skip shell extension 'dsv' for command environment
[1.941s] DEBUG:colcon.colcon_core.event_handler.log_command:Invoking command in '/home/carbon/Program_Projects/Control_Frame/build/chassis': AMENT_PREFIX_PATH=/home/carbon/Program_Projects/Control_Frame/install/shared_package:${AMENT_PREFIX_PATH} CMAKE_PREFIX_PATH=/home/carbon/Program_Projects/Control_Frame/install/shared_package:/opt/ros/humble LD_LIBRARY_PATH=/home/carbon/Program_Projects/Control_Frame/install/shared_package/lib:${LD_LIBRARY_PATH} /usr/bin/cmake --build /home/carbon/Program_Projects/Control_Frame/build/chassis -- -j2 -l2
[18.371s] DEBUG:colcon.colcon_core.event_handler.log_command:Invoked command in '/home/carbon/Program_Projects/Control_Frame/build/chassis' returned '0': AMENT_PREFIX_PATH=/home/carbon/Program_Projects/Control_Frame/install/shared_package:${AMENT_PREFIX_PATH} CMAKE_PREFIX_PATH=/home/carbon/Program_Projects/Control_Frame/install/shared_package:/opt/ros/humble LD_LIBRARY_PATH=/home/carbon/Program_Projects/Control_Frame/install/shared_package/lib:${LD_LIBRARY_PATH} /usr/bin/cmake --build /home/carbon/Program_Projects/Control_Frame/build/chassis -- -j2 -l2
[18.377s] DEBUG:colcon.colcon_core.event_handler.log_command:Invoking command in '/home/carbon/Program_Projects/Control_Frame/build/chassis': AMENT_PREFIX_PATH=/home/carbon/Program_Projects/Control_Frame/install/shared_package:${AMENT_PREFIX_PATH} CMAKE_PREFIX_PATH=/home/carbon/Program_Projects/Control_Frame/install/shared_package:/opt/ros/humble LD_LIBRARY_PATH=/home/carbon/Program_Projects/Control_Frame/install/shared_package/lib:${LD_LIBRARY_PATH} /usr/bin/cmake --install /home/carbon/Program_Projects/Control_Frame/build/chassis
[18.519s] Level 1:colcon.colcon_core.environment:create_environment_scripts_only(chassis)
[18.521s] Level 1:colcon.colcon_core.environment:checking '/home/carbon/Program_Projects/Control_Frame/install/chassis' for CMake module files
[18.521s] DEBUG:colcon.colcon_core.event_handler.log_command:Invoked command in '/home/carbon/Program_Projects/Control_Frame/build/chassis' returned '0': AMENT_PREFIX_PATH=/home/carbon/Program_Projects/Control_Frame/install/shared_package:${AMENT_PREFIX_PATH} CMAKE_PREFIX_PATH=/home/carbon/Program_Projects/Control_Frame/install/shared_package:/opt/ros/humble LD_LIBRARY_PATH=/home/carbon/Program_Projects/Control_Frame/install/shared_package/lib:${LD_LIBRARY_PATH} /usr/bin/cmake --install /home/carbon/Program_Projects/Control_Frame/build/chassis
[18.525s] Level 1:colcon.colcon_core.environment:checking '/home/carbon/Program_Projects/Control_Frame/install/chassis' for CMake config files
[18.529s] Level 1:colcon.colcon_core.shell:create_environment_hook('chassis', 'cmake_prefix_path')
[18.531s] INFO:colcon.colcon_core.shell:Creating environment hook '/home/carbon/Program_Projects/Control_Frame/install/chassis/share/chassis/hook/cmake_prefix_path.ps1'
[18.534s] INFO:colcon.colcon_core.shell:Creating environment descriptor '/home/carbon/Program_Projects/Control_Frame/install/chassis/share/chassis/hook/cmake_prefix_path.dsv'
[18.536s] INFO:colcon.colcon_core.shell:Creating environment hook '/home/carbon/Program_Projects/Control_Frame/install/chassis/share/chassis/hook/cmake_prefix_path.sh'
[18.539s] Level 1:colcon.colcon_core.environment:checking '/home/carbon/Program_Projects/Control_Frame/install/chassis/lib'
[18.539s] Level 1:colcon.colcon_core.shell:create_environment_hook('chassis', 'ld_library_path_lib')
[18.540s] INFO:colcon.colcon_core.shell:Creating environment hook '/home/carbon/Program_Projects/Control_Frame/install/chassis/share/chassis/hook/ld_library_path_lib.ps1'
[18.543s] INFO:colcon.colcon_core.shell:Creating environment descriptor '/home/carbon/Program_Projects/Control_Frame/install/chassis/share/chassis/hook/ld_library_path_lib.dsv'
[18.545s] INFO:colcon.colcon_core.shell:Creating environment hook '/home/carbon/Program_Projects/Control_Frame/install/chassis/share/chassis/hook/ld_library_path_lib.sh'
[18.546s] Level 1:colcon.colcon_core.environment:checking '/home/carbon/Program_Projects/Control_Frame/install/chassis/bin'
[18.549s] Level 1:colcon.colcon_core.environment:checking '/home/carbon/Program_Projects/Control_Frame/install/chassis/lib/pkgconfig/chassis.pc'
[18.553s] Level 1:colcon.colcon_core.environment:checking '/home/carbon/Program_Projects/Control_Frame/install/chassis/lib/python3.10/site-packages'
[18.554s] Level 1:colcon.colcon_core.environment:checking '/home/carbon/Program_Projects/Control_Frame/install/chassis/bin'
[18.555s] INFO:colcon.colcon_core.shell:Creating package script '/home/carbon/Program_Projects/Control_Frame/install/chassis/share/chassis/package.ps1'
[18.556s] INFO:colcon.colcon_core.shell:Creating package descriptor '/home/carbon/Program_Projects/Control_Frame/install/chassis/share/chassis/package.dsv'
[18.558s] INFO:colcon.colcon_core.shell:Creating package script '/home/carbon/Program_Projects/Control_Frame/install/chassis/share/chassis/package.sh'
[18.560s] INFO:colcon.colcon_core.shell:Creating package script '/home/carbon/Program_Projects/Control_Frame/install/chassis/share/chassis/package.bash'
[18.562s] INFO:colcon.colcon_core.shell:Creating package script '/home/carbon/Program_Projects/Control_Frame/install/chassis/share/chassis/package.zsh'
[18.563s] Level 1:colcon.colcon_core.environment:create_file_with_runtime_dependencies(/home/carbon/Program_Projects/Control_Frame/install/chassis/share/colcon-core/packages/chassis)
[18.566s] Level 1:colcon.colcon_core.environment:create_environment_scripts_only(chassis)
[18.567s] Level 1:colcon.colcon_core.environment:checking '/home/carbon/Program_Projects/Control_Frame/install/chassis' for CMake module files
[18.570s] Level 1:colcon.colcon_core.environment:checking '/home/carbon/Program_Projects/Control_Frame/install/chassis' for CMake config files
[18.572s] Level 1:colcon.colcon_core.shell:create_environment_hook('chassis', 'cmake_prefix_path')
[18.572s] INFO:colcon.colcon_core.shell:Creating environment hook '/home/carbon/Program_Projects/Control_Frame/install/chassis/share/chassis/hook/cmake_prefix_path.ps1'
[18.574s] INFO:colcon.colcon_core.shell:Creating environment descriptor '/home/carbon/Program_Projects/Control_Frame/install/chassis/share/chassis/hook/cmake_prefix_path.dsv'
[18.575s] INFO:colcon.colcon_core.shell:Creating environment hook '/home/carbon/Program_Projects/Control_Frame/install/chassis/share/chassis/hook/cmake_prefix_path.sh'
[18.578s] Level 1:colcon.colcon_core.environment:checking '/home/carbon/Program_Projects/Control_Frame/install/chassis/lib'
[18.579s] Level 1:colcon.colcon_core.shell:create_environment_hook('chassis', 'ld_library_path_lib')
[18.579s] INFO:colcon.colcon_core.shell:Creating environment hook '/home/carbon/Program_Projects/Control_Frame/install/chassis/share/chassis/hook/ld_library_path_lib.ps1'
[18.580s] INFO:colcon.colcon_core.shell:Creating environment descriptor '/home/carbon/Program_Projects/Control_Frame/install/chassis/share/chassis/hook/ld_library_path_lib.dsv'
[18.582s] INFO:colcon.colcon_core.shell:Creating environment hook '/home/carbon/Program_Projects/Control_Frame/install/chassis/share/chassis/hook/ld_library_path_lib.sh'
[18.583s] Level 1:colcon.colcon_core.environment:checking '/home/carbon/Program_Projects/Control_Frame/install/chassis/bin'
[18.583s] Level 1:colcon.colcon_core.environment:checking '/home/carbon/Program_Projects/Control_Frame/install/chassis/lib/pkgconfig/chassis.pc'
[18.583s] Level 1:colcon.colcon_core.environment:checking '/home/carbon/Program_Projects/Control_Frame/install/chassis/lib/python3.10/site-packages'
[18.584s] Level 1:colcon.colcon_core.environment:checking '/home/carbon/Program_Projects/Control_Frame/install/chassis/bin'
[18.585s] INFO:colcon.colcon_core.shell:Creating package script '/home/carbon/Program_Projects/Control_Frame/install/chassis/share/chassis/package.ps1'
[18.587s] INFO:colcon.colcon_core.shell:Creating package descriptor '/home/carbon/Program_Projects/Control_Frame/install/chassis/share/chassis/package.dsv'
[18.588s] INFO:colcon.colcon_core.shell:Creating package script '/home/carbon/Program_Projects/Control_Frame/install/chassis/share/chassis/package.sh'
[18.589s] INFO:colcon.colcon_core.shell:Creating package script '/home/carbon/Program_Projects/Control_Frame/install/chassis/share/chassis/package.bash'
[18.593s] INFO:colcon.colcon_core.shell:Creating package script '/home/carbon/Program_Projects/Control_Frame/install/chassis/share/chassis/package.zsh'
[18.594s] Level 1:colcon.colcon_core.environment:create_file_with_runtime_dependencies(/home/carbon/Program_Projects/Control_Frame/install/chassis/share/colcon-core/packages/chassis)
[18.596s] DEBUG:colcon.colcon_parallel_executor.executor.parallel:closing loop
[18.596s] DEBUG:colcon.colcon_parallel_executor.executor.parallel:loop closed
[18.596s] DEBUG:colcon.colcon_parallel_executor.executor.parallel:run_until_complete finished with '0'
[18.596s] DEBUG:colcon.colcon_core.event_reactor:joining thread
[18.613s] INFO:colcon.colcon_core.plugin_system:Skipping extension 'colcon_notification.desktop_notification.terminal_notifier': Not used on non-Darwin systems
[18.613s] INFO:colcon.colcon_core.plugin_system:Skipping extension 'colcon_notification.desktop_notification.win32': Not used on non-Windows systems
[18.613s] INFO:colcon.colcon_notification.desktop_notification:Sending desktop notification using 'notify2'
[18.712s] DEBUG:colcon.colcon_core.event_reactor:joined thread
[18.713s] INFO:colcon.colcon_core.shell:Creating prefix script '/home/carbon/Program_Projects/Control_Frame/install/local_setup.ps1'
[18.716s] INFO:colcon.colcon_core.shell:Creating prefix util module '/home/carbon/Program_Projects/Control_Frame/install/_local_setup_util_ps1.py'
[18.720s] INFO:colcon.colcon_core.shell:Creating prefix chain script '/home/carbon/Program_Projects/Control_Frame/install/setup.ps1'
[18.721s] INFO:colcon.colcon_core.shell:Creating prefix script '/home/carbon/Program_Projects/Control_Frame/install/local_setup.sh'
[18.722s] INFO:colcon.colcon_core.shell:Creating prefix util module '/home/carbon/Program_Projects/Control_Frame/install/_local_setup_util_sh.py'
[18.727s] INFO:colcon.colcon_core.shell:Creating prefix chain script '/home/carbon/Program_Projects/Control_Frame/install/setup.sh'
[18.729s] INFO:colcon.colcon_core.shell:Creating prefix script '/home/carbon/Program_Projects/Control_Frame/install/local_setup.bash'
[18.730s] INFO:colcon.colcon_core.shell:Creating prefix chain script '/home/carbon/Program_Projects/Control_Frame/install/setup.bash'
[18.734s] INFO:colcon.colcon_core.shell:Creating prefix script '/home/carbon/Program_Projects/Control_Frame/install/local_setup.zsh'
[18.735s] INFO:colcon.colcon_core.shell:Creating prefix chain script '/home/carbon/Program_Projects/Control_Frame/install/setup.zsh'
