[0.618s] DEBUG:colcon:Command line arguments: ['/usr/bin/colcon', 'build']
[0.621s] DEBUG:colcon:Parsed command line arguments: Namespace(log_base=None, log_level=None, verb_name='build', build_base='build', install_base='install', merge_install=False, symlink_install=False, test_result_base=None, continue_on_error=False, executor='parallel', parallel_workers=2, event_handlers=None, ignore_user_meta=False, metas=['./colcon.meta'], base_paths=['.'], packages_ignore=None, packages_ignore_regex=None, paths=None, packages_up_to=None, packages_up_to_regex=None, packages_above=None, packages_above_and_dependencies=None, packages_above_depth=None, packages_select_by_dep=None, packages_skip_by_dep=None, packages_skip_up_to=None, packages_select_build_failed=False, packages_skip_build_finished=False, packages_select_test_failures=False, packages_skip_test_passed=False, packages_select=None, packages_skip=None, packages_select_regex=None, packages_skip_regex=None, packages_start=None, packages_end=None, allow_overriding=[], cmake_args=None, cmake_target=None, cmake_target_skip_unavailable=False, cmake_clean_cache=False, cmake_clean_first=False, cmake_force_configure=False, ament_cmake_args=None, catkin_cmake_args=None, catkin_skip_building_tests=False, verb_parser=<colcon_defaults.argument_parser.defaults.DefaultArgumentsDecorator object at 0x79117841fd30>, verb_extension=<colcon_core.verb.build.BuildVerb object at 0x79117841f760>, main=<bound method BuildVerb.main of <colcon_core.verb.build.BuildVerb object at 0x79117841f760>>)
[2.541s] Level 1:colcon.colcon_core.package_discovery:discover_packages(colcon_meta) check parameters
[2.542s] Level 1:colcon.colcon_core.package_discovery:discover_packages(recursive) check parameters
[2.543s] Level 1:colcon.colcon_core.package_discovery:discover_packages(ignore) check parameters
[2.543s] Level 1:colcon.colcon_core.package_discovery:discover_packages(path) check parameters
[2.543s] Level 1:colcon.colcon_core.package_discovery:discover_packages(colcon_meta) discover
[2.543s] Level 1:colcon.colcon_core.package_discovery:discover_packages(recursive) discover
[2.543s] INFO:colcon.colcon_core.package_discovery:Crawling recursively for packages in '/home/carbon/Program_Projects/Control_Frame'
[2.543s] Level 1:colcon.colcon_core.package_identification:_identify(.) by extensions ['ignore', 'ignore_ament_install']
[2.544s] Level 1:colcon.colcon_core.package_identification:_identify(.) by extension 'ignore'
[2.544s] Level 1:colcon.colcon_core.package_identification:_identify(.) by extension 'ignore_ament_install'
[2.545s] Level 1:colcon.colcon_core.package_identification:_identify(.) by extensions ['colcon_pkg']
[2.545s] Level 1:colcon.colcon_core.package_identification:_identify(.) by extension 'colcon_pkg'
[2.545s] Level 1:colcon.colcon_core.package_identification:_identify(.) by extensions ['colcon_meta']
[2.545s] Level 1:colcon.colcon_core.package_identification:_identify(.) by extension 'colcon_meta'
[2.545s] Level 1:colcon.colcon_core.package_identification:_identify(.) by extensions ['ros']
[2.545s] Level 1:colcon.colcon_core.package_identification:_identify(.) by extension 'ros'
[2.641s] Level 1:colcon.colcon_core.package_identification:_identify(.) by extensions ['cmake', 'python']
[2.642s] Level 1:colcon.colcon_core.package_identification:_identify(.) by extension 'cmake'
[2.642s] Level 1:colcon.colcon_core.package_identification:_identify(.) by extension 'python'
[2.642s] Level 1:colcon.colcon_core.package_identification:_identify(.) by extensions ['python_setup_py']
[2.642s] Level 1:colcon.colcon_core.package_identification:_identify(.) by extension 'python_setup_py'
[2.643s] Level 1:colcon.colcon_core.package_identification:_identify(build) by extensions ['ignore', 'ignore_ament_install']
[2.643s] Level 1:colcon.colcon_core.package_identification:_identify(build) by extension 'ignore'
[2.643s] Level 1:colcon.colcon_core.package_identification:_identify(build) ignored
[2.644s] Level 1:colcon.colcon_core.package_identification:_identify(install) by extensions ['ignore', 'ignore_ament_install']
[2.644s] Level 1:colcon.colcon_core.package_identification:_identify(install) by extension 'ignore'
[2.645s] Level 1:colcon.colcon_core.package_identification:_identify(install) ignored
[2.645s] Level 1:colcon.colcon_core.package_identification:_identify(log) by extensions ['ignore', 'ignore_ament_install']
[2.645s] Level 1:colcon.colcon_core.package_identification:_identify(log) by extension 'ignore'
[2.645s] Level 1:colcon.colcon_core.package_identification:_identify(log) ignored
[2.646s] Level 1:colcon.colcon_core.package_identification:_identify(src) by extensions ['ignore', 'ignore_ament_install']
[2.646s] Level 1:colcon.colcon_core.package_identification:_identify(src) by extension 'ignore'
[2.646s] Level 1:colcon.colcon_core.package_identification:_identify(src) by extension 'ignore_ament_install'
[2.646s] Level 1:colcon.colcon_core.package_identification:_identify(src) by extensions ['colcon_pkg']
[2.646s] Level 1:colcon.colcon_core.package_identification:_identify(src) by extension 'colcon_pkg'
[2.646s] Level 1:colcon.colcon_core.package_identification:_identify(src) by extensions ['colcon_meta']
[2.647s] Level 1:colcon.colcon_core.package_identification:_identify(src) by extension 'colcon_meta'
[2.648s] Level 1:colcon.colcon_core.package_identification:_identify(src) by extensions ['ros']
[2.648s] Level 1:colcon.colcon_core.package_identification:_identify(src) by extension 'ros'
[2.648s] Level 1:colcon.colcon_core.package_identification:_identify(src) by extensions ['cmake', 'python']
[2.648s] Level 1:colcon.colcon_core.package_identification:_identify(src) by extension 'cmake'
[2.648s] Level 1:colcon.colcon_core.package_identification:_identify(src) by extension 'python'
[2.649s] Level 1:colcon.colcon_core.package_identification:_identify(src) by extensions ['python_setup_py']
[2.649s] Level 1:colcon.colcon_core.package_identification:_identify(src) by extension 'python_setup_py'
[2.649s] Level 1:colcon.colcon_core.package_identification:_identify(src/chassis) by extensions ['ignore', 'ignore_ament_install']
[2.649s] Level 1:colcon.colcon_core.package_identification:_identify(src/chassis) by extension 'ignore'
[2.649s] Level 1:colcon.colcon_core.package_identification:_identify(src/chassis) by extension 'ignore_ament_install'
[2.649s] Level 1:colcon.colcon_core.package_identification:_identify(src/chassis) by extensions ['colcon_pkg']
[2.650s] Level 1:colcon.colcon_core.package_identification:_identify(src/chassis) by extension 'colcon_pkg'
[2.651s] Level 1:colcon.colcon_core.package_identification:_identify(src/chassis) by extensions ['colcon_meta']
[2.651s] Level 1:colcon.colcon_core.package_identification:_identify(src/chassis) by extension 'colcon_meta'
[2.651s] Level 1:colcon.colcon_core.package_identification:_identify(src/chassis) by extensions ['ros']
[2.651s] Level 1:colcon.colcon_core.package_identification:_identify(src/chassis) by extension 'ros'
[2.661s] DEBUG:colcon.colcon_core.package_identification:Package 'src/chassis' with type 'ros.ament_cmake' and name 'chassis'
[2.661s] Level 1:colcon.colcon_core.package_identification:_identify(src/pkg_communication) by extensions ['ignore', 'ignore_ament_install']
[2.661s] Level 1:colcon.colcon_core.package_identification:_identify(src/pkg_communication) by extension 'ignore'
[2.662s] Level 1:colcon.colcon_core.package_identification:_identify(src/pkg_communication) by extension 'ignore_ament_install'
[2.662s] Level 1:colcon.colcon_core.package_identification:_identify(src/pkg_communication) by extensions ['colcon_pkg']
[2.662s] Level 1:colcon.colcon_core.package_identification:_identify(src/pkg_communication) by extension 'colcon_pkg'
[2.662s] Level 1:colcon.colcon_core.package_identification:_identify(src/pkg_communication) by extensions ['colcon_meta']
[2.662s] Level 1:colcon.colcon_core.package_identification:_identify(src/pkg_communication) by extension 'colcon_meta'
[2.662s] Level 1:colcon.colcon_core.package_identification:_identify(src/pkg_communication) by extensions ['ros']
[2.662s] Level 1:colcon.colcon_core.package_identification:_identify(src/pkg_communication) by extension 'ros'
[2.664s] DEBUG:colcon.colcon_core.package_identification:Package 'src/pkg_communication' with type 'ros.ament_cmake' and name 'pkg_communication'
[2.665s] Level 1:colcon.colcon_core.package_discovery:discover_packages(recursive) using defaults
[2.665s] Level 1:colcon.colcon_core.package_discovery:discover_packages(ignore) discover
[2.666s] Level 1:colcon.colcon_core.package_discovery:discover_packages(ignore) using defaults
[2.666s] Level 1:colcon.colcon_core.package_discovery:discover_packages(path) discover
[2.667s] Level 1:colcon.colcon_core.package_discovery:discover_packages(path) using defaults
[2.783s] Level 1:colcon.colcon_core.package_discovery:discover_packages(prefix_path) check parameters
[2.783s] Level 1:colcon.colcon_core.package_discovery:discover_packages(prefix_path) discover
[2.813s] DEBUG:colcon.colcon_installed_package_information.package_discovery:Found 315 installed packages in /opt/ros/humble
[2.831s] Level 1:colcon.colcon_core.package_discovery:discover_packages(prefix_path) using defaults
[2.986s] Level 5:colcon.colcon_core.verb:set package 'pkg_communication' build argument 'cmake_args' from command line to 'None'
[2.986s] Level 5:colcon.colcon_core.verb:set package 'pkg_communication' build argument 'cmake_target' from command line to 'None'
[2.987s] Level 5:colcon.colcon_core.verb:set package 'pkg_communication' build argument 'cmake_target_skip_unavailable' from command line to 'False'
[2.987s] Level 5:colcon.colcon_core.verb:set package 'pkg_communication' build argument 'cmake_clean_cache' from command line to 'False'
[2.987s] Level 5:colcon.colcon_core.verb:set package 'pkg_communication' build argument 'cmake_clean_first' from command line to 'False'
[2.987s] Level 5:colcon.colcon_core.verb:set package 'pkg_communication' build argument 'cmake_force_configure' from command line to 'False'
[2.987s] Level 5:colcon.colcon_core.verb:set package 'pkg_communication' build argument 'ament_cmake_args' from command line to 'None'
[2.987s] Level 5:colcon.colcon_core.verb:set package 'pkg_communication' build argument 'catkin_cmake_args' from command line to 'None'
[2.987s] Level 5:colcon.colcon_core.verb:set package 'pkg_communication' build argument 'catkin_skip_building_tests' from command line to 'False'
[2.987s] DEBUG:colcon.colcon_core.verb:Building package 'pkg_communication' with the following arguments: {'ament_cmake_args': None, 'build_base': '/home/carbon/Program_Projects/Control_Frame/build/pkg_communication', 'catkin_cmake_args': None, 'catkin_skip_building_tests': False, 'cmake_args': None, 'cmake_clean_cache': False, 'cmake_clean_first': False, 'cmake_force_configure': False, 'cmake_target': None, 'cmake_target_skip_unavailable': False, 'install_base': '/home/carbon/Program_Projects/Control_Frame/install/pkg_communication', 'merge_install': False, 'path': '/home/carbon/Program_Projects/Control_Frame/src/pkg_communication', 'symlink_install': False, 'test_result_base': None}
[2.988s] Level 5:colcon.colcon_core.verb:set package 'chassis' build argument 'cmake_args' from command line to 'None'
[2.989s] Level 5:colcon.colcon_core.verb:set package 'chassis' build argument 'cmake_target' from command line to 'None'
[2.989s] Level 5:colcon.colcon_core.verb:set package 'chassis' build argument 'cmake_target_skip_unavailable' from command line to 'False'
[2.989s] Level 5:colcon.colcon_core.verb:set package 'chassis' build argument 'cmake_clean_cache' from command line to 'False'
[2.989s] Level 5:colcon.colcon_core.verb:set package 'chassis' build argument 'cmake_clean_first' from command line to 'False'
[2.989s] Level 5:colcon.colcon_core.verb:set package 'chassis' build argument 'cmake_force_configure' from command line to 'False'
[2.989s] Level 5:colcon.colcon_core.verb:set package 'chassis' build argument 'ament_cmake_args' from command line to 'None'
[2.989s] Level 5:colcon.colcon_core.verb:set package 'chassis' build argument 'catkin_cmake_args' from command line to 'None'
[2.989s] Level 5:colcon.colcon_core.verb:set package 'chassis' build argument 'catkin_skip_building_tests' from command line to 'False'
[2.989s] DEBUG:colcon.colcon_core.verb:Building package 'chassis' with the following arguments: {'ament_cmake_args': None, 'build_base': '/home/carbon/Program_Projects/Control_Frame/build/chassis', 'catkin_cmake_args': None, 'catkin_skip_building_tests': False, 'cmake_args': None, 'cmake_clean_cache': False, 'cmake_clean_first': False, 'cmake_force_configure': False, 'cmake_target': None, 'cmake_target_skip_unavailable': False, 'install_base': '/home/carbon/Program_Projects/Control_Frame/install/chassis', 'merge_install': False, 'path': '/home/carbon/Program_Projects/Control_Frame/src/chassis', 'symlink_install': False, 'test_result_base': None}
[2.990s] INFO:colcon.colcon_core.executor:Executing jobs using 'parallel' executor
[2.993s] DEBUG:colcon.colcon_parallel_executor.executor.parallel:run_until_complete
[2.994s] INFO:colcon.colcon_ros.task.ament_cmake.build:Building ROS package in '/home/carbon/Program_Projects/Control_Frame/src/pkg_communication' with build type 'ament_cmake'
[2.995s] INFO:colcon.colcon_cmake.task.cmake.build:Building CMake package in '/home/carbon/Program_Projects/Control_Frame/src/pkg_communication'
[3.034s] INFO:colcon.colcon_core.plugin_system:Skipping extension 'colcon_core.shell.bat': Not used on non-Windows systems
[3.035s] INFO:colcon.colcon_core.shell:Skip shell extension 'powershell' for command environment: Not usable outside of PowerShell
[3.035s] DEBUG:colcon.colcon_core.shell:Skip shell extension 'dsv' for command environment
[3.134s] DEBUG:colcon.colcon_core.event_handler.log_command:Invoking command in '/home/carbon/Program_Projects/Control_Frame/build/pkg_communication': CMAKE_PREFIX_PATH=/opt/ros/humble /usr/bin/cmake --build /home/carbon/Program_Projects/Control_Frame/build/pkg_communication -- -j2 -l2
[3.889s] DEBUG:colcon.colcon_core.event_handler.log_command:Invoked command in '/home/carbon/Program_Projects/Control_Frame/build/pkg_communication' returned '0': CMAKE_PREFIX_PATH=/opt/ros/humble /usr/bin/cmake --build /home/carbon/Program_Projects/Control_Frame/build/pkg_communication -- -j2 -l2
[3.958s] DEBUG:colcon.colcon_core.event_handler.log_command:Invoking command in '/home/carbon/Program_Projects/Control_Frame/build/pkg_communication': CMAKE_PREFIX_PATH=/opt/ros/humble /usr/bin/cmake --install /home/carbon/Program_Projects/Control_Frame/build/pkg_communication
[4.183s] Level 1:colcon.colcon_core.environment:create_environment_scripts_only(pkg_communication)
[4.187s] DEBUG:colcon.colcon_core.event_handler.log_command:Invoked command in '/home/carbon/Program_Projects/Control_Frame/build/pkg_communication' returned '0': CMAKE_PREFIX_PATH=/opt/ros/humble /usr/bin/cmake --install /home/carbon/Program_Projects/Control_Frame/build/pkg_communication
[4.214s] Level 1:colcon.colcon_core.environment:checking '/home/carbon/Program_Projects/Control_Frame/install/pkg_communication' for CMake module files
[4.216s] Level 1:colcon.colcon_core.environment:checking '/home/carbon/Program_Projects/Control_Frame/install/pkg_communication' for CMake config files
[4.219s] Level 1:colcon.colcon_core.shell:create_environment_hook('pkg_communication', 'cmake_prefix_path')
[4.219s] INFO:colcon.colcon_core.shell:Creating environment hook '/home/carbon/Program_Projects/Control_Frame/install/pkg_communication/share/pkg_communication/hook/cmake_prefix_path.ps1'
[4.227s] INFO:colcon.colcon_core.shell:Creating environment descriptor '/home/carbon/Program_Projects/Control_Frame/install/pkg_communication/share/pkg_communication/hook/cmake_prefix_path.dsv'
[4.229s] INFO:colcon.colcon_core.shell:Creating environment hook '/home/carbon/Program_Projects/Control_Frame/install/pkg_communication/share/pkg_communication/hook/cmake_prefix_path.sh'
[4.238s] Level 1:colcon.colcon_core.environment:checking '/home/carbon/Program_Projects/Control_Frame/install/pkg_communication/lib'
[4.238s] Level 1:colcon.colcon_core.shell:create_environment_hook('pkg_communication', 'ld_library_path_lib')
[4.239s] INFO:colcon.colcon_core.shell:Creating environment hook '/home/carbon/Program_Projects/Control_Frame/install/pkg_communication/share/pkg_communication/hook/ld_library_path_lib.ps1'
[4.240s] INFO:colcon.colcon_core.shell:Creating environment descriptor '/home/carbon/Program_Projects/Control_Frame/install/pkg_communication/share/pkg_communication/hook/ld_library_path_lib.dsv'
[4.241s] INFO:colcon.colcon_core.shell:Creating environment hook '/home/carbon/Program_Projects/Control_Frame/install/pkg_communication/share/pkg_communication/hook/ld_library_path_lib.sh'
[4.244s] Level 1:colcon.colcon_core.environment:checking '/home/carbon/Program_Projects/Control_Frame/install/pkg_communication/bin'
[4.245s] Level 1:colcon.colcon_core.environment:checking '/home/carbon/Program_Projects/Control_Frame/install/pkg_communication/lib/pkgconfig/pkg_communication.pc'
[4.245s] Level 1:colcon.colcon_core.environment:checking '/home/carbon/Program_Projects/Control_Frame/install/pkg_communication/lib/python3.10/site-packages'
[4.246s] Level 1:colcon.colcon_core.environment:checking '/home/carbon/Program_Projects/Control_Frame/install/pkg_communication/bin'
[4.246s] INFO:colcon.colcon_core.shell:Creating package script '/home/carbon/Program_Projects/Control_Frame/install/pkg_communication/share/pkg_communication/package.ps1'
[4.251s] INFO:colcon.colcon_core.shell:Creating package descriptor '/home/carbon/Program_Projects/Control_Frame/install/pkg_communication/share/pkg_communication/package.dsv'
[4.253s] INFO:colcon.colcon_core.shell:Creating package script '/home/carbon/Program_Projects/Control_Frame/install/pkg_communication/share/pkg_communication/package.sh'
[4.255s] INFO:colcon.colcon_core.shell:Creating package script '/home/carbon/Program_Projects/Control_Frame/install/pkg_communication/share/pkg_communication/package.bash'
[4.261s] INFO:colcon.colcon_core.shell:Creating package script '/home/carbon/Program_Projects/Control_Frame/install/pkg_communication/share/pkg_communication/package.zsh'
[4.266s] Level 1:colcon.colcon_core.environment:create_file_with_runtime_dependencies(/home/carbon/Program_Projects/Control_Frame/install/pkg_communication/share/colcon-core/packages/pkg_communication)
[4.268s] Level 1:colcon.colcon_core.environment:create_environment_scripts_only(pkg_communication)
[4.269s] Level 1:colcon.colcon_core.environment:checking '/home/carbon/Program_Projects/Control_Frame/install/pkg_communication' for CMake module files
[4.271s] Level 1:colcon.colcon_core.environment:checking '/home/carbon/Program_Projects/Control_Frame/install/pkg_communication' for CMake config files
[4.272s] Level 1:colcon.colcon_core.shell:create_environment_hook('pkg_communication', 'cmake_prefix_path')
[4.272s] INFO:colcon.colcon_core.shell:Creating environment hook '/home/carbon/Program_Projects/Control_Frame/install/pkg_communication/share/pkg_communication/hook/cmake_prefix_path.ps1'
[4.273s] INFO:colcon.colcon_core.shell:Creating environment descriptor '/home/carbon/Program_Projects/Control_Frame/install/pkg_communication/share/pkg_communication/hook/cmake_prefix_path.dsv'
[4.274s] INFO:colcon.colcon_core.shell:Creating environment hook '/home/carbon/Program_Projects/Control_Frame/install/pkg_communication/share/pkg_communication/hook/cmake_prefix_path.sh'
[4.276s] Level 1:colcon.colcon_core.environment:checking '/home/carbon/Program_Projects/Control_Frame/install/pkg_communication/lib'
[4.276s] Level 1:colcon.colcon_core.shell:create_environment_hook('pkg_communication', 'ld_library_path_lib')
[4.277s] INFO:colcon.colcon_core.shell:Creating environment hook '/home/carbon/Program_Projects/Control_Frame/install/pkg_communication/share/pkg_communication/hook/ld_library_path_lib.ps1'
[4.278s] INFO:colcon.colcon_core.shell:Creating environment descriptor '/home/carbon/Program_Projects/Control_Frame/install/pkg_communication/share/pkg_communication/hook/ld_library_path_lib.dsv'
[4.279s] INFO:colcon.colcon_core.shell:Creating environment hook '/home/carbon/Program_Projects/Control_Frame/install/pkg_communication/share/pkg_communication/hook/ld_library_path_lib.sh'
[4.280s] Level 1:colcon.colcon_core.environment:checking '/home/carbon/Program_Projects/Control_Frame/install/pkg_communication/bin'
[4.281s] Level 1:colcon.colcon_core.environment:checking '/home/carbon/Program_Projects/Control_Frame/install/pkg_communication/lib/pkgconfig/pkg_communication.pc'
[4.281s] Level 1:colcon.colcon_core.environment:checking '/home/carbon/Program_Projects/Control_Frame/install/pkg_communication/lib/python3.10/site-packages'
[4.282s] Level 1:colcon.colcon_core.environment:checking '/home/carbon/Program_Projects/Control_Frame/install/pkg_communication/bin'
[4.282s] INFO:colcon.colcon_core.shell:Creating package script '/home/carbon/Program_Projects/Control_Frame/install/pkg_communication/share/pkg_communication/package.ps1'
[4.283s] INFO:colcon.colcon_core.shell:Creating package descriptor '/home/carbon/Program_Projects/Control_Frame/install/pkg_communication/share/pkg_communication/package.dsv'
[4.285s] INFO:colcon.colcon_core.shell:Creating package script '/home/carbon/Program_Projects/Control_Frame/install/pkg_communication/share/pkg_communication/package.sh'
[4.286s] INFO:colcon.colcon_core.shell:Creating package script '/home/carbon/Program_Projects/Control_Frame/install/pkg_communication/share/pkg_communication/package.bash'
[4.287s] INFO:colcon.colcon_core.shell:Creating package script '/home/carbon/Program_Projects/Control_Frame/install/pkg_communication/share/pkg_communication/package.zsh'
[4.289s] Level 1:colcon.colcon_core.environment:create_file_with_runtime_dependencies(/home/carbon/Program_Projects/Control_Frame/install/pkg_communication/share/colcon-core/packages/pkg_communication)
[4.290s] INFO:colcon.colcon_ros.task.ament_cmake.build:Building ROS package in '/home/carbon/Program_Projects/Control_Frame/src/chassis' with build type 'ament_cmake'
[4.290s] INFO:colcon.colcon_cmake.task.cmake.build:Building CMake package in '/home/carbon/Program_Projects/Control_Frame/src/chassis'
[4.292s] INFO:colcon.colcon_core.shell:Skip shell extension 'powershell' for command environment: Not usable outside of PowerShell
[4.292s] DEBUG:colcon.colcon_core.shell:Skip shell extension 'dsv' for command environment
[4.400s] DEBUG:colcon.colcon_core.event_handler.log_command:Invoking command in '/home/carbon/Program_Projects/Control_Frame/build/chassis': AMENT_PREFIX_PATH=/home/carbon/Program_Projects/Control_Frame/install/pkg_communication:${AMENT_PREFIX_PATH} CMAKE_PREFIX_PATH=/home/carbon/Program_Projects/Control_Frame/install/pkg_communication:/opt/ros/humble LD_LIBRARY_PATH=/home/carbon/Program_Projects/Control_Frame/install/pkg_communication/lib:${LD_LIBRARY_PATH} /usr/bin/cmake --build /home/carbon/Program_Projects/Control_Frame/build/chassis -- -j2 -l2
[5.136s] DEBUG:colcon.colcon_core.event_handler.log_command:Invoked command in '/home/carbon/Program_Projects/Control_Frame/build/chassis' returned '0': AMENT_PREFIX_PATH=/home/carbon/Program_Projects/Control_Frame/install/pkg_communication:${AMENT_PREFIX_PATH} CMAKE_PREFIX_PATH=/home/carbon/Program_Projects/Control_Frame/install/pkg_communication:/opt/ros/humble LD_LIBRARY_PATH=/home/carbon/Program_Projects/Control_Frame/install/pkg_communication/lib:${LD_LIBRARY_PATH} /usr/bin/cmake --build /home/carbon/Program_Projects/Control_Frame/build/chassis -- -j2 -l2
[5.140s] DEBUG:colcon.colcon_core.event_handler.log_command:Invoking command in '/home/carbon/Program_Projects/Control_Frame/build/chassis': AMENT_PREFIX_PATH=/home/carbon/Program_Projects/Control_Frame/install/pkg_communication:${AMENT_PREFIX_PATH} CMAKE_PREFIX_PATH=/home/carbon/Program_Projects/Control_Frame/install/pkg_communication:/opt/ros/humble LD_LIBRARY_PATH=/home/carbon/Program_Projects/Control_Frame/install/pkg_communication/lib:${LD_LIBRARY_PATH} /usr/bin/cmake --install /home/carbon/Program_Projects/Control_Frame/build/chassis
[5.257s] Level 1:colcon.colcon_core.environment:create_environment_scripts_only(chassis)
[5.258s] Level 1:colcon.colcon_core.environment:checking '/home/carbon/Program_Projects/Control_Frame/install/chassis' for CMake module files
[5.261s] Level 1:colcon.colcon_core.environment:checking '/home/carbon/Program_Projects/Control_Frame/install/chassis' for CMake config files
[5.262s] DEBUG:colcon.colcon_core.event_handler.log_command:Invoked command in '/home/carbon/Program_Projects/Control_Frame/build/chassis' returned '0': AMENT_PREFIX_PATH=/home/carbon/Program_Projects/Control_Frame/install/pkg_communication:${AMENT_PREFIX_PATH} CMAKE_PREFIX_PATH=/home/carbon/Program_Projects/Control_Frame/install/pkg_communication:/opt/ros/humble LD_LIBRARY_PATH=/home/carbon/Program_Projects/Control_Frame/install/pkg_communication/lib:${LD_LIBRARY_PATH} /usr/bin/cmake --install /home/carbon/Program_Projects/Control_Frame/build/chassis
[5.264s] Level 1:colcon.colcon_core.shell:create_environment_hook('chassis', 'cmake_prefix_path')
[5.265s] INFO:colcon.colcon_core.shell:Creating environment hook '/home/carbon/Program_Projects/Control_Frame/install/chassis/share/chassis/hook/cmake_prefix_path.ps1'
[5.268s] INFO:colcon.colcon_core.shell:Creating environment descriptor '/home/carbon/Program_Projects/Control_Frame/install/chassis/share/chassis/hook/cmake_prefix_path.dsv'
[5.270s] INFO:colcon.colcon_core.shell:Creating environment hook '/home/carbon/Program_Projects/Control_Frame/install/chassis/share/chassis/hook/cmake_prefix_path.sh'
[5.272s] Level 1:colcon.colcon_core.environment:checking '/home/carbon/Program_Projects/Control_Frame/install/chassis/lib'
[5.273s] Level 1:colcon.colcon_core.shell:create_environment_hook('chassis', 'ld_library_path_lib')
[5.273s] INFO:colcon.colcon_core.shell:Creating environment hook '/home/carbon/Program_Projects/Control_Frame/install/chassis/share/chassis/hook/ld_library_path_lib.ps1'
[5.277s] INFO:colcon.colcon_core.shell:Creating environment descriptor '/home/carbon/Program_Projects/Control_Frame/install/chassis/share/chassis/hook/ld_library_path_lib.dsv'
[5.279s] INFO:colcon.colcon_core.shell:Creating environment hook '/home/carbon/Program_Projects/Control_Frame/install/chassis/share/chassis/hook/ld_library_path_lib.sh'
[5.284s] Level 1:colcon.colcon_core.environment:checking '/home/carbon/Program_Projects/Control_Frame/install/chassis/bin'
[5.286s] Level 1:colcon.colcon_core.environment:checking '/home/carbon/Program_Projects/Control_Frame/install/chassis/lib/pkgconfig/chassis.pc'
[5.287s] Level 1:colcon.colcon_core.environment:checking '/home/carbon/Program_Projects/Control_Frame/install/chassis/lib/python3.10/site-packages'
[5.288s] Level 1:colcon.colcon_core.environment:checking '/home/carbon/Program_Projects/Control_Frame/install/chassis/bin'
[5.288s] INFO:colcon.colcon_core.shell:Creating package script '/home/carbon/Program_Projects/Control_Frame/install/chassis/share/chassis/package.ps1'
[5.291s] INFO:colcon.colcon_core.shell:Creating package descriptor '/home/carbon/Program_Projects/Control_Frame/install/chassis/share/chassis/package.dsv'
[5.294s] INFO:colcon.colcon_core.shell:Creating package script '/home/carbon/Program_Projects/Control_Frame/install/chassis/share/chassis/package.sh'
[5.297s] INFO:colcon.colcon_core.shell:Creating package script '/home/carbon/Program_Projects/Control_Frame/install/chassis/share/chassis/package.bash'
[5.304s] INFO:colcon.colcon_core.shell:Creating package script '/home/carbon/Program_Projects/Control_Frame/install/chassis/share/chassis/package.zsh'
[5.307s] Level 1:colcon.colcon_core.environment:create_file_with_runtime_dependencies(/home/carbon/Program_Projects/Control_Frame/install/chassis/share/colcon-core/packages/chassis)
[5.311s] Level 1:colcon.colcon_core.environment:create_environment_scripts_only(chassis)
[5.312s] Level 1:colcon.colcon_core.environment:checking '/home/carbon/Program_Projects/Control_Frame/install/chassis' for CMake module files
[5.316s] Level 1:colcon.colcon_core.environment:checking '/home/carbon/Program_Projects/Control_Frame/install/chassis' for CMake config files
[5.319s] Level 1:colcon.colcon_core.shell:create_environment_hook('chassis', 'cmake_prefix_path')
[5.320s] INFO:colcon.colcon_core.shell:Creating environment hook '/home/carbon/Program_Projects/Control_Frame/install/chassis/share/chassis/hook/cmake_prefix_path.ps1'
[5.322s] INFO:colcon.colcon_core.shell:Creating environment descriptor '/home/carbon/Program_Projects/Control_Frame/install/chassis/share/chassis/hook/cmake_prefix_path.dsv'
[5.323s] INFO:colcon.colcon_core.shell:Creating environment hook '/home/carbon/Program_Projects/Control_Frame/install/chassis/share/chassis/hook/cmake_prefix_path.sh'
[5.326s] Level 1:colcon.colcon_core.environment:checking '/home/carbon/Program_Projects/Control_Frame/install/chassis/lib'
[5.327s] Level 1:colcon.colcon_core.shell:create_environment_hook('chassis', 'ld_library_path_lib')
[5.327s] INFO:colcon.colcon_core.shell:Creating environment hook '/home/carbon/Program_Projects/Control_Frame/install/chassis/share/chassis/hook/ld_library_path_lib.ps1'
[5.329s] INFO:colcon.colcon_core.shell:Creating environment descriptor '/home/carbon/Program_Projects/Control_Frame/install/chassis/share/chassis/hook/ld_library_path_lib.dsv'
[5.331s] INFO:colcon.colcon_core.shell:Creating environment hook '/home/carbon/Program_Projects/Control_Frame/install/chassis/share/chassis/hook/ld_library_path_lib.sh'
[5.332s] Level 1:colcon.colcon_core.environment:checking '/home/carbon/Program_Projects/Control_Frame/install/chassis/bin'
[5.333s] Level 1:colcon.colcon_core.environment:checking '/home/carbon/Program_Projects/Control_Frame/install/chassis/lib/pkgconfig/chassis.pc'
[5.333s] Level 1:colcon.colcon_core.environment:checking '/home/carbon/Program_Projects/Control_Frame/install/chassis/lib/python3.10/site-packages'
[5.334s] Level 1:colcon.colcon_core.environment:checking '/home/carbon/Program_Projects/Control_Frame/install/chassis/bin'
[5.334s] INFO:colcon.colcon_core.shell:Creating package script '/home/carbon/Program_Projects/Control_Frame/install/chassis/share/chassis/package.ps1'
[5.336s] INFO:colcon.colcon_core.shell:Creating package descriptor '/home/carbon/Program_Projects/Control_Frame/install/chassis/share/chassis/package.dsv'
[5.338s] INFO:colcon.colcon_core.shell:Creating package script '/home/carbon/Program_Projects/Control_Frame/install/chassis/share/chassis/package.sh'
[5.342s] INFO:colcon.colcon_core.shell:Creating package script '/home/carbon/Program_Projects/Control_Frame/install/chassis/share/chassis/package.bash'
[5.343s] INFO:colcon.colcon_core.shell:Creating package script '/home/carbon/Program_Projects/Control_Frame/install/chassis/share/chassis/package.zsh'
[5.345s] Level 1:colcon.colcon_core.environment:create_file_with_runtime_dependencies(/home/carbon/Program_Projects/Control_Frame/install/chassis/share/colcon-core/packages/chassis)
[5.349s] DEBUG:colcon.colcon_parallel_executor.executor.parallel:closing loop
[5.350s] DEBUG:colcon.colcon_parallel_executor.executor.parallel:loop closed
[5.350s] DEBUG:colcon.colcon_parallel_executor.executor.parallel:run_until_complete finished with '0'
[5.350s] DEBUG:colcon.colcon_core.event_reactor:joining thread
[5.392s] INFO:colcon.colcon_core.plugin_system:Skipping extension 'colcon_notification.desktop_notification.terminal_notifier': Not used on non-Darwin systems
[5.393s] INFO:colcon.colcon_core.plugin_system:Skipping extension 'colcon_notification.desktop_notification.win32': Not used on non-Windows systems
[5.393s] INFO:colcon.colcon_notification.desktop_notification:Sending desktop notification using 'notify2'
[5.773s] DEBUG:colcon.colcon_core.event_reactor:joined thread
[5.773s] INFO:colcon.colcon_core.shell:Creating prefix script '/home/carbon/Program_Projects/Control_Frame/install/local_setup.ps1'
[5.791s] INFO:colcon.colcon_core.shell:Creating prefix util module '/home/carbon/Program_Projects/Control_Frame/install/_local_setup_util_ps1.py'
[5.796s] INFO:colcon.colcon_core.shell:Creating prefix chain script '/home/carbon/Program_Projects/Control_Frame/install/setup.ps1'
[5.803s] INFO:colcon.colcon_core.shell:Creating prefix script '/home/carbon/Program_Projects/Control_Frame/install/local_setup.sh'
[5.815s] INFO:colcon.colcon_core.shell:Creating prefix util module '/home/carbon/Program_Projects/Control_Frame/install/_local_setup_util_sh.py'
[5.816s] INFO:colcon.colcon_core.shell:Creating prefix chain script '/home/carbon/Program_Projects/Control_Frame/install/setup.sh'
[5.822s] INFO:colcon.colcon_core.shell:Creating prefix script '/home/carbon/Program_Projects/Control_Frame/install/local_setup.bash'
[5.831s] INFO:colcon.colcon_core.shell:Creating prefix chain script '/home/carbon/Program_Projects/Control_Frame/install/setup.bash'
[5.838s] INFO:colcon.colcon_core.shell:Creating prefix script '/home/carbon/Program_Projects/Control_Frame/install/local_setup.zsh'
[5.846s] INFO:colcon.colcon_core.shell:Creating prefix chain script '/home/carbon/Program_Projects/Control_Frame/install/setup.zsh'
