[0.332s] DEBUG:colcon:Command line arguments: ['/usr/bin/colcon', 'build', '--packages-select', 'chassis']
[0.332s] DEBUG:colcon:Parsed command line arguments: Namespace(log_base=None, log_level=None, verb_name='build', build_base='build', install_base='install', merge_install=False, symlink_install=False, test_result_base=None, continue_on_error=False, executor='parallel', parallel_workers=2, event_handlers=None, ignore_user_meta=False, metas=['./colcon.meta'], base_paths=['.'], packages_ignore=None, packages_ignore_regex=None, paths=None, packages_up_to=None, packages_up_to_regex=None, packages_above=None, packages_above_and_dependencies=None, packages_above_depth=None, packages_select_by_dep=None, packages_skip_by_dep=None, packages_skip_up_to=None, packages_select_build_failed=False, packages_skip_build_finished=False, packages_select_test_failures=False, packages_skip_test_passed=False, packages_select=['chassis'], packages_skip=None, packages_select_regex=None, packages_skip_regex=None, packages_start=None, packages_end=None, allow_overriding=[], cmake_args=None, cmake_target=None, cmake_target_skip_unavailable=False, cmake_clean_cache=False, cmake_clean_first=False, cmake_force_configure=False, ament_cmake_args=None, catkin_cmake_args=None, catkin_skip_building_tests=False, verb_parser=<colcon_defaults.argument_parser.defaults.DefaultArgumentsDecorator object at 0x746569437d60>, verb_extension=<colcon_core.verb.build.BuildVerb object at 0x746569437790>, main=<bound method BuildVerb.main of <colcon_core.verb.build.BuildVerb object at 0x746569437790>>)
[1.011s] Level 1:colcon.colcon_core.package_discovery:discover_packages(colcon_meta) check parameters
[1.012s] Level 1:colcon.colcon_core.package_discovery:discover_packages(recursive) check parameters
[1.012s] Level 1:colcon.colcon_core.package_discovery:discover_packages(ignore) check parameters
[1.012s] Level 1:colcon.colcon_core.package_discovery:discover_packages(path) check parameters
[1.013s] Level 1:colcon.colcon_core.package_discovery:discover_packages(colcon_meta) discover
[1.013s] Level 1:colcon.colcon_core.package_discovery:discover_packages(recursive) discover
[1.017s] INFO:colcon.colcon_core.package_discovery:Crawling recursively for packages in '/home/carbon/Program_Projects/Control_Frame/src'
[1.018s] Level 1:colcon.colcon_core.package_identification:_identify(.) by extensions ['ignore', 'ignore_ament_install']
[1.018s] Level 1:colcon.colcon_core.package_identification:_identify(.) by extension 'ignore'
[1.018s] Level 1:colcon.colcon_core.package_identification:_identify(.) by extension 'ignore_ament_install'
[1.018s] Level 1:colcon.colcon_core.package_identification:_identify(.) by extensions ['colcon_pkg']
[1.019s] Level 1:colcon.colcon_core.package_identification:_identify(.) by extension 'colcon_pkg'
[1.019s] Level 1:colcon.colcon_core.package_identification:_identify(.) by extensions ['colcon_meta']
[1.019s] Level 1:colcon.colcon_core.package_identification:_identify(.) by extension 'colcon_meta'
[1.019s] Level 1:colcon.colcon_core.package_identification:_identify(.) by extensions ['ros']
[1.019s] Level 1:colcon.colcon_core.package_identification:_identify(.) by extension 'ros'
[1.094s] Level 1:colcon.colcon_core.package_identification:_identify(.) by extensions ['cmake', 'python']
[1.094s] Level 1:colcon.colcon_core.package_identification:_identify(.) by extension 'cmake'
[1.095s] Level 1:colcon.colcon_core.package_identification:_identify(.) by extension 'python'
[1.095s] Level 1:colcon.colcon_core.package_identification:_identify(.) by extensions ['python_setup_py']
[1.095s] Level 1:colcon.colcon_core.package_identification:_identify(.) by extension 'python_setup_py'
[1.095s] Level 1:colcon.colcon_core.package_identification:_identify(build) by extensions ['ignore', 'ignore_ament_install']
[1.098s] Level 1:colcon.colcon_core.package_identification:_identify(build) by extension 'ignore'
[1.098s] Level 1:colcon.colcon_core.package_identification:_identify(build) ignored
[1.098s] Level 1:colcon.colcon_core.package_identification:_identify(chassis) by extensions ['ignore', 'ignore_ament_install']
[1.098s] Level 1:colcon.colcon_core.package_identification:_identify(chassis) by extension 'ignore'
[1.098s] Level 1:colcon.colcon_core.package_identification:_identify(chassis) by extension 'ignore_ament_install'
[1.099s] Level 1:colcon.colcon_core.package_identification:_identify(chassis) by extensions ['colcon_pkg']
[1.099s] Level 1:colcon.colcon_core.package_identification:_identify(chassis) by extension 'colcon_pkg'
[1.099s] Level 1:colcon.colcon_core.package_identification:_identify(chassis) by extensions ['colcon_meta']
[1.099s] Level 1:colcon.colcon_core.package_identification:_identify(chassis) by extension 'colcon_meta'
[1.099s] Level 1:colcon.colcon_core.package_identification:_identify(chassis) by extensions ['ros']
[1.099s] Level 1:colcon.colcon_core.package_identification:_identify(chassis) by extension 'ros'
[1.115s] DEBUG:colcon.colcon_core.package_identification:Package 'chassis' with type 'ros.ament_cmake' and name 'chassis'
[1.116s] Level 1:colcon.colcon_core.package_identification:_identify(install) by extensions ['ignore', 'ignore_ament_install']
[1.116s] Level 1:colcon.colcon_core.package_identification:_identify(install) by extension 'ignore'
[1.116s] Level 1:colcon.colcon_core.package_identification:_identify(install) ignored
[1.117s] Level 1:colcon.colcon_core.package_identification:_identify(log) by extensions ['ignore', 'ignore_ament_install']
[1.117s] Level 1:colcon.colcon_core.package_identification:_identify(log) by extension 'ignore'
[1.117s] Level 1:colcon.colcon_core.package_identification:_identify(log) ignored
[1.117s] Level 1:colcon.colcon_core.package_identification:_identify(shared_package) by extensions ['ignore', 'ignore_ament_install']
[1.119s] Level 1:colcon.colcon_core.package_identification:_identify(shared_package) by extension 'ignore'
[1.119s] Level 1:colcon.colcon_core.package_identification:_identify(shared_package) by extension 'ignore_ament_install'
[1.119s] Level 1:colcon.colcon_core.package_identification:_identify(shared_package) by extensions ['colcon_pkg']
[1.119s] Level 1:colcon.colcon_core.package_identification:_identify(shared_package) by extension 'colcon_pkg'
[1.119s] Level 1:colcon.colcon_core.package_identification:_identify(shared_package) by extensions ['colcon_meta']
[1.119s] Level 1:colcon.colcon_core.package_identification:_identify(shared_package) by extension 'colcon_meta'
[1.119s] Level 1:colcon.colcon_core.package_identification:_identify(shared_package) by extensions ['ros']
[1.120s] Level 1:colcon.colcon_core.package_identification:_identify(shared_package) by extension 'ros'
[1.123s] DEBUG:colcon.colcon_core.package_identification:Package 'shared_package' with type 'ros.ament_cmake' and name 'shared_package'
[1.123s] Level 1:colcon.colcon_core.package_discovery:discover_packages(recursive) using defaults
[1.123s] Level 1:colcon.colcon_core.package_discovery:discover_packages(ignore) discover
[1.124s] Level 1:colcon.colcon_core.package_discovery:discover_packages(ignore) using defaults
[1.124s] Level 1:colcon.colcon_core.package_discovery:discover_packages(path) discover
[1.124s] Level 1:colcon.colcon_core.package_discovery:discover_packages(path) using defaults
[1.217s] INFO:colcon.colcon_core.package_selection:Skipping not selected package 'shared_package' in 'shared_package'
[1.220s] Level 1:colcon.colcon_core.package_discovery:discover_packages(prefix_path) check parameters
[1.220s] Level 1:colcon.colcon_core.package_discovery:discover_packages(prefix_path) discover
[1.238s] DEBUG:colcon.colcon_installed_package_information.package_discovery:Found 315 installed packages in /opt/ros/humble
[1.265s] Level 1:colcon.colcon_core.package_discovery:discover_packages(prefix_path) using defaults
[1.591s] Level 5:colcon.colcon_core.verb:set package 'chassis' build argument 'cmake_args' from command line to 'None'
[1.591s] Level 5:colcon.colcon_core.verb:set package 'chassis' build argument 'cmake_target' from command line to 'None'
[1.591s] Level 5:colcon.colcon_core.verb:set package 'chassis' build argument 'cmake_target_skip_unavailable' from command line to 'False'
[1.591s] Level 5:colcon.colcon_core.verb:set package 'chassis' build argument 'cmake_clean_cache' from command line to 'False'
[1.591s] Level 5:colcon.colcon_core.verb:set package 'chassis' build argument 'cmake_clean_first' from command line to 'False'
[1.592s] Level 5:colcon.colcon_core.verb:set package 'chassis' build argument 'cmake_force_configure' from command line to 'False'
[1.592s] Level 5:colcon.colcon_core.verb:set package 'chassis' build argument 'ament_cmake_args' from command line to 'None'
[1.592s] Level 5:colcon.colcon_core.verb:set package 'chassis' build argument 'catkin_cmake_args' from command line to 'None'
[1.592s] Level 5:colcon.colcon_core.verb:set package 'chassis' build argument 'catkin_skip_building_tests' from command line to 'False'
[1.592s] DEBUG:colcon.colcon_core.verb:Building package 'chassis' with the following arguments: {'ament_cmake_args': None, 'build_base': '/home/carbon/Program_Projects/Control_Frame/src/build/chassis', 'catkin_cmake_args': None, 'catkin_skip_building_tests': False, 'cmake_args': None, 'cmake_clean_cache': False, 'cmake_clean_first': False, 'cmake_force_configure': False, 'cmake_target': None, 'cmake_target_skip_unavailable': False, 'install_base': '/home/carbon/Program_Projects/Control_Frame/src/install/chassis', 'merge_install': False, 'path': '/home/carbon/Program_Projects/Control_Frame/src/chassis', 'symlink_install': False, 'test_result_base': None}
[1.595s] INFO:colcon.colcon_core.executor:Executing jobs using 'parallel' executor
[1.598s] DEBUG:colcon.colcon_parallel_executor.executor.parallel:run_until_complete
[1.600s] INFO:colcon.colcon_ros.task.ament_cmake.build:Building ROS package in '/home/carbon/Program_Projects/Control_Frame/src/chassis' with build type 'ament_cmake'
[1.601s] INFO:colcon.colcon_cmake.task.cmake.build:Building CMake package in '/home/carbon/Program_Projects/Control_Frame/src/chassis'
[1.622s] INFO:colcon.colcon_core.plugin_system:Skipping extension 'colcon_core.shell.bat': Not used on non-Windows systems
[1.623s] INFO:colcon.colcon_core.shell:Skip shell extension 'powershell' for command environment: Not usable outside of PowerShell
[1.623s] DEBUG:colcon.colcon_core.shell:Skip shell extension 'dsv' for command environment
[1.648s] ERROR:colcon.colcon_cmake.task.cmake.build:Failed to find the following files:
- /home/carbon/Program_Projects/Control_Frame/src/install/shared_package/share/shared_package/package.sh
Check that the following packages have been built:
- shared_package
[1.655s] Level 1:colcon.colcon_core.environment:create_environment_scripts_only(chassis)
[1.667s] Level 1:colcon.colcon_core.environment:checking '/home/carbon/Program_Projects/Control_Frame/src/install/chassis' for CMake module files
[1.668s] Level 1:colcon.colcon_core.environment:checking '/home/carbon/Program_Projects/Control_Frame/src/install/chassis' for CMake config files
[1.668s] Level 1:colcon.colcon_core.environment:checking '/home/carbon/Program_Projects/Control_Frame/src/install/chassis/bin'
[1.669s] Level 1:colcon.colcon_core.environment:checking '/home/carbon/Program_Projects/Control_Frame/src/install/chassis/lib/pkgconfig/chassis.pc'
[1.669s] Level 1:colcon.colcon_core.environment:checking '/home/carbon/Program_Projects/Control_Frame/src/install/chassis/lib/python3.10/site-packages'
[1.671s] Level 1:colcon.colcon_core.environment:checking '/home/carbon/Program_Projects/Control_Frame/src/install/chassis/bin'
[1.672s] INFO:colcon.colcon_core.shell:Creating package script '/home/carbon/Program_Projects/Control_Frame/src/install/chassis/share/chassis/package.ps1'
[1.676s] INFO:colcon.colcon_core.shell:Creating package descriptor '/home/carbon/Program_Projects/Control_Frame/src/install/chassis/share/chassis/package.dsv'
[1.677s] INFO:colcon.colcon_core.shell:Creating package script '/home/carbon/Program_Projects/Control_Frame/src/install/chassis/share/chassis/package.sh'
[1.677s] INFO:colcon.colcon_core.shell:Creating package script '/home/carbon/Program_Projects/Control_Frame/src/install/chassis/share/chassis/package.bash'
[1.678s] INFO:colcon.colcon_core.shell:Creating package script '/home/carbon/Program_Projects/Control_Frame/src/install/chassis/share/chassis/package.zsh'
[1.681s] Level 1:colcon.colcon_core.environment:create_file_with_runtime_dependencies(/home/carbon/Program_Projects/Control_Frame/src/install/chassis/share/colcon-core/packages/chassis)
[1.688s] DEBUG:colcon.colcon_parallel_executor.executor.parallel:closing loop
[1.688s] DEBUG:colcon.colcon_parallel_executor.executor.parallel:loop closed
[1.688s] DEBUG:colcon.colcon_parallel_executor.executor.parallel:run_until_complete finished with '1'
[1.688s] DEBUG:colcon.colcon_core.event_reactor:joining thread
[1.705s] INFO:colcon.colcon_core.plugin_system:Skipping extension 'colcon_notification.desktop_notification.terminal_notifier': Not used on non-Darwin systems
[1.705s] INFO:colcon.colcon_core.plugin_system:Skipping extension 'colcon_notification.desktop_notification.win32': Not used on non-Windows systems
[1.705s] INFO:colcon.colcon_notification.desktop_notification:Sending desktop notification using 'notify2'
[1.921s] DEBUG:colcon.colcon_core.event_reactor:joined thread
[1.922s] INFO:colcon.colcon_core.shell:Creating prefix script '/home/carbon/Program_Projects/Control_Frame/src/install/local_setup.ps1'
[1.925s] INFO:colcon.colcon_core.shell:Creating prefix util module '/home/carbon/Program_Projects/Control_Frame/src/install/_local_setup_util_ps1.py'
[1.936s] INFO:colcon.colcon_core.shell:Creating prefix chain script '/home/carbon/Program_Projects/Control_Frame/src/install/setup.ps1'
[1.943s] INFO:colcon.colcon_core.shell:Creating prefix script '/home/carbon/Program_Projects/Control_Frame/src/install/local_setup.sh'
[1.947s] INFO:colcon.colcon_core.shell:Creating prefix util module '/home/carbon/Program_Projects/Control_Frame/src/install/_local_setup_util_sh.py'
[1.950s] INFO:colcon.colcon_core.shell:Creating prefix chain script '/home/carbon/Program_Projects/Control_Frame/src/install/setup.sh'
[1.954s] INFO:colcon.colcon_core.shell:Creating prefix script '/home/carbon/Program_Projects/Control_Frame/src/install/local_setup.bash'
[1.956s] INFO:colcon.colcon_core.shell:Creating prefix chain script '/home/carbon/Program_Projects/Control_Frame/src/install/setup.bash'
[1.962s] INFO:colcon.colcon_core.shell:Creating prefix script '/home/carbon/Program_Projects/Control_Frame/src/install/local_setup.zsh'
[1.963s] INFO:colcon.colcon_core.shell:Creating prefix chain script '/home/carbon/Program_Projects/Control_Frame/src/install/setup.zsh'
