[0.293s] DEBUG:colcon:Command line arguments: ['/usr/bin/colcon', 'build']
[0.295s] DEBUG:colcon:Parsed command line arguments: Namespace(log_base=None, log_level=None, verb_name='build', build_base='build', install_base='install', merge_install=False, symlink_install=False, test_result_base=None, continue_on_error=False, executor='parallel', parallel_workers=2, event_handlers=None, ignore_user_meta=False, metas=['./colcon.meta'], base_paths=['.'], packages_ignore=None, packages_ignore_regex=None, paths=None, packages_up_to=None, packages_up_to_regex=None, packages_above=None, packages_above_and_dependencies=None, packages_above_depth=None, packages_select_by_dep=None, packages_skip_by_dep=None, packages_skip_up_to=None, packages_select_build_failed=False, packages_skip_build_finished=False, packages_select_test_failures=False, packages_skip_test_passed=False, packages_select=None, packages_skip=None, packages_select_regex=None, packages_skip_regex=None, packages_start=None, packages_end=None, allow_overriding=[], cmake_args=None, cmake_target=None, cmake_target_skip_unavailable=False, cmake_clean_cache=False, cmake_clean_first=False, cmake_force_configure=False, ament_cmake_args=None, catkin_cmake_args=None, catkin_skip_building_tests=False, verb_parser=<colcon_defaults.argument_parser.defaults.DefaultArgumentsDecorator object at 0x77d9c4d1fd30>, verb_extension=<colcon_core.verb.build.BuildVerb object at 0x77d9c4d1f760>, main=<bound method BuildVerb.main of <colcon_core.verb.build.BuildVerb object at 0x77d9c4d1f760>>)
[0.687s] Level 1:colcon.colcon_core.package_discovery:discover_packages(colcon_meta) check parameters
[0.687s] Level 1:colcon.colcon_core.package_discovery:discover_packages(recursive) check parameters
[0.687s] Level 1:colcon.colcon_core.package_discovery:discover_packages(ignore) check parameters
[0.687s] Level 1:colcon.colcon_core.package_discovery:discover_packages(path) check parameters
[0.687s] Level 1:colcon.colcon_core.package_discovery:discover_packages(colcon_meta) discover
[0.687s] Level 1:colcon.colcon_core.package_discovery:discover_packages(recursive) discover
[0.688s] INFO:colcon.colcon_core.package_discovery:Crawling recursively for packages in '/home/carbon/Program_Projects/Control_Frame'
[0.688s] Level 1:colcon.colcon_core.package_identification:_identify(.) by extensions ['ignore', 'ignore_ament_install']
[0.688s] Level 1:colcon.colcon_core.package_identification:_identify(.) by extension 'ignore'
[0.688s] Level 1:colcon.colcon_core.package_identification:_identify(.) by extension 'ignore_ament_install'
[0.688s] Level 1:colcon.colcon_core.package_identification:_identify(.) by extensions ['colcon_pkg']
[0.688s] Level 1:colcon.colcon_core.package_identification:_identify(.) by extension 'colcon_pkg'
[0.688s] Level 1:colcon.colcon_core.package_identification:_identify(.) by extensions ['colcon_meta']
[0.688s] Level 1:colcon.colcon_core.package_identification:_identify(.) by extension 'colcon_meta'
[0.688s] Level 1:colcon.colcon_core.package_identification:_identify(.) by extensions ['ros']
[0.689s] Level 1:colcon.colcon_core.package_identification:_identify(.) by extension 'ros'
[0.713s] Level 1:colcon.colcon_core.package_identification:_identify(.) by extensions ['cmake', 'python']
[0.713s] Level 1:colcon.colcon_core.package_identification:_identify(.) by extension 'cmake'
[0.713s] Level 1:colcon.colcon_core.package_identification:_identify(.) by extension 'python'
[0.713s] Level 1:colcon.colcon_core.package_identification:_identify(.) by extensions ['python_setup_py']
[0.713s] Level 1:colcon.colcon_core.package_identification:_identify(.) by extension 'python_setup_py'
[0.714s] Level 1:colcon.colcon_core.package_identification:_identify(build) by extensions ['ignore', 'ignore_ament_install']
[0.714s] Level 1:colcon.colcon_core.package_identification:_identify(build) by extension 'ignore'
[0.714s] Level 1:colcon.colcon_core.package_identification:_identify(build) ignored
[0.714s] Level 1:colcon.colcon_core.package_identification:_identify(install) by extensions ['ignore', 'ignore_ament_install']
[0.714s] Level 1:colcon.colcon_core.package_identification:_identify(install) by extension 'ignore'
[0.714s] Level 1:colcon.colcon_core.package_identification:_identify(install) ignored
[0.715s] Level 1:colcon.colcon_core.package_identification:_identify(log) by extensions ['ignore', 'ignore_ament_install']
[0.715s] Level 1:colcon.colcon_core.package_identification:_identify(log) by extension 'ignore'
[0.715s] Level 1:colcon.colcon_core.package_identification:_identify(log) ignored
[0.715s] Level 1:colcon.colcon_core.package_identification:_identify(src) by extensions ['ignore', 'ignore_ament_install']
[0.715s] Level 1:colcon.colcon_core.package_identification:_identify(src) by extension 'ignore'
[0.715s] Level 1:colcon.colcon_core.package_identification:_identify(src) by extension 'ignore_ament_install'
[0.715s] Level 1:colcon.colcon_core.package_identification:_identify(src) by extensions ['colcon_pkg']
[0.716s] Level 1:colcon.colcon_core.package_identification:_identify(src) by extension 'colcon_pkg'
[0.716s] Level 1:colcon.colcon_core.package_identification:_identify(src) by extensions ['colcon_meta']
[0.716s] Level 1:colcon.colcon_core.package_identification:_identify(src) by extension 'colcon_meta'
[0.716s] Level 1:colcon.colcon_core.package_identification:_identify(src) by extensions ['ros']
[0.716s] Level 1:colcon.colcon_core.package_identification:_identify(src) by extension 'ros'
[0.716s] Level 1:colcon.colcon_core.package_identification:_identify(src) by extensions ['cmake', 'python']
[0.716s] Level 1:colcon.colcon_core.package_identification:_identify(src) by extension 'cmake'
[0.716s] Level 1:colcon.colcon_core.package_identification:_identify(src) by extension 'python'
[0.716s] Level 1:colcon.colcon_core.package_identification:_identify(src) by extensions ['python_setup_py']
[0.716s] Level 1:colcon.colcon_core.package_identification:_identify(src) by extension 'python_setup_py'
[0.717s] Level 1:colcon.colcon_core.package_identification:_identify(src/chassis) by extensions ['ignore', 'ignore_ament_install']
[0.717s] Level 1:colcon.colcon_core.package_identification:_identify(src/chassis) by extension 'ignore'
[0.717s] Level 1:colcon.colcon_core.package_identification:_identify(src/chassis) by extension 'ignore_ament_install'
[0.717s] Level 1:colcon.colcon_core.package_identification:_identify(src/chassis) by extensions ['colcon_pkg']
[0.717s] Level 1:colcon.colcon_core.package_identification:_identify(src/chassis) by extension 'colcon_pkg'
[0.717s] Level 1:colcon.colcon_core.package_identification:_identify(src/chassis) by extensions ['colcon_meta']
[0.717s] Level 1:colcon.colcon_core.package_identification:_identify(src/chassis) by extension 'colcon_meta'
[0.717s] Level 1:colcon.colcon_core.package_identification:_identify(src/chassis) by extensions ['ros']
[0.717s] Level 1:colcon.colcon_core.package_identification:_identify(src/chassis) by extension 'ros'
[0.723s] DEBUG:colcon.colcon_core.package_identification:Package 'src/chassis' with type 'ros.ament_cmake' and name 'chassis'
[0.724s] Level 1:colcon.colcon_core.package_identification:_identify(src/pkg_communication) by extensions ['ignore', 'ignore_ament_install']
[0.724s] Level 1:colcon.colcon_core.package_identification:_identify(src/pkg_communication) by extension 'ignore'
[0.724s] Level 1:colcon.colcon_core.package_identification:_identify(src/pkg_communication) by extension 'ignore_ament_install'
[0.724s] Level 1:colcon.colcon_core.package_identification:_identify(src/pkg_communication) by extensions ['colcon_pkg']
[0.724s] Level 1:colcon.colcon_core.package_identification:_identify(src/pkg_communication) by extension 'colcon_pkg'
[0.724s] Level 1:colcon.colcon_core.package_identification:_identify(src/pkg_communication) by extensions ['colcon_meta']
[0.724s] Level 1:colcon.colcon_core.package_identification:_identify(src/pkg_communication) by extension 'colcon_meta'
[0.724s] Level 1:colcon.colcon_core.package_identification:_identify(src/pkg_communication) by extensions ['ros']
[0.724s] Level 1:colcon.colcon_core.package_identification:_identify(src/pkg_communication) by extension 'ros'
[0.725s] DEBUG:colcon.colcon_core.package_identification:Package 'src/pkg_communication' with type 'ros.ament_cmake' and name 'pkg_communication'
[0.726s] Level 1:colcon.colcon_core.package_discovery:discover_packages(recursive) using defaults
[0.726s] Level 1:colcon.colcon_core.package_discovery:discover_packages(ignore) discover
[0.726s] Level 1:colcon.colcon_core.package_discovery:discover_packages(ignore) using defaults
[0.726s] Level 1:colcon.colcon_core.package_discovery:discover_packages(path) discover
[0.726s] Level 1:colcon.colcon_core.package_discovery:discover_packages(path) using defaults
[0.774s] Level 1:colcon.colcon_core.package_discovery:discover_packages(prefix_path) check parameters
[0.774s] Level 1:colcon.colcon_core.package_discovery:discover_packages(prefix_path) discover
[0.781s] DEBUG:colcon.colcon_installed_package_information.package_discovery:Found 289 installed packages in /opt/ros/humble
[0.796s] Level 1:colcon.colcon_core.package_discovery:discover_packages(prefix_path) using defaults
[0.913s] Level 5:colcon.colcon_core.verb:set package 'pkg_communication' build argument 'cmake_args' from command line to 'None'
[0.914s] Level 5:colcon.colcon_core.verb:set package 'pkg_communication' build argument 'cmake_target' from command line to 'None'
[0.914s] Level 5:colcon.colcon_core.verb:set package 'pkg_communication' build argument 'cmake_target_skip_unavailable' from command line to 'False'
[0.914s] Level 5:colcon.colcon_core.verb:set package 'pkg_communication' build argument 'cmake_clean_cache' from command line to 'False'
[0.914s] Level 5:colcon.colcon_core.verb:set package 'pkg_communication' build argument 'cmake_clean_first' from command line to 'False'
[0.914s] Level 5:colcon.colcon_core.verb:set package 'pkg_communication' build argument 'cmake_force_configure' from command line to 'False'
[0.914s] Level 5:colcon.colcon_core.verb:set package 'pkg_communication' build argument 'ament_cmake_args' from command line to 'None'
[0.914s] Level 5:colcon.colcon_core.verb:set package 'pkg_communication' build argument 'catkin_cmake_args' from command line to 'None'
[0.914s] Level 5:colcon.colcon_core.verb:set package 'pkg_communication' build argument 'catkin_skip_building_tests' from command line to 'False'
[0.914s] DEBUG:colcon.colcon_core.verb:Building package 'pkg_communication' with the following arguments: {'ament_cmake_args': None, 'build_base': '/home/carbon/Program_Projects/Control_Frame/build/pkg_communication', 'catkin_cmake_args': None, 'catkin_skip_building_tests': False, 'cmake_args': None, 'cmake_clean_cache': False, 'cmake_clean_first': False, 'cmake_force_configure': False, 'cmake_target': None, 'cmake_target_skip_unavailable': False, 'install_base': '/home/carbon/Program_Projects/Control_Frame/install/pkg_communication', 'merge_install': False, 'path': '/home/carbon/Program_Projects/Control_Frame/src/pkg_communication', 'symlink_install': False, 'test_result_base': None}
[0.915s] Level 5:colcon.colcon_core.verb:set package 'chassis' build argument 'cmake_args' from command line to 'None'
[0.915s] Level 5:colcon.colcon_core.verb:set package 'chassis' build argument 'cmake_target' from command line to 'None'
[0.915s] Level 5:colcon.colcon_core.verb:set package 'chassis' build argument 'cmake_target_skip_unavailable' from command line to 'False'
[0.915s] Level 5:colcon.colcon_core.verb:set package 'chassis' build argument 'cmake_clean_cache' from command line to 'False'
[0.915s] Level 5:colcon.colcon_core.verb:set package 'chassis' build argument 'cmake_clean_first' from command line to 'False'
[0.915s] Level 5:colcon.colcon_core.verb:set package 'chassis' build argument 'cmake_force_configure' from command line to 'False'
[0.915s] Level 5:colcon.colcon_core.verb:set package 'chassis' build argument 'ament_cmake_args' from command line to 'None'
[0.915s] Level 5:colcon.colcon_core.verb:set package 'chassis' build argument 'catkin_cmake_args' from command line to 'None'
[0.915s] Level 5:colcon.colcon_core.verb:set package 'chassis' build argument 'catkin_skip_building_tests' from command line to 'False'
[0.917s] DEBUG:colcon.colcon_core.verb:Building package 'chassis' with the following arguments: {'ament_cmake_args': None, 'build_base': '/home/carbon/Program_Projects/Control_Frame/build/chassis', 'catkin_cmake_args': None, 'catkin_skip_building_tests': False, 'cmake_args': None, 'cmake_clean_cache': False, 'cmake_clean_first': False, 'cmake_force_configure': False, 'cmake_target': None, 'cmake_target_skip_unavailable': False, 'install_base': '/home/carbon/Program_Projects/Control_Frame/install/chassis', 'merge_install': False, 'path': '/home/carbon/Program_Projects/Control_Frame/src/chassis', 'symlink_install': False, 'test_result_base': None}
[0.917s] INFO:colcon.colcon_core.executor:Executing jobs using 'parallel' executor
[0.920s] DEBUG:colcon.colcon_parallel_executor.executor.parallel:run_until_complete
[0.920s] INFO:colcon.colcon_ros.task.ament_cmake.build:Building ROS package in '/home/carbon/Program_Projects/Control_Frame/src/pkg_communication' with build type 'ament_cmake'
[0.920s] INFO:colcon.colcon_cmake.task.cmake.build:Building CMake package in '/home/carbon/Program_Projects/Control_Frame/src/pkg_communication'
[0.928s] INFO:colcon.colcon_core.plugin_system:Skipping extension 'colcon_core.shell.bat': Not used on non-Windows systems
[0.928s] INFO:colcon.colcon_core.shell:Skip shell extension 'powershell' for command environment: Not usable outside of PowerShell
[0.930s] DEBUG:colcon.colcon_core.shell:Skip shell extension 'dsv' for command environment
[0.999s] DEBUG:colcon.colcon_core.event_handler.log_command:Invoking command in '/home/carbon/Program_Projects/Control_Frame/build/pkg_communication': CMAKE_PREFIX_PATH=/opt/ros/humble /usr/bin/cmake --build /home/carbon/Program_Projects/Control_Frame/build/pkg_communication -- -j2 -l2
[1.396s] DEBUG:colcon.colcon_core.event_handler.log_command:Invoked command in '/home/carbon/Program_Projects/Control_Frame/build/pkg_communication' returned '0': CMAKE_PREFIX_PATH=/opt/ros/humble /usr/bin/cmake --build /home/carbon/Program_Projects/Control_Frame/build/pkg_communication -- -j2 -l2
[1.436s] DEBUG:colcon.colcon_core.event_handler.log_command:Invoking command in '/home/carbon/Program_Projects/Control_Frame/build/pkg_communication': CMAKE_PREFIX_PATH=/opt/ros/humble /usr/bin/cmake --install /home/carbon/Program_Projects/Control_Frame/build/pkg_communication
[1.488s] Level 1:colcon.colcon_core.environment:create_environment_scripts_only(pkg_communication)
[1.492s] DEBUG:colcon.colcon_core.event_handler.log_command:Invoked command in '/home/carbon/Program_Projects/Control_Frame/build/pkg_communication' returned '0': CMAKE_PREFIX_PATH=/opt/ros/humble /usr/bin/cmake --install /home/carbon/Program_Projects/Control_Frame/build/pkg_communication
[1.505s] Level 1:colcon.colcon_core.environment:checking '/home/carbon/Program_Projects/Control_Frame/install/pkg_communication' for CMake module files
[1.506s] Level 1:colcon.colcon_core.environment:checking '/home/carbon/Program_Projects/Control_Frame/install/pkg_communication' for CMake config files
[1.508s] Level 1:colcon.colcon_core.shell:create_environment_hook('pkg_communication', 'cmake_prefix_path')
[1.508s] INFO:colcon.colcon_core.shell:Creating environment hook '/home/carbon/Program_Projects/Control_Frame/install/pkg_communication/share/pkg_communication/hook/cmake_prefix_path.ps1'
[1.510s] INFO:colcon.colcon_core.shell:Creating environment descriptor '/home/carbon/Program_Projects/Control_Frame/install/pkg_communication/share/pkg_communication/hook/cmake_prefix_path.dsv'
[1.512s] INFO:colcon.colcon_core.shell:Creating environment hook '/home/carbon/Program_Projects/Control_Frame/install/pkg_communication/share/pkg_communication/hook/cmake_prefix_path.sh'
[1.514s] Level 1:colcon.colcon_core.environment:checking '/home/carbon/Program_Projects/Control_Frame/install/pkg_communication/lib'
[1.514s] Level 1:colcon.colcon_core.environment:checking '/home/carbon/Program_Projects/Control_Frame/install/pkg_communication/bin'
[1.514s] Level 1:colcon.colcon_core.environment:checking '/home/carbon/Program_Projects/Control_Frame/install/pkg_communication/lib/pkgconfig/pkg_communication.pc'
[1.515s] Level 1:colcon.colcon_core.environment:checking '/home/carbon/Program_Projects/Control_Frame/install/pkg_communication/lib/python3.10/site-packages'
[1.515s] Level 1:colcon.colcon_core.environment:checking '/home/carbon/Program_Projects/Control_Frame/install/pkg_communication/bin'
[1.516s] INFO:colcon.colcon_core.shell:Creating package script '/home/carbon/Program_Projects/Control_Frame/install/pkg_communication/share/pkg_communication/package.ps1'
[1.518s] INFO:colcon.colcon_core.shell:Creating package descriptor '/home/carbon/Program_Projects/Control_Frame/install/pkg_communication/share/pkg_communication/package.dsv'
[1.519s] INFO:colcon.colcon_core.shell:Creating package script '/home/carbon/Program_Projects/Control_Frame/install/pkg_communication/share/pkg_communication/package.sh'
[1.521s] INFO:colcon.colcon_core.shell:Creating package script '/home/carbon/Program_Projects/Control_Frame/install/pkg_communication/share/pkg_communication/package.bash'
[1.523s] INFO:colcon.colcon_core.shell:Creating package script '/home/carbon/Program_Projects/Control_Frame/install/pkg_communication/share/pkg_communication/package.zsh'
[1.525s] Level 1:colcon.colcon_core.environment:create_file_with_runtime_dependencies(/home/carbon/Program_Projects/Control_Frame/install/pkg_communication/share/colcon-core/packages/pkg_communication)
[1.527s] Level 1:colcon.colcon_core.environment:create_environment_scripts_only(pkg_communication)
[1.527s] Level 1:colcon.colcon_core.environment:checking '/home/carbon/Program_Projects/Control_Frame/install/pkg_communication' for CMake module files
[1.529s] Level 1:colcon.colcon_core.environment:checking '/home/carbon/Program_Projects/Control_Frame/install/pkg_communication' for CMake config files
[1.529s] Level 1:colcon.colcon_core.shell:create_environment_hook('pkg_communication', 'cmake_prefix_path')
[1.530s] INFO:colcon.colcon_core.shell:Creating environment hook '/home/carbon/Program_Projects/Control_Frame/install/pkg_communication/share/pkg_communication/hook/cmake_prefix_path.ps1'
[1.531s] INFO:colcon.colcon_core.shell:Creating environment descriptor '/home/carbon/Program_Projects/Control_Frame/install/pkg_communication/share/pkg_communication/hook/cmake_prefix_path.dsv'
[1.532s] INFO:colcon.colcon_core.shell:Creating environment hook '/home/carbon/Program_Projects/Control_Frame/install/pkg_communication/share/pkg_communication/hook/cmake_prefix_path.sh'
[1.534s] Level 1:colcon.colcon_core.environment:checking '/home/carbon/Program_Projects/Control_Frame/install/pkg_communication/lib'
[1.534s] Level 1:colcon.colcon_core.environment:checking '/home/carbon/Program_Projects/Control_Frame/install/pkg_communication/bin'
[1.535s] Level 1:colcon.colcon_core.environment:checking '/home/carbon/Program_Projects/Control_Frame/install/pkg_communication/lib/pkgconfig/pkg_communication.pc'
[1.535s] Level 1:colcon.colcon_core.environment:checking '/home/carbon/Program_Projects/Control_Frame/install/pkg_communication/lib/python3.10/site-packages'
[1.537s] Level 1:colcon.colcon_core.environment:checking '/home/carbon/Program_Projects/Control_Frame/install/pkg_communication/bin'
[1.538s] INFO:colcon.colcon_core.shell:Creating package script '/home/carbon/Program_Projects/Control_Frame/install/pkg_communication/share/pkg_communication/package.ps1'
[1.543s] INFO:colcon.colcon_core.shell:Creating package descriptor '/home/carbon/Program_Projects/Control_Frame/install/pkg_communication/share/pkg_communication/package.dsv'
[1.546s] INFO:colcon.colcon_core.shell:Creating package script '/home/carbon/Program_Projects/Control_Frame/install/pkg_communication/share/pkg_communication/package.sh'
[1.548s] INFO:colcon.colcon_core.shell:Creating package script '/home/carbon/Program_Projects/Control_Frame/install/pkg_communication/share/pkg_communication/package.bash'
[1.552s] INFO:colcon.colcon_core.shell:Creating package script '/home/carbon/Program_Projects/Control_Frame/install/pkg_communication/share/pkg_communication/package.zsh'
[1.553s] Level 1:colcon.colcon_core.environment:create_file_with_runtime_dependencies(/home/carbon/Program_Projects/Control_Frame/install/pkg_communication/share/colcon-core/packages/pkg_communication)
[1.558s] INFO:colcon.colcon_ros.task.ament_cmake.build:Building ROS package in '/home/carbon/Program_Projects/Control_Frame/src/chassis' with build type 'ament_cmake'
[1.558s] INFO:colcon.colcon_cmake.task.cmake.build:Building CMake package in '/home/carbon/Program_Projects/Control_Frame/src/chassis'
[1.559s] INFO:colcon.colcon_core.shell:Skip shell extension 'powershell' for command environment: Not usable outside of PowerShell
[1.559s] DEBUG:colcon.colcon_core.shell:Skip shell extension 'dsv' for command environment
[1.627s] DEBUG:colcon.colcon_core.event_handler.log_command:Invoking command in '/home/carbon/Program_Projects/Control_Frame/build/chassis': AMENT_PREFIX_PATH=/home/carbon/Program_Projects/Control_Frame/install/pkg_communication:${AMENT_PREFIX_PATH} CMAKE_PREFIX_PATH=/home/carbon/Program_Projects/Control_Frame/install/pkg_communication:/opt/ros/humble LD_LIBRARY_PATH=/home/carbon/Program_Projects/Control_Frame/install/pkg_communication/lib:${LD_LIBRARY_PATH} /usr/bin/cmake --build /home/carbon/Program_Projects/Control_Frame/build/chassis -- -j2 -l2
[11.277s] DEBUG:colcon.colcon_core.event_handler.log_command:Invoked command in '/home/carbon/Program_Projects/Control_Frame/build/chassis' returned '0': AMENT_PREFIX_PATH=/home/carbon/Program_Projects/Control_Frame/install/pkg_communication:${AMENT_PREFIX_PATH} CMAKE_PREFIX_PATH=/home/carbon/Program_Projects/Control_Frame/install/pkg_communication:/opt/ros/humble LD_LIBRARY_PATH=/home/carbon/Program_Projects/Control_Frame/install/pkg_communication/lib:${LD_LIBRARY_PATH} /usr/bin/cmake --build /home/carbon/Program_Projects/Control_Frame/build/chassis -- -j2 -l2
[11.278s] DEBUG:colcon.colcon_core.event_handler.log_command:Invoking command in '/home/carbon/Program_Projects/Control_Frame/build/chassis': AMENT_PREFIX_PATH=/home/carbon/Program_Projects/Control_Frame/install/pkg_communication:${AMENT_PREFIX_PATH} CMAKE_PREFIX_PATH=/home/carbon/Program_Projects/Control_Frame/install/pkg_communication:/opt/ros/humble LD_LIBRARY_PATH=/home/carbon/Program_Projects/Control_Frame/install/pkg_communication/lib:${LD_LIBRARY_PATH} /usr/bin/cmake --install /home/carbon/Program_Projects/Control_Frame/build/chassis
[11.436s] Level 1:colcon.colcon_core.environment:create_environment_scripts_only(chassis)
[11.445s] Level 1:colcon.colcon_core.environment:checking '/home/carbon/Program_Projects/Control_Frame/install/chassis' for CMake module files
[11.446s] DEBUG:colcon.colcon_core.event_handler.log_command:Invoked command in '/home/carbon/Program_Projects/Control_Frame/build/chassis' returned '0': AMENT_PREFIX_PATH=/home/carbon/Program_Projects/Control_Frame/install/pkg_communication:${AMENT_PREFIX_PATH} CMAKE_PREFIX_PATH=/home/carbon/Program_Projects/Control_Frame/install/pkg_communication:/opt/ros/humble LD_LIBRARY_PATH=/home/carbon/Program_Projects/Control_Frame/install/pkg_communication/lib:${LD_LIBRARY_PATH} /usr/bin/cmake --install /home/carbon/Program_Projects/Control_Frame/build/chassis
[11.448s] Level 1:colcon.colcon_core.environment:checking '/home/carbon/Program_Projects/Control_Frame/install/chassis' for CMake config files
[11.451s] Level 1:colcon.colcon_core.shell:create_environment_hook('chassis', 'cmake_prefix_path')
[11.452s] INFO:colcon.colcon_core.shell:Creating environment hook '/home/carbon/Program_Projects/Control_Frame/install/chassis/share/chassis/hook/cmake_prefix_path.ps1'
[11.455s] INFO:colcon.colcon_core.shell:Creating environment descriptor '/home/carbon/Program_Projects/Control_Frame/install/chassis/share/chassis/hook/cmake_prefix_path.dsv'
[11.456s] INFO:colcon.colcon_core.shell:Creating environment hook '/home/carbon/Program_Projects/Control_Frame/install/chassis/share/chassis/hook/cmake_prefix_path.sh'
[11.457s] Level 1:colcon.colcon_core.environment:checking '/home/carbon/Program_Projects/Control_Frame/install/chassis/lib'
[11.457s] Level 1:colcon.colcon_core.environment:checking '/home/carbon/Program_Projects/Control_Frame/install/chassis/bin'
[11.457s] Level 1:colcon.colcon_core.environment:checking '/home/carbon/Program_Projects/Control_Frame/install/chassis/lib/pkgconfig/chassis.pc'
[11.457s] Level 1:colcon.colcon_core.environment:checking '/home/carbon/Program_Projects/Control_Frame/install/chassis/lib/python3.10/site-packages'
[11.458s] Level 1:colcon.colcon_core.environment:checking '/home/carbon/Program_Projects/Control_Frame/install/chassis/bin'
[11.461s] INFO:colcon.colcon_core.shell:Creating package script '/home/carbon/Program_Projects/Control_Frame/install/chassis/share/chassis/package.ps1'
[11.465s] INFO:colcon.colcon_core.shell:Creating package descriptor '/home/carbon/Program_Projects/Control_Frame/install/chassis/share/chassis/package.dsv'
[11.466s] INFO:colcon.colcon_core.shell:Creating package script '/home/carbon/Program_Projects/Control_Frame/install/chassis/share/chassis/package.sh'
[11.468s] INFO:colcon.colcon_core.shell:Creating package script '/home/carbon/Program_Projects/Control_Frame/install/chassis/share/chassis/package.bash'
[11.469s] INFO:colcon.colcon_core.shell:Creating package script '/home/carbon/Program_Projects/Control_Frame/install/chassis/share/chassis/package.zsh'
[11.473s] Level 1:colcon.colcon_core.environment:create_file_with_runtime_dependencies(/home/carbon/Program_Projects/Control_Frame/install/chassis/share/colcon-core/packages/chassis)
[11.474s] Level 1:colcon.colcon_core.environment:create_environment_scripts_only(chassis)
[11.474s] Level 1:colcon.colcon_core.environment:checking '/home/carbon/Program_Projects/Control_Frame/install/chassis' for CMake module files
[11.478s] Level 1:colcon.colcon_core.environment:checking '/home/carbon/Program_Projects/Control_Frame/install/chassis' for CMake config files
[11.481s] Level 1:colcon.colcon_core.shell:create_environment_hook('chassis', 'cmake_prefix_path')
[11.483s] INFO:colcon.colcon_core.shell:Creating environment hook '/home/carbon/Program_Projects/Control_Frame/install/chassis/share/chassis/hook/cmake_prefix_path.ps1'
[11.487s] INFO:colcon.colcon_core.shell:Creating environment descriptor '/home/carbon/Program_Projects/Control_Frame/install/chassis/share/chassis/hook/cmake_prefix_path.dsv'
[11.488s] INFO:colcon.colcon_core.shell:Creating environment hook '/home/carbon/Program_Projects/Control_Frame/install/chassis/share/chassis/hook/cmake_prefix_path.sh'
[11.489s] Level 1:colcon.colcon_core.environment:checking '/home/carbon/Program_Projects/Control_Frame/install/chassis/lib'
[11.491s] Level 1:colcon.colcon_core.environment:checking '/home/carbon/Program_Projects/Control_Frame/install/chassis/bin'
[11.491s] Level 1:colcon.colcon_core.environment:checking '/home/carbon/Program_Projects/Control_Frame/install/chassis/lib/pkgconfig/chassis.pc'
[11.492s] Level 1:colcon.colcon_core.environment:checking '/home/carbon/Program_Projects/Control_Frame/install/chassis/lib/python3.10/site-packages'
[11.492s] Level 1:colcon.colcon_core.environment:checking '/home/carbon/Program_Projects/Control_Frame/install/chassis/bin'
[11.493s] INFO:colcon.colcon_core.shell:Creating package script '/home/carbon/Program_Projects/Control_Frame/install/chassis/share/chassis/package.ps1'
[11.495s] INFO:colcon.colcon_core.shell:Creating package descriptor '/home/carbon/Program_Projects/Control_Frame/install/chassis/share/chassis/package.dsv'
[11.499s] INFO:colcon.colcon_core.shell:Creating package script '/home/carbon/Program_Projects/Control_Frame/install/chassis/share/chassis/package.sh'
[11.500s] INFO:colcon.colcon_core.shell:Creating package script '/home/carbon/Program_Projects/Control_Frame/install/chassis/share/chassis/package.bash'
[11.501s] INFO:colcon.colcon_core.shell:Creating package script '/home/carbon/Program_Projects/Control_Frame/install/chassis/share/chassis/package.zsh'
[11.503s] Level 1:colcon.colcon_core.environment:create_file_with_runtime_dependencies(/home/carbon/Program_Projects/Control_Frame/install/chassis/share/colcon-core/packages/chassis)
[11.504s] DEBUG:colcon.colcon_parallel_executor.executor.parallel:closing loop
[11.504s] DEBUG:colcon.colcon_parallel_executor.executor.parallel:loop closed
[11.505s] DEBUG:colcon.colcon_parallel_executor.executor.parallel:run_until_complete finished with '0'
[11.505s] DEBUG:colcon.colcon_core.event_reactor:joining thread
[11.520s] INFO:colcon.colcon_core.plugin_system:Skipping extension 'colcon_notification.desktop_notification.terminal_notifier': Not used on non-Darwin systems
[11.521s] INFO:colcon.colcon_core.plugin_system:Skipping extension 'colcon_notification.desktop_notification.win32': Not used on non-Windows systems
[11.521s] INFO:colcon.colcon_notification.desktop_notification:Sending desktop notification using 'notify2'
[11.560s] DEBUG:colcon.colcon_core.event_reactor:joined thread
[11.560s] INFO:colcon.colcon_core.shell:Creating prefix script '/home/carbon/Program_Projects/Control_Frame/install/local_setup.ps1'
[11.565s] INFO:colcon.colcon_core.shell:Creating prefix util module '/home/carbon/Program_Projects/Control_Frame/install/_local_setup_util_ps1.py'
[11.568s] INFO:colcon.colcon_core.shell:Creating prefix chain script '/home/carbon/Program_Projects/Control_Frame/install/setup.ps1'
[11.572s] INFO:colcon.colcon_core.shell:Creating prefix script '/home/carbon/Program_Projects/Control_Frame/install/local_setup.sh'
[11.573s] INFO:colcon.colcon_core.shell:Creating prefix util module '/home/carbon/Program_Projects/Control_Frame/install/_local_setup_util_sh.py'
[11.574s] INFO:colcon.colcon_core.shell:Creating prefix chain script '/home/carbon/Program_Projects/Control_Frame/install/setup.sh'
[11.576s] INFO:colcon.colcon_core.shell:Creating prefix script '/home/carbon/Program_Projects/Control_Frame/install/local_setup.bash'
[11.578s] INFO:colcon.colcon_core.shell:Creating prefix chain script '/home/carbon/Program_Projects/Control_Frame/install/setup.bash'
[11.582s] INFO:colcon.colcon_core.shell:Creating prefix script '/home/carbon/Program_Projects/Control_Frame/install/local_setup.zsh'
[11.585s] INFO:colcon.colcon_core.shell:Creating prefix chain script '/home/carbon/Program_Projects/Control_Frame/install/setup.zsh'
