[0.056s] Invoking command in '/home/carbon/Program_Projects/Control_Frame/build/shared_package': CMAKE_PREFIX_PATH=/opt/ros/humble /usr/bin/cmake --build /home/carbon/Program_Projects/Control_Frame/build/shared_package -- -j2 -l2
[0.416s] [35m[1mConsolidate compiler generated dependencies of target shared_package[0m
[0.528s] [100%] Built target shared_package
[0.592s] Invoked command in '/home/carbon/Program_Projects/Control_Frame/build/shared_package' returned '0': CMAKE_PREFIX_PATH=/opt/ros/humble /usr/bin/cmake --build /home/carbon/Program_Projects/Control_Frame/build/shared_package -- -j2 -l2
[0.665s] Invoking command in '/home/carbon/Program_Projects/Control_Frame/build/shared_package': CMAKE_PREFIX_PATH=/opt/ros/humble /usr/bin/cmake --install /home/carbon/Program_Projects/Control_Frame/build/shared_package
[0.717s] -- Install configuration: ""
[0.719s] -- Up-to-date: /home/carbon/Program_Projects/Control_Frame/install/shared_package/lib/libshared_package.so
[0.721s] -- Up-to-date: /home/carbon/Program_Projects/Control_Frame/install/shared_package/include/Communication_Interface.hpp
[0.721s] -- Up-to-date: /home/carbon/Program_Projects/Control_Frame/install/shared_package/include/alg_crc.h
[0.726s] -- Up-to-date: /home/carbon/Program_Projects/Control_Frame/install/shared_package/include/motor_base.hpp
[0.726s] -- Up-to-date: /home/carbon/Program_Projects/Control_Frame/install/shared_package/share/shared_package/environment/library_path.sh
[0.727s] -- Up-to-date: /home/carbon/Program_Projects/Control_Frame/install/shared_package/share/shared_package/environment/library_path.dsv
[0.727s] -- Up-to-date: /home/carbon/Program_Projects/Control_Frame/install/shared_package/share/ament_index/resource_index/package_run_dependencies/shared_package
[0.727s] -- Up-to-date: /home/carbon/Program_Projects/Control_Frame/install/shared_package/share/ament_index/resource_index/parent_prefix_path/shared_package
[0.729s] -- Up-to-date: /home/carbon/Program_Projects/Control_Frame/install/shared_package/share/shared_package/environment/ament_prefix_path.sh
[0.730s] -- Up-to-date: /home/carbon/Program_Projects/Control_Frame/install/shared_package/share/shared_package/environment/ament_prefix_path.dsv
[0.732s] -- Up-to-date: /home/carbon/Program_Projects/Control_Frame/install/shared_package/share/shared_package/environment/path.sh
[0.732s] -- Up-to-date: /home/carbon/Program_Projects/Control_Frame/install/shared_package/share/shared_package/environment/path.dsv
[0.732s] -- Up-to-date: /home/carbon/Program_Projects/Control_Frame/install/shared_package/share/shared_package/local_setup.bash
[0.733s] -- Up-to-date: /home/carbon/Program_Projects/Control_Frame/install/shared_package/share/shared_package/local_setup.sh
[0.733s] -- Up-to-date: /home/carbon/Program_Projects/Control_Frame/install/shared_package/share/shared_package/local_setup.zsh
[0.734s] -- Up-to-date: /home/carbon/Program_Projects/Control_Frame/install/shared_package/share/shared_package/local_setup.dsv
[0.734s] -- Installing: /home/carbon/Program_Projects/Control_Frame/install/shared_package/share/shared_package/package.dsv
[0.735s] -- Up-to-date: /home/carbon/Program_Projects/Control_Frame/install/shared_package/share/ament_index/resource_index/packages/shared_package
[0.736s] -- Up-to-date: /home/carbon/Program_Projects/Control_Frame/install/shared_package/share/shared_package/cmake/export_shared_packageExport.cmake
[0.738s] -- Up-to-date: /home/carbon/Program_Projects/Control_Frame/install/shared_package/share/shared_package/cmake/export_shared_packageExport-noconfig.cmake
[0.738s] -- Up-to-date: /home/carbon/Program_Projects/Control_Frame/install/shared_package/share/shared_package/cmake/ament_cmake_export_targets-extras.cmake
[0.742s] -- Up-to-date: /home/carbon/Program_Projects/Control_Frame/install/shared_package/share/shared_package/cmake/shared_packageConfig.cmake
[0.742s] -- Up-to-date: /home/carbon/Program_Projects/Control_Frame/install/shared_package/share/shared_package/cmake/shared_packageConfig-version.cmake
[0.742s] -- Up-to-date: /home/carbon/Program_Projects/Control_Frame/install/shared_package/share/shared_package/package.xml
[0.746s] Invoked command in '/home/carbon/Program_Projects/Control_Frame/build/shared_package' returned '0': CMAKE_PREFIX_PATH=/opt/ros/humble /usr/bin/cmake --install /home/carbon/Program_Projects/Control_Frame/build/shared_package
