[0.310s] DEBUG:colcon:Command line arguments: ['/usr/bin/colcon', 'build']
[0.310s] DEBUG:colcon:Parsed command line arguments: Namespace(log_base=None, log_level=None, verb_name='build', build_base='build', install_base='install', merge_install=False, symlink_install=False, test_result_base=None, continue_on_error=False, executor='parallel', parallel_workers=2, event_handlers=None, ignore_user_meta=False, metas=['./colcon.meta'], base_paths=['.'], packages_ignore=None, packages_ignore_regex=None, paths=None, packages_up_to=None, packages_up_to_regex=None, packages_above=None, packages_above_and_dependencies=None, packages_above_depth=None, packages_select_by_dep=None, packages_skip_by_dep=None, packages_skip_up_to=None, packages_select_build_failed=False, packages_skip_build_finished=False, packages_select_test_failures=False, packages_skip_test_passed=False, packages_select=None, packages_skip=None, packages_select_regex=None, packages_skip_regex=None, packages_start=None, packages_end=None, allow_overriding=[], cmake_args=None, cmake_target=None, cmake_target_skip_unavailable=False, cmake_clean_cache=False, cmake_clean_first=False, cmake_force_configure=False, ament_cmake_args=None, catkin_cmake_args=None, catkin_skip_building_tests=False, verb_parser=<colcon_defaults.argument_parser.defaults.DefaultArgumentsDecorator object at 0x735925f1fd60>, verb_extension=<colcon_core.verb.build.BuildVerb object at 0x735925f1f790>, main=<bound method BuildVerb.main of <colcon_core.verb.build.BuildVerb object at 0x735925f1f790>>)
[0.771s] Level 1:colcon.colcon_core.package_discovery:discover_packages(colcon_meta) check parameters
[0.771s] Level 1:colcon.colcon_core.package_discovery:discover_packages(recursive) check parameters
[0.771s] Level 1:colcon.colcon_core.package_discovery:discover_packages(ignore) check parameters
[0.771s] Level 1:colcon.colcon_core.package_discovery:discover_packages(path) check parameters
[0.771s] Level 1:colcon.colcon_core.package_discovery:discover_packages(colcon_meta) discover
[0.771s] Level 1:colcon.colcon_core.package_discovery:discover_packages(recursive) discover
[0.771s] INFO:colcon.colcon_core.package_discovery:Crawling recursively for packages in '/home/carbon/Program_Projects/Control_Frame'
[0.772s] Level 1:colcon.colcon_core.package_identification:_identify(.) by extensions ['ignore', 'ignore_ament_install']
[0.772s] Level 1:colcon.colcon_core.package_identification:_identify(.) by extension 'ignore'
[0.772s] Level 1:colcon.colcon_core.package_identification:_identify(.) by extension 'ignore_ament_install'
[0.772s] Level 1:colcon.colcon_core.package_identification:_identify(.) by extensions ['colcon_pkg']
[0.772s] Level 1:colcon.colcon_core.package_identification:_identify(.) by extension 'colcon_pkg'
[0.772s] Level 1:colcon.colcon_core.package_identification:_identify(.) by extensions ['colcon_meta']
[0.772s] Level 1:colcon.colcon_core.package_identification:_identify(.) by extension 'colcon_meta'
[0.773s] Level 1:colcon.colcon_core.package_identification:_identify(.) by extensions ['ros']
[0.773s] Level 1:colcon.colcon_core.package_identification:_identify(.) by extension 'ros'
[0.800s] Level 1:colcon.colcon_core.package_identification:_identify(.) by extensions ['cmake', 'python']
[0.800s] Level 1:colcon.colcon_core.package_identification:_identify(.) by extension 'cmake'
[0.800s] Level 1:colcon.colcon_core.package_identification:_identify(.) by extension 'python'
[0.800s] Level 1:colcon.colcon_core.package_identification:_identify(.) by extensions ['python_setup_py']
[0.800s] Level 1:colcon.colcon_core.package_identification:_identify(.) by extension 'python_setup_py'
[0.801s] Level 1:colcon.colcon_core.package_identification:_identify(build) by extensions ['ignore', 'ignore_ament_install']
[0.801s] Level 1:colcon.colcon_core.package_identification:_identify(build) by extension 'ignore'
[0.801s] Level 1:colcon.colcon_core.package_identification:_identify(build) ignored
[0.801s] Level 1:colcon.colcon_core.package_identification:_identify(install) by extensions ['ignore', 'ignore_ament_install']
[0.801s] Level 1:colcon.colcon_core.package_identification:_identify(install) by extension 'ignore'
[0.802s] Level 1:colcon.colcon_core.package_identification:_identify(install) ignored
[0.802s] Level 1:colcon.colcon_core.package_identification:_identify(log) by extensions ['ignore', 'ignore_ament_install']
[0.802s] Level 1:colcon.colcon_core.package_identification:_identify(log) by extension 'ignore'
[0.802s] Level 1:colcon.colcon_core.package_identification:_identify(log) ignored
[0.803s] Level 1:colcon.colcon_core.package_identification:_identify(src) by extensions ['ignore', 'ignore_ament_install']
[0.803s] Level 1:colcon.colcon_core.package_identification:_identify(src) by extension 'ignore'
[0.803s] Level 1:colcon.colcon_core.package_identification:_identify(src) by extension 'ignore_ament_install'
[0.803s] Level 1:colcon.colcon_core.package_identification:_identify(src) by extensions ['colcon_pkg']
[0.803s] Level 1:colcon.colcon_core.package_identification:_identify(src) by extension 'colcon_pkg'
[0.803s] Level 1:colcon.colcon_core.package_identification:_identify(src) by extensions ['colcon_meta']
[0.803s] Level 1:colcon.colcon_core.package_identification:_identify(src) by extension 'colcon_meta'
[0.803s] Level 1:colcon.colcon_core.package_identification:_identify(src) by extensions ['ros']
[0.804s] Level 1:colcon.colcon_core.package_identification:_identify(src) by extension 'ros'
[0.804s] Level 1:colcon.colcon_core.package_identification:_identify(src) by extensions ['cmake', 'python']
[0.804s] Level 1:colcon.colcon_core.package_identification:_identify(src) by extension 'cmake'
[0.804s] Level 1:colcon.colcon_core.package_identification:_identify(src) by extension 'python'
[0.804s] Level 1:colcon.colcon_core.package_identification:_identify(src) by extensions ['python_setup_py']
[0.804s] Level 1:colcon.colcon_core.package_identification:_identify(src) by extension 'python_setup_py'
[0.804s] Level 1:colcon.colcon_core.package_identification:_identify(src/chassis) by extensions ['ignore', 'ignore_ament_install']
[0.805s] Level 1:colcon.colcon_core.package_identification:_identify(src/chassis) by extension 'ignore'
[0.805s] Level 1:colcon.colcon_core.package_identification:_identify(src/chassis) by extension 'ignore_ament_install'
[0.805s] Level 1:colcon.colcon_core.package_identification:_identify(src/chassis) by extensions ['colcon_pkg']
[0.805s] Level 1:colcon.colcon_core.package_identification:_identify(src/chassis) by extension 'colcon_pkg'
[0.805s] Level 1:colcon.colcon_core.package_identification:_identify(src/chassis) by extensions ['colcon_meta']
[0.805s] Level 1:colcon.colcon_core.package_identification:_identify(src/chassis) by extension 'colcon_meta'
[0.805s] Level 1:colcon.colcon_core.package_identification:_identify(src/chassis) by extensions ['ros']
[0.805s] Level 1:colcon.colcon_core.package_identification:_identify(src/chassis) by extension 'ros'
[0.810s] DEBUG:colcon.colcon_core.package_identification:Package 'src/chassis' with type 'ros.ament_cmake' and name 'chassis'
[0.810s] Level 1:colcon.colcon_core.package_identification:_identify(src/shared_package) by extensions ['ignore', 'ignore_ament_install']
[0.810s] Level 1:colcon.colcon_core.package_identification:_identify(src/shared_package) by extension 'ignore'
[0.810s] Level 1:colcon.colcon_core.package_identification:_identify(src/shared_package) by extension 'ignore_ament_install'
[0.811s] Level 1:colcon.colcon_core.package_identification:_identify(src/shared_package) by extensions ['colcon_pkg']
[0.811s] Level 1:colcon.colcon_core.package_identification:_identify(src/shared_package) by extension 'colcon_pkg'
[0.811s] Level 1:colcon.colcon_core.package_identification:_identify(src/shared_package) by extensions ['colcon_meta']
[0.811s] Level 1:colcon.colcon_core.package_identification:_identify(src/shared_package) by extension 'colcon_meta'
[0.811s] Level 1:colcon.colcon_core.package_identification:_identify(src/shared_package) by extensions ['ros']
[0.811s] Level 1:colcon.colcon_core.package_identification:_identify(src/shared_package) by extension 'ros'
[0.812s] DEBUG:colcon.colcon_core.package_identification:Package 'src/shared_package' with type 'ros.ament_cmake' and name 'shared_package'
[0.812s] Level 1:colcon.colcon_core.package_discovery:discover_packages(recursive) using defaults
[0.812s] Level 1:colcon.colcon_core.package_discovery:discover_packages(ignore) discover
[0.812s] Level 1:colcon.colcon_core.package_discovery:discover_packages(ignore) using defaults
[0.812s] Level 1:colcon.colcon_core.package_discovery:discover_packages(path) discover
[0.812s] Level 1:colcon.colcon_core.package_discovery:discover_packages(path) using defaults
[0.861s] Level 1:colcon.colcon_core.package_discovery:discover_packages(prefix_path) check parameters
[0.861s] Level 1:colcon.colcon_core.package_discovery:discover_packages(prefix_path) discover
[0.875s] DEBUG:colcon.colcon_installed_package_information.package_discovery:Found 315 installed packages in /opt/ros/humble
[0.889s] Level 1:colcon.colcon_core.package_discovery:discover_packages(prefix_path) using defaults
[1.043s] Level 5:colcon.colcon_core.verb:set package 'shared_package' build argument 'cmake_args' from command line to 'None'
[1.043s] Level 5:colcon.colcon_core.verb:set package 'shared_package' build argument 'cmake_target' from command line to 'None'
[1.043s] Level 5:colcon.colcon_core.verb:set package 'shared_package' build argument 'cmake_target_skip_unavailable' from command line to 'False'
[1.043s] Level 5:colcon.colcon_core.verb:set package 'shared_package' build argument 'cmake_clean_cache' from command line to 'False'
[1.043s] Level 5:colcon.colcon_core.verb:set package 'shared_package' build argument 'cmake_clean_first' from command line to 'False'
[1.043s] Level 5:colcon.colcon_core.verb:set package 'shared_package' build argument 'cmake_force_configure' from command line to 'False'
[1.043s] Level 5:colcon.colcon_core.verb:set package 'shared_package' build argument 'ament_cmake_args' from command line to 'None'
[1.043s] Level 5:colcon.colcon_core.verb:set package 'shared_package' build argument 'catkin_cmake_args' from command line to 'None'
[1.043s] Level 5:colcon.colcon_core.verb:set package 'shared_package' build argument 'catkin_skip_building_tests' from command line to 'False'
[1.043s] DEBUG:colcon.colcon_core.verb:Building package 'shared_package' with the following arguments: {'ament_cmake_args': None, 'build_base': '/home/carbon/Program_Projects/Control_Frame/build/shared_package', 'catkin_cmake_args': None, 'catkin_skip_building_tests': False, 'cmake_args': None, 'cmake_clean_cache': False, 'cmake_clean_first': False, 'cmake_force_configure': False, 'cmake_target': None, 'cmake_target_skip_unavailable': False, 'install_base': '/home/carbon/Program_Projects/Control_Frame/install/shared_package', 'merge_install': False, 'path': '/home/carbon/Program_Projects/Control_Frame/src/shared_package', 'symlink_install': False, 'test_result_base': None}
[1.045s] Level 5:colcon.colcon_core.verb:set package 'chassis' build argument 'cmake_args' from command line to 'None'
[1.045s] Level 5:colcon.colcon_core.verb:set package 'chassis' build argument 'cmake_target' from command line to 'None'
[1.045s] Level 5:colcon.colcon_core.verb:set package 'chassis' build argument 'cmake_target_skip_unavailable' from command line to 'False'
[1.045s] Level 5:colcon.colcon_core.verb:set package 'chassis' build argument 'cmake_clean_cache' from command line to 'False'
[1.045s] Level 5:colcon.colcon_core.verb:set package 'chassis' build argument 'cmake_clean_first' from command line to 'False'
[1.045s] Level 5:colcon.colcon_core.verb:set package 'chassis' build argument 'cmake_force_configure' from command line to 'False'
[1.045s] Level 5:colcon.colcon_core.verb:set package 'chassis' build argument 'ament_cmake_args' from command line to 'None'
[1.045s] Level 5:colcon.colcon_core.verb:set package 'chassis' build argument 'catkin_cmake_args' from command line to 'None'
[1.045s] Level 5:colcon.colcon_core.verb:set package 'chassis' build argument 'catkin_skip_building_tests' from command line to 'False'
[1.045s] DEBUG:colcon.colcon_core.verb:Building package 'chassis' with the following arguments: {'ament_cmake_args': None, 'build_base': '/home/carbon/Program_Projects/Control_Frame/build/chassis', 'catkin_cmake_args': None, 'catkin_skip_building_tests': False, 'cmake_args': None, 'cmake_clean_cache': False, 'cmake_clean_first': False, 'cmake_force_configure': False, 'cmake_target': None, 'cmake_target_skip_unavailable': False, 'install_base': '/home/carbon/Program_Projects/Control_Frame/install/chassis', 'merge_install': False, 'path': '/home/carbon/Program_Projects/Control_Frame/src/chassis', 'symlink_install': False, 'test_result_base': None}
[1.046s] INFO:colcon.colcon_core.executor:Executing jobs using 'parallel' executor
[1.052s] DEBUG:colcon.colcon_parallel_executor.executor.parallel:run_until_complete
[1.054s] INFO:colcon.colcon_ros.task.ament_cmake.build:Building ROS package in '/home/carbon/Program_Projects/Control_Frame/src/shared_package' with build type 'ament_cmake'
[1.055s] INFO:colcon.colcon_cmake.task.cmake.build:Building CMake package in '/home/carbon/Program_Projects/Control_Frame/src/shared_package'
[1.069s] INFO:colcon.colcon_core.plugin_system:Skipping extension 'colcon_core.shell.bat': Not used on non-Windows systems
[1.069s] INFO:colcon.colcon_core.shell:Skip shell extension 'powershell' for command environment: Not usable outside of PowerShell
[1.069s] DEBUG:colcon.colcon_core.shell:Skip shell extension 'dsv' for command environment
[1.109s] DEBUG:colcon.colcon_core.event_handler.log_command:Invoking command in '/home/carbon/Program_Projects/Control_Frame/build/shared_package': CMAKE_PREFIX_PATH=/opt/ros/humble /usr/bin/cmake /home/carbon/Program_Projects/Control_Frame/src/shared_package -DCMAKE_INSTALL_PREFIX=/home/carbon/Program_Projects/Control_Frame/install/shared_package
[4.414s] DEBUG:colcon.colcon_core.event_handler.log_command:Invoked command in '/home/carbon/Program_Projects/Control_Frame/build/shared_package' returned '0': CMAKE_PREFIX_PATH=/opt/ros/humble /usr/bin/cmake /home/carbon/Program_Projects/Control_Frame/src/shared_package -DCMAKE_INSTALL_PREFIX=/home/carbon/Program_Projects/Control_Frame/install/shared_package
[4.414s] DEBUG:colcon.colcon_core.event_handler.log_command:Invoking command in '/home/carbon/Program_Projects/Control_Frame/build/shared_package': CMAKE_PREFIX_PATH=/opt/ros/humble /usr/bin/cmake --build /home/carbon/Program_Projects/Control_Frame/build/shared_package -- -j2 -l2
[5.882s] DEBUG:colcon.colcon_core.event_handler.log_command:Invoked command in '/home/carbon/Program_Projects/Control_Frame/build/shared_package' returned '0': CMAKE_PREFIX_PATH=/opt/ros/humble /usr/bin/cmake --build /home/carbon/Program_Projects/Control_Frame/build/shared_package -- -j2 -l2
[5.945s] DEBUG:colcon.colcon_core.event_handler.log_command:Invoking command in '/home/carbon/Program_Projects/Control_Frame/build/shared_package': CMAKE_PREFIX_PATH=/opt/ros/humble /usr/bin/cmake --install /home/carbon/Program_Projects/Control_Frame/build/shared_package
[6.041s] Level 1:colcon.colcon_core.environment:create_environment_scripts_only(shared_package)
[6.047s] DEBUG:colcon.colcon_core.event_handler.log_command:Invoked command in '/home/carbon/Program_Projects/Control_Frame/build/shared_package' returned '0': CMAKE_PREFIX_PATH=/opt/ros/humble /usr/bin/cmake --install /home/carbon/Program_Projects/Control_Frame/build/shared_package
[6.057s] Level 1:colcon.colcon_core.environment:checking '/home/carbon/Program_Projects/Control_Frame/install/shared_package' for CMake module files
[6.060s] Level 1:colcon.colcon_core.environment:checking '/home/carbon/Program_Projects/Control_Frame/install/shared_package' for CMake config files
[6.061s] Level 1:colcon.colcon_core.shell:create_environment_hook('shared_package', 'cmake_prefix_path')
[6.061s] INFO:colcon.colcon_core.shell:Creating environment hook '/home/carbon/Program_Projects/Control_Frame/install/shared_package/share/shared_package/hook/cmake_prefix_path.ps1'
[6.065s] INFO:colcon.colcon_core.shell:Creating environment descriptor '/home/carbon/Program_Projects/Control_Frame/install/shared_package/share/shared_package/hook/cmake_prefix_path.dsv'
[6.068s] INFO:colcon.colcon_core.shell:Creating environment hook '/home/carbon/Program_Projects/Control_Frame/install/shared_package/share/shared_package/hook/cmake_prefix_path.sh'
[6.076s] Level 1:colcon.colcon_core.environment:checking '/home/carbon/Program_Projects/Control_Frame/install/shared_package/lib'
[6.076s] Level 1:colcon.colcon_core.shell:create_environment_hook('shared_package', 'ld_library_path_lib')
[6.076s] INFO:colcon.colcon_core.shell:Creating environment hook '/home/carbon/Program_Projects/Control_Frame/install/shared_package/share/shared_package/hook/ld_library_path_lib.ps1'
[6.079s] INFO:colcon.colcon_core.shell:Creating environment descriptor '/home/carbon/Program_Projects/Control_Frame/install/shared_package/share/shared_package/hook/ld_library_path_lib.dsv'
[6.088s] INFO:colcon.colcon_core.shell:Creating environment hook '/home/carbon/Program_Projects/Control_Frame/install/shared_package/share/shared_package/hook/ld_library_path_lib.sh'
[6.089s] Level 1:colcon.colcon_core.environment:checking '/home/carbon/Program_Projects/Control_Frame/install/shared_package/bin'
[6.089s] Level 1:colcon.colcon_core.environment:checking '/home/carbon/Program_Projects/Control_Frame/install/shared_package/lib/pkgconfig/shared_package.pc'
[6.090s] Level 1:colcon.colcon_core.environment:checking '/home/carbon/Program_Projects/Control_Frame/install/shared_package/lib/python3.10/site-packages'
[6.092s] Level 1:colcon.colcon_core.environment:checking '/home/carbon/Program_Projects/Control_Frame/install/shared_package/bin'
[6.093s] INFO:colcon.colcon_core.shell:Creating package script '/home/carbon/Program_Projects/Control_Frame/install/shared_package/share/shared_package/package.ps1'
[6.096s] INFO:colcon.colcon_core.shell:Creating package descriptor '/home/carbon/Program_Projects/Control_Frame/install/shared_package/share/shared_package/package.dsv'
[6.100s] INFO:colcon.colcon_core.shell:Creating package script '/home/carbon/Program_Projects/Control_Frame/install/shared_package/share/shared_package/package.sh'
[6.104s] INFO:colcon.colcon_core.shell:Creating package script '/home/carbon/Program_Projects/Control_Frame/install/shared_package/share/shared_package/package.bash'
[6.106s] INFO:colcon.colcon_core.shell:Creating package script '/home/carbon/Program_Projects/Control_Frame/install/shared_package/share/shared_package/package.zsh'
[6.109s] Level 1:colcon.colcon_core.environment:create_file_with_runtime_dependencies(/home/carbon/Program_Projects/Control_Frame/install/shared_package/share/colcon-core/packages/shared_package)
[6.114s] Level 1:colcon.colcon_core.environment:create_environment_scripts_only(shared_package)
[6.114s] Level 1:colcon.colcon_core.environment:checking '/home/carbon/Program_Projects/Control_Frame/install/shared_package' for CMake module files
[6.117s] Level 1:colcon.colcon_core.environment:checking '/home/carbon/Program_Projects/Control_Frame/install/shared_package' for CMake config files
[6.121s] Level 1:colcon.colcon_core.shell:create_environment_hook('shared_package', 'cmake_prefix_path')
[6.122s] INFO:colcon.colcon_core.shell:Creating environment hook '/home/carbon/Program_Projects/Control_Frame/install/shared_package/share/shared_package/hook/cmake_prefix_path.ps1'
[6.123s] INFO:colcon.colcon_core.shell:Creating environment descriptor '/home/carbon/Program_Projects/Control_Frame/install/shared_package/share/shared_package/hook/cmake_prefix_path.dsv'
[6.126s] INFO:colcon.colcon_core.shell:Creating environment hook '/home/carbon/Program_Projects/Control_Frame/install/shared_package/share/shared_package/hook/cmake_prefix_path.sh'
[6.130s] Level 1:colcon.colcon_core.environment:checking '/home/carbon/Program_Projects/Control_Frame/install/shared_package/lib'
[6.130s] Level 1:colcon.colcon_core.shell:create_environment_hook('shared_package', 'ld_library_path_lib')
[6.130s] INFO:colcon.colcon_core.shell:Creating environment hook '/home/carbon/Program_Projects/Control_Frame/install/shared_package/share/shared_package/hook/ld_library_path_lib.ps1'
[6.133s] INFO:colcon.colcon_core.shell:Creating environment descriptor '/home/carbon/Program_Projects/Control_Frame/install/shared_package/share/shared_package/hook/ld_library_path_lib.dsv'
[6.135s] INFO:colcon.colcon_core.shell:Creating environment hook '/home/carbon/Program_Projects/Control_Frame/install/shared_package/share/shared_package/hook/ld_library_path_lib.sh'
[6.139s] Level 1:colcon.colcon_core.environment:checking '/home/carbon/Program_Projects/Control_Frame/install/shared_package/bin'
[6.139s] Level 1:colcon.colcon_core.environment:checking '/home/carbon/Program_Projects/Control_Frame/install/shared_package/lib/pkgconfig/shared_package.pc'
[6.140s] Level 1:colcon.colcon_core.environment:checking '/home/carbon/Program_Projects/Control_Frame/install/shared_package/lib/python3.10/site-packages'
[6.140s] Level 1:colcon.colcon_core.environment:checking '/home/carbon/Program_Projects/Control_Frame/install/shared_package/bin'
[6.140s] INFO:colcon.colcon_core.shell:Creating package script '/home/carbon/Program_Projects/Control_Frame/install/shared_package/share/shared_package/package.ps1'
[6.141s] INFO:colcon.colcon_core.shell:Creating package descriptor '/home/carbon/Program_Projects/Control_Frame/install/shared_package/share/shared_package/package.dsv'
[6.141s] INFO:colcon.colcon_core.shell:Creating package script '/home/carbon/Program_Projects/Control_Frame/install/shared_package/share/shared_package/package.sh'
[6.142s] INFO:colcon.colcon_core.shell:Creating package script '/home/carbon/Program_Projects/Control_Frame/install/shared_package/share/shared_package/package.bash'
[6.142s] INFO:colcon.colcon_core.shell:Creating package script '/home/carbon/Program_Projects/Control_Frame/install/shared_package/share/shared_package/package.zsh'
[6.143s] Level 1:colcon.colcon_core.environment:create_file_with_runtime_dependencies(/home/carbon/Program_Projects/Control_Frame/install/shared_package/share/colcon-core/packages/shared_package)
[6.144s] INFO:colcon.colcon_ros.task.ament_cmake.build:Building ROS package in '/home/carbon/Program_Projects/Control_Frame/src/chassis' with build type 'ament_cmake'
[6.144s] INFO:colcon.colcon_cmake.task.cmake.build:Building CMake package in '/home/carbon/Program_Projects/Control_Frame/src/chassis'
[6.144s] INFO:colcon.colcon_core.shell:Skip shell extension 'powershell' for command environment: Not usable outside of PowerShell
[6.144s] DEBUG:colcon.colcon_core.shell:Skip shell extension 'dsv' for command environment
[6.243s] DEBUG:colcon.colcon_core.event_handler.log_command:Invoking command in '/home/carbon/Program_Projects/Control_Frame/build/chassis': AMENT_PREFIX_PATH=/home/carbon/Program_Projects/Control_Frame/install/shared_package:${AMENT_PREFIX_PATH} CMAKE_PREFIX_PATH=/home/carbon/Program_Projects/Control_Frame/install/shared_package:/opt/ros/humble LD_LIBRARY_PATH=/home/carbon/Program_Projects/Control_Frame/install/shared_package/lib:${LD_LIBRARY_PATH} /usr/bin/cmake --build /home/carbon/Program_Projects/Control_Frame/build/chassis -- -j2 -l2
[21.855s] DEBUG:colcon.colcon_core.event_handler.log_command:Invoked command in '/home/carbon/Program_Projects/Control_Frame/build/chassis' returned '0': AMENT_PREFIX_PATH=/home/carbon/Program_Projects/Control_Frame/install/shared_package:${AMENT_PREFIX_PATH} CMAKE_PREFIX_PATH=/home/carbon/Program_Projects/Control_Frame/install/shared_package:/opt/ros/humble LD_LIBRARY_PATH=/home/carbon/Program_Projects/Control_Frame/install/shared_package/lib:${LD_LIBRARY_PATH} /usr/bin/cmake --build /home/carbon/Program_Projects/Control_Frame/build/chassis -- -j2 -l2
[21.855s] DEBUG:colcon.colcon_core.event_handler.log_command:Invoking command in '/home/carbon/Program_Projects/Control_Frame/build/chassis': AMENT_PREFIX_PATH=/home/carbon/Program_Projects/Control_Frame/install/shared_package:${AMENT_PREFIX_PATH} CMAKE_PREFIX_PATH=/home/carbon/Program_Projects/Control_Frame/install/shared_package:/opt/ros/humble LD_LIBRARY_PATH=/home/carbon/Program_Projects/Control_Frame/install/shared_package/lib:${LD_LIBRARY_PATH} /usr/bin/cmake --install /home/carbon/Program_Projects/Control_Frame/build/chassis
[21.944s] Level 1:colcon.colcon_core.environment:create_environment_scripts_only(chassis)
[21.947s] Level 1:colcon.colcon_core.environment:checking '/home/carbon/Program_Projects/Control_Frame/install/chassis' for CMake module files
[21.952s] DEBUG:colcon.colcon_core.event_handler.log_command:Invoked command in '/home/carbon/Program_Projects/Control_Frame/build/chassis' returned '0': AMENT_PREFIX_PATH=/home/carbon/Program_Projects/Control_Frame/install/shared_package:${AMENT_PREFIX_PATH} CMAKE_PREFIX_PATH=/home/carbon/Program_Projects/Control_Frame/install/shared_package:/opt/ros/humble LD_LIBRARY_PATH=/home/carbon/Program_Projects/Control_Frame/install/shared_package/lib:${LD_LIBRARY_PATH} /usr/bin/cmake --install /home/carbon/Program_Projects/Control_Frame/build/chassis
[21.956s] Level 1:colcon.colcon_core.environment:checking '/home/carbon/Program_Projects/Control_Frame/install/chassis' for CMake config files
[21.958s] Level 1:colcon.colcon_core.shell:create_environment_hook('chassis', 'cmake_prefix_path')
[21.959s] INFO:colcon.colcon_core.shell:Creating environment hook '/home/carbon/Program_Projects/Control_Frame/install/chassis/share/chassis/hook/cmake_prefix_path.ps1'
[21.960s] INFO:colcon.colcon_core.shell:Creating environment descriptor '/home/carbon/Program_Projects/Control_Frame/install/chassis/share/chassis/hook/cmake_prefix_path.dsv'
[21.961s] INFO:colcon.colcon_core.shell:Creating environment hook '/home/carbon/Program_Projects/Control_Frame/install/chassis/share/chassis/hook/cmake_prefix_path.sh'
[21.963s] Level 1:colcon.colcon_core.environment:checking '/home/carbon/Program_Projects/Control_Frame/install/chassis/lib'
[21.963s] Level 1:colcon.colcon_core.shell:create_environment_hook('chassis', 'ld_library_path_lib')
[21.963s] INFO:colcon.colcon_core.shell:Creating environment hook '/home/carbon/Program_Projects/Control_Frame/install/chassis/share/chassis/hook/ld_library_path_lib.ps1'
[21.964s] INFO:colcon.colcon_core.shell:Creating environment descriptor '/home/carbon/Program_Projects/Control_Frame/install/chassis/share/chassis/hook/ld_library_path_lib.dsv'
[21.966s] INFO:colcon.colcon_core.shell:Creating environment hook '/home/carbon/Program_Projects/Control_Frame/install/chassis/share/chassis/hook/ld_library_path_lib.sh'
[21.967s] Level 1:colcon.colcon_core.environment:checking '/home/carbon/Program_Projects/Control_Frame/install/chassis/bin'
[21.967s] Level 1:colcon.colcon_core.environment:checking '/home/carbon/Program_Projects/Control_Frame/install/chassis/lib/pkgconfig/chassis.pc'
[21.967s] Level 1:colcon.colcon_core.environment:checking '/home/carbon/Program_Projects/Control_Frame/install/chassis/lib/python3.10/site-packages'
[21.968s] Level 1:colcon.colcon_core.environment:checking '/home/carbon/Program_Projects/Control_Frame/install/chassis/bin'
[21.968s] INFO:colcon.colcon_core.shell:Creating package script '/home/carbon/Program_Projects/Control_Frame/install/chassis/share/chassis/package.ps1'
[21.972s] INFO:colcon.colcon_core.shell:Creating package descriptor '/home/carbon/Program_Projects/Control_Frame/install/chassis/share/chassis/package.dsv'
[21.974s] INFO:colcon.colcon_core.shell:Creating package script '/home/carbon/Program_Projects/Control_Frame/install/chassis/share/chassis/package.sh'
[21.976s] INFO:colcon.colcon_core.shell:Creating package script '/home/carbon/Program_Projects/Control_Frame/install/chassis/share/chassis/package.bash'
[21.977s] INFO:colcon.colcon_core.shell:Creating package script '/home/carbon/Program_Projects/Control_Frame/install/chassis/share/chassis/package.zsh'
[21.979s] Level 1:colcon.colcon_core.environment:create_file_with_runtime_dependencies(/home/carbon/Program_Projects/Control_Frame/install/chassis/share/colcon-core/packages/chassis)
[21.981s] Level 1:colcon.colcon_core.environment:create_environment_scripts_only(chassis)
[21.981s] Level 1:colcon.colcon_core.environment:checking '/home/carbon/Program_Projects/Control_Frame/install/chassis' for CMake module files
[21.983s] Level 1:colcon.colcon_core.environment:checking '/home/carbon/Program_Projects/Control_Frame/install/chassis' for CMake config files
[21.985s] Level 1:colcon.colcon_core.shell:create_environment_hook('chassis', 'cmake_prefix_path')
[21.986s] INFO:colcon.colcon_core.shell:Creating environment hook '/home/carbon/Program_Projects/Control_Frame/install/chassis/share/chassis/hook/cmake_prefix_path.ps1'
[21.988s] INFO:colcon.colcon_core.shell:Creating environment descriptor '/home/carbon/Program_Projects/Control_Frame/install/chassis/share/chassis/hook/cmake_prefix_path.dsv'
[21.990s] INFO:colcon.colcon_core.shell:Creating environment hook '/home/carbon/Program_Projects/Control_Frame/install/chassis/share/chassis/hook/cmake_prefix_path.sh'
[21.992s] Level 1:colcon.colcon_core.environment:checking '/home/carbon/Program_Projects/Control_Frame/install/chassis/lib'
[21.993s] Level 1:colcon.colcon_core.shell:create_environment_hook('chassis', 'ld_library_path_lib')
[21.993s] INFO:colcon.colcon_core.shell:Creating environment hook '/home/carbon/Program_Projects/Control_Frame/install/chassis/share/chassis/hook/ld_library_path_lib.ps1'
[21.994s] INFO:colcon.colcon_core.shell:Creating environment descriptor '/home/carbon/Program_Projects/Control_Frame/install/chassis/share/chassis/hook/ld_library_path_lib.dsv'
[21.996s] INFO:colcon.colcon_core.shell:Creating environment hook '/home/carbon/Program_Projects/Control_Frame/install/chassis/share/chassis/hook/ld_library_path_lib.sh'
[21.999s] Level 1:colcon.colcon_core.environment:checking '/home/carbon/Program_Projects/Control_Frame/install/chassis/bin'
[21.999s] Level 1:colcon.colcon_core.environment:checking '/home/carbon/Program_Projects/Control_Frame/install/chassis/lib/pkgconfig/chassis.pc'
[22.000s] Level 1:colcon.colcon_core.environment:checking '/home/carbon/Program_Projects/Control_Frame/install/chassis/lib/python3.10/site-packages'
[22.000s] Level 1:colcon.colcon_core.environment:checking '/home/carbon/Program_Projects/Control_Frame/install/chassis/bin'
[22.001s] INFO:colcon.colcon_core.shell:Creating package script '/home/carbon/Program_Projects/Control_Frame/install/chassis/share/chassis/package.ps1'
[22.004s] INFO:colcon.colcon_core.shell:Creating package descriptor '/home/carbon/Program_Projects/Control_Frame/install/chassis/share/chassis/package.dsv'
[22.007s] INFO:colcon.colcon_core.shell:Creating package script '/home/carbon/Program_Projects/Control_Frame/install/chassis/share/chassis/package.sh'
[22.010s] INFO:colcon.colcon_core.shell:Creating package script '/home/carbon/Program_Projects/Control_Frame/install/chassis/share/chassis/package.bash'
[22.011s] INFO:colcon.colcon_core.shell:Creating package script '/home/carbon/Program_Projects/Control_Frame/install/chassis/share/chassis/package.zsh'
[22.015s] Level 1:colcon.colcon_core.environment:create_file_with_runtime_dependencies(/home/carbon/Program_Projects/Control_Frame/install/chassis/share/colcon-core/packages/chassis)
[22.017s] DEBUG:colcon.colcon_parallel_executor.executor.parallel:closing loop
[22.017s] DEBUG:colcon.colcon_parallel_executor.executor.parallel:loop closed
[22.017s] DEBUG:colcon.colcon_parallel_executor.executor.parallel:run_until_complete finished with '0'
[22.017s] DEBUG:colcon.colcon_core.event_reactor:joining thread
[22.035s] INFO:colcon.colcon_core.plugin_system:Skipping extension 'colcon_notification.desktop_notification.terminal_notifier': Not used on non-Darwin systems
[22.035s] INFO:colcon.colcon_core.plugin_system:Skipping extension 'colcon_notification.desktop_notification.win32': Not used on non-Windows systems
[22.035s] INFO:colcon.colcon_notification.desktop_notification:Sending desktop notification using 'notify2'
[22.087s] DEBUG:colcon.colcon_core.event_reactor:joined thread
[22.087s] INFO:colcon.colcon_core.shell:Creating prefix script '/home/carbon/Program_Projects/Control_Frame/install/local_setup.ps1'
[22.089s] INFO:colcon.colcon_core.shell:Creating prefix util module '/home/carbon/Program_Projects/Control_Frame/install/_local_setup_util_ps1.py'
[22.094s] INFO:colcon.colcon_core.shell:Creating prefix chain script '/home/carbon/Program_Projects/Control_Frame/install/setup.ps1'
[22.096s] INFO:colcon.colcon_core.shell:Creating prefix script '/home/carbon/Program_Projects/Control_Frame/install/local_setup.sh'
[22.098s] INFO:colcon.colcon_core.shell:Creating prefix util module '/home/carbon/Program_Projects/Control_Frame/install/_local_setup_util_sh.py'
[22.103s] INFO:colcon.colcon_core.shell:Creating prefix chain script '/home/carbon/Program_Projects/Control_Frame/install/setup.sh'
[22.105s] INFO:colcon.colcon_core.shell:Creating prefix script '/home/carbon/Program_Projects/Control_Frame/install/local_setup.bash'
[22.107s] INFO:colcon.colcon_core.shell:Creating prefix chain script '/home/carbon/Program_Projects/Control_Frame/install/setup.bash'
[22.114s] INFO:colcon.colcon_core.shell:Creating prefix script '/home/carbon/Program_Projects/Control_Frame/install/local_setup.zsh'
[22.116s] INFO:colcon.colcon_core.shell:Creating prefix chain script '/home/carbon/Program_Projects/Control_Frame/install/setup.zsh'
