[0.035s] Invoking command in '/home/carbon/Program_Projects/Control_Frame/build/chassis': AMENT_PREFIX_PATH=/home/carbon/Program_Projects/Control_Frame/install/shared_package:${AMENT_PREFIX_PATH} CMAKE_PREFIX_PATH=/home/carbon/Program_Projects/Control_Frame/install/shared_package:/opt/ros/humble LD_LIBRARY_PATH=/home/carbon/Program_Projects/Control_Frame/install/shared_package/lib:${LD_LIBRARY_PATH} /usr/bin/cmake --build /home/carbon/Program_Projects/Control_Frame/build/chassis -- -j2 -l2
[0.285s] Consolidate compiler generated dependencies of target chassis_hardware
[0.331s] [ 50%] Building CXX object CMakeFiles/chassis_hardware.dir/src/chassis_system.cpp.o
[9.125s] [100%] Linking CXX shared library libchassis_hardware.so
[9.606s] [100%] Built target chassis_hardware
[9.676s] Invoked command in '/home/carbon/Program_Projects/Control_Frame/build/chassis' returned '0': AMENT_PREFIX_PATH=/home/carbon/Program_Projects/Control_Frame/install/shared_package:${AMENT_PREFIX_PATH} CMAKE_PREFIX_PATH=/home/carbon/Program_Projects/Control_Frame/install/shared_package:/opt/ros/humble LD_LIBRARY_PATH=/home/carbon/Program_Projects/Control_Frame/install/shared_package/lib:${LD_LIBRARY_PATH} /usr/bin/cmake --build /home/carbon/Program_Projects/Control_Frame/build/chassis -- -j2 -l2
[9.684s] Invoking command in '/home/carbon/Program_Projects/Control_Frame/build/chassis': AMENT_PREFIX_PATH=/home/carbon/Program_Projects/Control_Frame/install/shared_package:${AMENT_PREFIX_PATH} CMAKE_PREFIX_PATH=/home/carbon/Program_Projects/Control_Frame/install/shared_package:/opt/ros/humble LD_LIBRARY_PATH=/home/carbon/Program_Projects/Control_Frame/install/shared_package/lib:${LD_LIBRARY_PATH} /usr/bin/cmake --install /home/carbon/Program_Projects/Control_Frame/build/chassis
[9.717s] -- Install configuration: ""
[9.718s] -- Up-to-date: /home/carbon/Program_Projects/Control_Frame/install/chassis/share/chassis/chassis_plugin.xml
[9.720s] -- Installing: /home/carbon/Program_Projects/Control_Frame/install/chassis/lib/libchassis_hardware.so
[9.727s] -- Set runtime path of "/home/carbon/Program_Projects/Control_Frame/install/chassis/lib/libchassis_hardware.so" to ""
[9.727s] -- Up-to-date: /home/carbon/Program_Projects/Control_Frame/install/chassis/include
[9.734s] -- Up-to-date: /home/carbon/Program_Projects/Control_Frame/install/chassis/include/chassis
[9.734s] -- Installing: /home/carbon/Program_Projects/Control_Frame/install/chassis/include/chassis/chassis_system.hpp
[9.736s] -- Up-to-date: /home/carbon/Program_Projects/Control_Frame/install/chassis/share/chassis/urdf
[9.737s] -- Up-to-date: /home/carbon/Program_Projects/Control_Frame/install/chassis/share/chassis/urdf/chassis.urdf
[9.737s] -- Up-to-date: /home/carbon/Program_Projects/Control_Frame/install/chassis/share/chassis/config
[9.737s] -- Up-to-date: /home/carbon/Program_Projects/Control_Frame/install/chassis/share/chassis/config/chassis_controller.yaml
[9.737s] -- Up-to-date: /home/carbon/Program_Projects/Control_Frame/install/chassis/share/chassis/launch
[9.737s] -- Up-to-date: /home/carbon/Program_Projects/Control_Frame/install/chassis/share/chassis/launch/chassis.launch
[9.737s] -- Up-to-date: /home/carbon/Program_Projects/Control_Frame/install/chassis/share/chassis/environment/library_path.sh
[9.737s] -- Up-to-date: /home/carbon/Program_Projects/Control_Frame/install/chassis/share/chassis/environment/library_path.dsv
[9.737s] -- Up-to-date: /home/carbon/Program_Projects/Control_Frame/install/chassis/share/ament_index/resource_index/package_run_dependencies/chassis
[9.737s] -- Up-to-date: /home/carbon/Program_Projects/Control_Frame/install/chassis/share/ament_index/resource_index/parent_prefix_path/chassis
[9.738s] -- Up-to-date: /home/carbon/Program_Projects/Control_Frame/install/chassis/share/chassis/environment/ament_prefix_path.sh
[9.738s] -- Up-to-date: /home/carbon/Program_Projects/Control_Frame/install/chassis/share/chassis/environment/ament_prefix_path.dsv
[9.742s] -- Up-to-date: /home/carbon/Program_Projects/Control_Frame/install/chassis/share/chassis/environment/path.sh
[9.742s] -- Up-to-date: /home/carbon/Program_Projects/Control_Frame/install/chassis/share/chassis/environment/path.dsv
[9.742s] -- Up-to-date: /home/carbon/Program_Projects/Control_Frame/install/chassis/share/chassis/local_setup.bash
[9.742s] -- Up-to-date: /home/carbon/Program_Projects/Control_Frame/install/chassis/share/chassis/local_setup.sh
[9.743s] -- Up-to-date: /home/carbon/Program_Projects/Control_Frame/install/chassis/share/chassis/local_setup.zsh
[9.743s] -- Up-to-date: /home/carbon/Program_Projects/Control_Frame/install/chassis/share/chassis/local_setup.dsv
[9.748s] -- Installing: /home/carbon/Program_Projects/Control_Frame/install/chassis/share/chassis/package.dsv
[9.749s] -- Up-to-date: /home/carbon/Program_Projects/Control_Frame/install/chassis/share/ament_index/resource_index/packages/chassis
[9.749s] -- Up-to-date: /home/carbon/Program_Projects/Control_Frame/install/chassis/share/ament_index/resource_index/hardware_interface__pluginlib__plugin/chassis
[9.749s] -- Up-to-date: /home/carbon/Program_Projects/Control_Frame/install/chassis/share/chassis/cmake/export_chassisExport.cmake
[9.749s] -- Up-to-date: /home/carbon/Program_Projects/Control_Frame/install/chassis/share/chassis/cmake/export_chassisExport-noconfig.cmake
[9.751s] -- Up-to-date: /home/carbon/Program_Projects/Control_Frame/install/chassis/share/chassis/cmake/ament_cmake_export_targets-extras.cmake
[9.751s] -- Up-to-date: /home/carbon/Program_Projects/Control_Frame/install/chassis/share/chassis/cmake/ament_cmake_export_dependencies-extras.cmake
[9.751s] -- Up-to-date: /home/carbon/Program_Projects/Control_Frame/install/chassis/share/chassis/cmake/chassisConfig.cmake
[9.751s] -- Up-to-date: /home/carbon/Program_Projects/Control_Frame/install/chassis/share/chassis/cmake/chassisConfig-version.cmake
[9.752s] -- Up-to-date: /home/carbon/Program_Projects/Control_Frame/install/chassis/share/chassis/package.xml
[9.753s] Invoked command in '/home/carbon/Program_Projects/Control_Frame/build/chassis' returned '0': AMENT_PREFIX_PATH=/home/carbon/Program_Projects/Control_Frame/install/shared_package:${AMENT_PREFIX_PATH} CMAKE_PREFIX_PATH=/home/carbon/Program_Projects/Control_Frame/install/shared_package:/opt/ros/humble LD_LIBRARY_PATH=/home/carbon/Program_Projects/Control_Frame/install/shared_package/lib:${LD_LIBRARY_PATH} /usr/bin/cmake --install /home/carbon/Program_Projects/Control_Frame/build/chassis
