-- Found ament_cmake: 1.3.14 (/opt/ros/humble/share/ament_cmake/cmake)
-- Found rclcpp: 16.0.19 (/opt/ros/humble/share/rclcpp/cmake)
-- Found rosidl_generator_c: 3.1.9 (/opt/ros/humble/share/rosidl_generator_c/cmake)
-- Found rosidl_adapter: 3.1.9 (/opt/ros/humble/share/rosidl_adapter/cmake)
-- Found rosidl_generator_cpp: 3.1.9 (/opt/ros/humble/share/rosidl_generator_cpp/cmake)
-- Using all available rosidl_typesupport_c: rosidl_typesupport_fastrtps_c;rosidl_typesupport_introspection_c
-- Using all available rosidl_typesupport_cpp: rosidl_typesupport_fastrtps_cpp;rosidl_typesupport_introspection_cpp
-- Found rmw_implementation_cmake: 6.1.2 (/opt/ros/humble/share/rmw_implementation_cmake/cmake)
-- Found rmw_fastrtps_cpp: 6.2.10 (/opt/ros/humble/share/rmw_fastrtps_cpp/cmake)
-- Using RMW implementation 'rmw_fastrtps_cpp' as default
-- Found rclcpp_lifecycle: 16.0.19 (/opt/ros/humble/share/rclcpp_lifecycle/cmake)
-- Found hardware_interface: 2.54.2 (/opt/ros/humble/share/hardware_interface/cmake)
-- Found shared_package: 0.0.0 (/home/carbon/Program_Projects/Control_Frame/install/shared_package/share/shared_package/cmake)
-- Configuring done
-- Generating done
-- Build files have been written to: /home/carbon/Program_Projects/Control_Frame/build/chassis
Consolidate compiler generated dependencies of target chassis_hardware
[ 50%] Building CXX object CMakeFiles/chassis_hardware.dir/src/chassis_system.cpp.o
[100%] Linking CXX shared library libchassis_hardware.so
[100%] Built target chassis_hardware
-- Install configuration: ""
-- Up-to-date: /home/carbon/Program_Projects/Control_Frame/install/chassis/share/chassis/chassis_plugin.xml
-- Installing: /home/carbon/Program_Projects/Control_Frame/install/chassis/lib/libchassis_hardware.so
-- Set runtime path of "/home/carbon/Program_Projects/Control_Frame/install/chassis/lib/libchassis_hardware.so" to ""
-- Up-to-date: /home/carbon/Program_Projects/Control_Frame/install/chassis/include
-- Up-to-date: /home/carbon/Program_Projects/Control_Frame/install/chassis/include/chassis
-- Installing: /home/carbon/Program_Projects/Control_Frame/install/chassis/include/chassis/chassis_system.hpp
-- Up-to-date: /home/carbon/Program_Projects/Control_Frame/install/chassis/share/chassis/urdf
-- Up-to-date: /home/carbon/Program_Projects/Control_Frame/install/chassis/share/chassis/urdf/chassis.urdf
-- Up-to-date: /home/carbon/Program_Projects/Control_Frame/install/chassis/share/chassis/config
-- Up-to-date: /home/carbon/Program_Projects/Control_Frame/install/chassis/share/chassis/config/chassis_controller.yaml
-- Up-to-date: /home/carbon/Program_Projects/Control_Frame/install/chassis/share/chassis/launch
-- Up-to-date: /home/carbon/Program_Projects/Control_Frame/install/chassis/share/chassis/launch/chassis.launch
-- Up-to-date: /home/carbon/Program_Projects/Control_Frame/install/chassis/share/chassis/environment/library_path.sh
-- Installing: /home/carbon/Program_Projects/Control_Frame/install/chassis/share/chassis/environment/library_path.dsv
-- Installing: /home/carbon/Program_Projects/Control_Frame/install/chassis/share/ament_index/resource_index/package_run_dependencies/chassis
-- Up-to-date: /home/carbon/Program_Projects/Control_Frame/install/chassis/share/ament_index/resource_index/parent_prefix_path/chassis
-- Up-to-date: /home/carbon/Program_Projects/Control_Frame/install/chassis/share/chassis/environment/ament_prefix_path.sh
-- Installing: /home/carbon/Program_Projects/Control_Frame/install/chassis/share/chassis/environment/ament_prefix_path.dsv
-- Up-to-date: /home/carbon/Program_Projects/Control_Frame/install/chassis/share/chassis/environment/path.sh
-- Installing: /home/carbon/Program_Projects/Control_Frame/install/chassis/share/chassis/environment/path.dsv
-- Up-to-date: /home/carbon/Program_Projects/Control_Frame/install/chassis/share/chassis/local_setup.bash
-- Up-to-date: /home/carbon/Program_Projects/Control_Frame/install/chassis/share/chassis/local_setup.sh
-- Up-to-date: /home/carbon/Program_Projects/Control_Frame/install/chassis/share/chassis/local_setup.zsh
-- Installing: /home/carbon/Program_Projects/Control_Frame/install/chassis/share/chassis/local_setup.dsv
-- Installing: /home/carbon/Program_Projects/Control_Frame/install/chassis/share/chassis/package.dsv
-- Up-to-date: /home/carbon/Program_Projects/Control_Frame/install/chassis/share/ament_index/resource_index/packages/chassis
-- Up-to-date: /home/carbon/Program_Projects/Control_Frame/install/chassis/share/ament_index/resource_index/hardware_interface__pluginlib__plugin/chassis
-- Old export file "/home/carbon/Program_Projects/Control_Frame/install/chassis/share/chassis/cmake/export_chassisExport.cmake" will be replaced.  Removing files [/home/carbon/Program_Projects/Control_Frame/install/chassis/share/chassis/cmake/export_chassisExport-noconfig.cmake].
-- Installing: /home/carbon/Program_Projects/Control_Frame/install/chassis/share/chassis/cmake/export_chassisExport.cmake
-- Installing: /home/carbon/Program_Projects/Control_Frame/install/chassis/share/chassis/cmake/export_chassisExport-noconfig.cmake
-- Up-to-date: /home/carbon/Program_Projects/Control_Frame/install/chassis/share/chassis/cmake/ament_cmake_export_targets-extras.cmake
-- Installing: /home/carbon/Program_Projects/Control_Frame/install/chassis/share/chassis/cmake/ament_cmake_export_dependencies-extras.cmake
-- Up-to-date: /home/carbon/Program_Projects/Control_Frame/install/chassis/share/chassis/cmake/chassisConfig.cmake
-- Up-to-date: /home/carbon/Program_Projects/Control_Frame/install/chassis/share/chassis/cmake/chassisConfig-version.cmake
-- Installing: /home/carbon/Program_Projects/Control_Frame/install/chassis/share/chassis/package.xml
