[0.049s] Invoking command in '/home/carbon/Program_Projects/Control_Frame/build/shared_package': CMAKE_PREFIX_PATH=/opt/ros/humble /usr/bin/cmake --build /home/carbon/Program_Projects/Control_Frame/build/shared_package -- -j2 -l2
[0.192s] Consolidate compiler generated dependencies of target shared_package
[0.228s] [ 50%] Building CXX object CMakeFiles/shared_package.dir/Middleware/Send_Interface.cpp.o
[0.769s] [100%] Linking CXX shared library libshared_package.so
[0.966s] [100%] Built target shared_package
[1.005s] Invoked command in '/home/carbon/Program_Projects/Control_Frame/build/shared_package' returned '0': CMAKE_PREFIX_PATH=/opt/ros/humble /usr/bin/cmake --build /home/carbon/Program_Projects/Control_Frame/build/shared_package -- -j2 -l2
[1.050s] Invoking command in '/home/carbon/Program_Projects/Control_Frame/build/shared_package': CMAKE_PREFIX_PATH=/opt/ros/humble /usr/bin/cmake --install /home/carbon/Program_Projects/Control_Frame/build/shared_package
[1.076s] -- Install configuration: ""
[1.076s] -- Installing: /home/carbon/Program_Projects/Control_Frame/install/shared_package/lib/libshared_package.so
[1.079s] -- Up-to-date: /home/carbon/Program_Projects/Control_Frame/install/shared_package/include/Send_Interface.hpp
[1.079s] -- Up-to-date: /home/carbon/Program_Projects/Control_Frame/install/shared_package/include/alg_crc.h
[1.079s] -- Up-to-date: /home/carbon/Program_Projects/Control_Frame/install/shared_package/include/motor_base.hpp
[1.079s] -- Up-to-date: /home/carbon/Program_Projects/Control_Frame/install/shared_package/share/shared_package/environment/library_path.sh
[1.080s] -- Up-to-date: /home/carbon/Program_Projects/Control_Frame/install/shared_package/share/shared_package/environment/library_path.dsv
[1.080s] -- Up-to-date: /home/carbon/Program_Projects/Control_Frame/install/shared_package/share/ament_index/resource_index/package_run_dependencies/shared_package
[1.082s] -- Up-to-date: /home/carbon/Program_Projects/Control_Frame/install/shared_package/share/ament_index/resource_index/parent_prefix_path/shared_package
[1.083s] -- Up-to-date: /home/carbon/Program_Projects/Control_Frame/install/shared_package/share/shared_package/environment/ament_prefix_path.sh
[1.083s] -- Up-to-date: /home/carbon/Program_Projects/Control_Frame/install/shared_package/share/shared_package/environment/ament_prefix_path.dsv
[1.084s] -- Up-to-date: /home/carbon/Program_Projects/Control_Frame/install/shared_package/share/shared_package/environment/path.sh
[1.084s] -- Up-to-date: /home/carbon/Program_Projects/Control_Frame/install/shared_package/share/shared_package/environment/path.dsv
[1.084s] -- Up-to-date: /home/carbon/Program_Projects/Control_Frame/install/shared_package/share/shared_package/local_setup.bash
[1.084s] -- Up-to-date: /home/carbon/Program_Projects/Control_Frame/install/shared_package/share/shared_package/local_setup.sh
[1.084s] -- Up-to-date: /home/carbon/Program_Projects/Control_Frame/install/shared_package/share/shared_package/local_setup.zsh
[1.085s] -- Up-to-date: /home/carbon/Program_Projects/Control_Frame/install/shared_package/share/shared_package/local_setup.dsv
[1.086s] -- Installing: /home/carbon/Program_Projects/Control_Frame/install/shared_package/share/shared_package/package.dsv
[1.086s] -- Up-to-date: /home/carbon/Program_Projects/Control_Frame/install/shared_package/share/ament_index/resource_index/packages/shared_package
[1.086s] -- Up-to-date: /home/carbon/Program_Projects/Control_Frame/install/shared_package/share/shared_package/cmake/export_shared_packageExport.cmake
[1.086s] -- Up-to-date: /home/carbon/Program_Projects/Control_Frame/install/shared_package/share/shared_package/cmake/export_shared_packageExport-noconfig.cmake
[1.086s] -- Up-to-date: /home/carbon/Program_Projects/Control_Frame/install/shared_package/share/shared_package/cmake/ament_cmake_export_targets-extras.cmake
[1.086s] -- Up-to-date: /home/carbon/Program_Projects/Control_Frame/install/shared_package/share/shared_package/cmake/shared_packageConfig.cmake
[1.087s] -- Up-to-date: /home/carbon/Program_Projects/Control_Frame/install/shared_package/share/shared_package/cmake/shared_packageConfig-version.cmake
[1.087s] -- Up-to-date: /home/carbon/Program_Projects/Control_Frame/install/shared_package/share/shared_package/package.xml
[1.088s] Invoked command in '/home/carbon/Program_Projects/Control_Frame/build/shared_package' returned '0': CMAKE_PREFIX_PATH=/opt/ros/humble /usr/bin/cmake --install /home/carbon/Program_Projects/Control_Frame/build/shared_package
