[0.134s] Invoking command in '/home/carbon/Program_Projects/Control_Frame/build/pkg_communication': CMAKE_PREFIX_PATH=/opt/ros/humble /usr/bin/cmake --build /home/carbon/Program_Projects/Control_Frame/build/pkg_communication -- -j2 -l2
[0.806s] [100%] Built target pkg_communication
[0.888s] Invoked command in '/home/carbon/Program_Projects/Control_Frame/build/pkg_communication' returned '0': CMAKE_PREFIX_PATH=/opt/ros/humble /usr/bin/cmake --build /home/carbon/Program_Projects/Control_Frame/build/pkg_communication -- -j2 -l2
[0.958s] Invoking command in '/home/carbon/Program_Projects/Control_Frame/build/pkg_communication': CMAKE_PREFIX_PATH=/opt/ros/humble /usr/bin/cmake --install /home/carbon/Program_Projects/Control_Frame/build/pkg_communication
[1.098s] -- Install configuration: ""
[1.124s] -- Up-to-date: /home/carbon/Program_Projects/Control_Frame/install/pkg_communication/lib/libpkg_communication.so
[1.124s] -- Up-to-date: /home/carbon/Program_Projects/Control_Frame/install/pkg_communication/include/Send_Interface.hpp
[1.124s] -- Up-to-date: /home/carbon/Program_Projects/Control_Frame/install/pkg_communication/include/alg_crc.h
[1.124s] -- Up-to-date: /home/carbon/Program_Projects/Control_Frame/install/pkg_communication/share/pkg_communication/environment/library_path.sh
[1.124s] -- Up-to-date: /home/carbon/Program_Projects/Control_Frame/install/pkg_communication/share/pkg_communication/environment/library_path.dsv
[1.125s] -- Up-to-date: /home/carbon/Program_Projects/Control_Frame/install/pkg_communication/share/ament_index/resource_index/package_run_dependencies/pkg_communication
[1.133s] -- Up-to-date: /home/carbon/Program_Projects/Control_Frame/install/pkg_communication/share/ament_index/resource_index/parent_prefix_path/pkg_communication
[1.134s] -- Up-to-date: /home/carbon/Program_Projects/Control_Frame/install/pkg_communication/share/pkg_communication/environment/ament_prefix_path.sh
[1.134s] -- Up-to-date: /home/carbon/Program_Projects/Control_Frame/install/pkg_communication/share/pkg_communication/environment/ament_prefix_path.dsv
[1.148s] -- Up-to-date: /home/carbon/Program_Projects/Control_Frame/install/pkg_communication/share/pkg_communication/environment/path.sh
[1.148s] -- Up-to-date: /home/carbon/Program_Projects/Control_Frame/install/pkg_communication/share/pkg_communication/environment/path.dsv
[1.160s] -- Up-to-date: /home/carbon/Program_Projects/Control_Frame/install/pkg_communication/share/pkg_communication/local_setup.bash
[1.160s] -- Up-to-date: /home/carbon/Program_Projects/Control_Frame/install/pkg_communication/share/pkg_communication/local_setup.sh
[1.161s] -- Up-to-date: /home/carbon/Program_Projects/Control_Frame/install/pkg_communication/share/pkg_communication/local_setup.zsh
[1.161s] -- Up-to-date: /home/carbon/Program_Projects/Control_Frame/install/pkg_communication/share/pkg_communication/local_setup.dsv
[1.161s] -- Installing: /home/carbon/Program_Projects/Control_Frame/install/pkg_communication/share/pkg_communication/package.dsv
[1.167s] -- Up-to-date: /home/carbon/Program_Projects/Control_Frame/install/pkg_communication/share/ament_index/resource_index/packages/pkg_communication
[1.168s] -- Up-to-date: /home/carbon/Program_Projects/Control_Frame/install/pkg_communication/share/pkg_communication/cmake/export_pkg_communicationExport.cmake
[1.169s] -- Up-to-date: /home/carbon/Program_Projects/Control_Frame/install/pkg_communication/share/pkg_communication/cmake/export_pkg_communicationExport-noconfig.cmake
[1.169s] -- Up-to-date: /home/carbon/Program_Projects/Control_Frame/install/pkg_communication/share/pkg_communication/cmake/ament_cmake_export_targets-extras.cmake
[1.169s] -- Up-to-date: /home/carbon/Program_Projects/Control_Frame/install/pkg_communication/share/pkg_communication/cmake/pkg_communicationConfig.cmake
[1.169s] -- Up-to-date: /home/carbon/Program_Projects/Control_Frame/install/pkg_communication/share/pkg_communication/cmake/pkg_communicationConfig-version.cmake
[1.171s] -- Up-to-date: /home/carbon/Program_Projects/Control_Frame/install/pkg_communication/share/pkg_communication/package.xml
[1.186s] Invoked command in '/home/carbon/Program_Projects/Control_Frame/build/pkg_communication' returned '0': CMAKE_PREFIX_PATH=/opt/ros/humble /usr/bin/cmake --install /home/carbon/Program_Projects/Control_Frame/build/pkg_communication
