[0.049s] Invoking command in '/home/carbon/Program_Projects/Control_Frame/build/pkg_communication': CMAKE_PREFIX_PATH=/opt/ros/humble /usr/bin/cmake --build /home/carbon/Program_Projects/Control_Frame/build/pkg_communication -- -j2 -l2
[0.232s] -- Found ament_cmake: 1.3.14 (/opt/ros/humble/share/ament_cmake/cmake)
[0.713s] -- Found ament_lint_auto: 0.12.15 (/opt/ros/humble/share/ament_lint_auto/cmake)
[0.950s] -- Added test 'cppcheck' to perform static code analysis on C / C++ code
[0.950s] -- Configured cppcheck include dirs: $<BUILD_INTERFACE:/home/carbon/Program_Projects/Control_Frame/src/pkg_communication/Middleware>
[0.951s] -- Configured cppcheck exclude dirs and/or files: 
[0.952s] -- Added test 'lint_cmake' to check CMake code style
[0.964s] -- Added test 'uncrustify' to check C / C++ code style
[0.964s] -- Configured uncrustify additional arguments: 
[0.970s] -- Added test 'xmllint' to check XML markup files
[0.981s] -- Configuring done
[1.068s] -- Generating done
[1.078s] -- Build files have been written to: /home/carbon/Program_Projects/Control_Frame/build/pkg_communication
[1.220s] Consolidate compiler generated dependencies of target pkg_communication
[1.258s] [100%] Built target pkg_communication
[1.325s] Invoked command in '/home/carbon/Program_Projects/Control_Frame/build/pkg_communication' returned '0': CMAKE_PREFIX_PATH=/opt/ros/humble /usr/bin/cmake --build /home/carbon/Program_Projects/Control_Frame/build/pkg_communication -- -j2 -l2
[1.399s] Invoking command in '/home/carbon/Program_Projects/Control_Frame/build/pkg_communication': CMAKE_PREFIX_PATH=/opt/ros/humble /usr/bin/cmake --install /home/carbon/Program_Projects/Control_Frame/build/pkg_communication
[1.456s] -- Install configuration: ""
[1.461s] -- Up-to-date: /home/carbon/Program_Projects/Control_Frame/install/pkg_communication/lib/libpkg_communication.so
[1.461s] -- Up-to-date: /home/carbon/Program_Projects/Control_Frame/install/pkg_communication/include/Send_Interface.hpp
[1.464s] -- Up-to-date: /home/carbon/Program_Projects/Control_Frame/install/pkg_communication/include/alg_crc.h
[1.465s] -- Installing: /home/carbon/Program_Projects/Control_Frame/install/pkg_communication/include/motor_config.hpp
[1.465s] -- Up-to-date: /home/carbon/Program_Projects/Control_Frame/install/pkg_communication/share/pkg_communication/environment/library_path.sh
[1.467s] -- Installing: /home/carbon/Program_Projects/Control_Frame/install/pkg_communication/share/pkg_communication/environment/library_path.dsv
[1.468s] -- Up-to-date: /home/carbon/Program_Projects/Control_Frame/install/pkg_communication/share/ament_index/resource_index/package_run_dependencies/pkg_communication
[1.469s] -- Up-to-date: /home/carbon/Program_Projects/Control_Frame/install/pkg_communication/share/ament_index/resource_index/parent_prefix_path/pkg_communication
[1.471s] -- Up-to-date: /home/carbon/Program_Projects/Control_Frame/install/pkg_communication/share/pkg_communication/environment/ament_prefix_path.sh
[1.471s] -- Installing: /home/carbon/Program_Projects/Control_Frame/install/pkg_communication/share/pkg_communication/environment/ament_prefix_path.dsv
[1.473s] -- Up-to-date: /home/carbon/Program_Projects/Control_Frame/install/pkg_communication/share/pkg_communication/environment/path.sh
[1.473s] -- Installing: /home/carbon/Program_Projects/Control_Frame/install/pkg_communication/share/pkg_communication/environment/path.dsv
[1.475s] -- Up-to-date: /home/carbon/Program_Projects/Control_Frame/install/pkg_communication/share/pkg_communication/local_setup.bash
[1.475s] -- Up-to-date: /home/carbon/Program_Projects/Control_Frame/install/pkg_communication/share/pkg_communication/local_setup.sh
[1.475s] -- Up-to-date: /home/carbon/Program_Projects/Control_Frame/install/pkg_communication/share/pkg_communication/local_setup.zsh
[1.475s] -- Installing: /home/carbon/Program_Projects/Control_Frame/install/pkg_communication/share/pkg_communication/local_setup.dsv
[1.482s] -- Installing: /home/carbon/Program_Projects/Control_Frame/install/pkg_communication/share/pkg_communication/package.dsv
[1.482s] -- Up-to-date: /home/carbon/Program_Projects/Control_Frame/install/pkg_communication/share/ament_index/resource_index/packages/pkg_communication
[1.482s] -- Up-to-date: /home/carbon/Program_Projects/Control_Frame/install/pkg_communication/share/pkg_communication/cmake/export_pkg_communicationExport.cmake
[1.482s] -- Up-to-date: /home/carbon/Program_Projects/Control_Frame/install/pkg_communication/share/pkg_communication/cmake/export_pkg_communicationExport-noconfig.cmake
[1.482s] -- Up-to-date: /home/carbon/Program_Projects/Control_Frame/install/pkg_communication/share/pkg_communication/cmake/ament_cmake_export_targets-extras.cmake
[1.483s] -- Up-to-date: /home/carbon/Program_Projects/Control_Frame/install/pkg_communication/share/pkg_communication/cmake/pkg_communicationConfig.cmake
[1.483s] -- Up-to-date: /home/carbon/Program_Projects/Control_Frame/install/pkg_communication/share/pkg_communication/cmake/pkg_communicationConfig-version.cmake
[1.483s] -- Up-to-date: /home/carbon/Program_Projects/Control_Frame/install/pkg_communication/share/pkg_communication/package.xml
[1.486s] Invoked command in '/home/carbon/Program_Projects/Control_Frame/build/pkg_communication' returned '0': CMAKE_PREFIX_PATH=/opt/ros/humble /usr/bin/cmake --install /home/carbon/Program_Projects/Control_Frame/build/pkg_communication
