[0.293s] DEBUG:colcon:Command line arguments: ['/usr/bin/colcon', 'build']
[0.293s] DEBUG:colcon:Parsed command line arguments: Namespace(log_base=None, log_level=None, verb_name='build', build_base='build', install_base='install', merge_install=False, symlink_install=False, test_result_base=None, continue_on_error=False, executor='parallel', parallel_workers=2, event_handlers=None, ignore_user_meta=False, metas=['./colcon.meta'], base_paths=['.'], packages_ignore=None, packages_ignore_regex=None, paths=None, packages_up_to=None, packages_up_to_regex=None, packages_above=None, packages_above_and_dependencies=None, packages_above_depth=None, packages_select_by_dep=None, packages_skip_by_dep=None, packages_skip_up_to=None, packages_select_build_failed=False, packages_skip_build_finished=False, packages_select_test_failures=False, packages_skip_test_passed=False, packages_select=None, packages_skip=None, packages_select_regex=None, packages_skip_regex=None, packages_start=None, packages_end=None, allow_overriding=[], cmake_args=None, cmake_target=None, cmake_target_skip_unavailable=False, cmake_clean_cache=False, cmake_clean_first=False, cmake_force_configure=False, ament_cmake_args=None, catkin_cmake_args=None, catkin_skip_building_tests=False, verb_parser=<colcon_defaults.argument_parser.defaults.DefaultArgumentsDecorator object at 0x747832627d60>, verb_extension=<colcon_core.verb.build.BuildVerb object at 0x747832627790>, main=<bound method BuildVerb.main of <colcon_core.verb.build.BuildVerb object at 0x747832627790>>)
[0.781s] Level 1:colcon.colcon_core.package_discovery:discover_packages(colcon_meta) check parameters
[0.782s] Level 1:colcon.colcon_core.package_discovery:discover_packages(recursive) check parameters
[0.782s] Level 1:colcon.colcon_core.package_discovery:discover_packages(ignore) check parameters
[0.782s] Level 1:colcon.colcon_core.package_discovery:discover_packages(path) check parameters
[0.782s] Level 1:colcon.colcon_core.package_discovery:discover_packages(colcon_meta) discover
[0.782s] Level 1:colcon.colcon_core.package_discovery:discover_packages(recursive) discover
[0.782s] INFO:colcon.colcon_core.package_discovery:Crawling recursively for packages in '/home/carbon/Program_Projects/Control_Frame'
[0.782s] Level 1:colcon.colcon_core.package_identification:_identify(.) by extensions ['ignore', 'ignore_ament_install']
[0.783s] Level 1:colcon.colcon_core.package_identification:_identify(.) by extension 'ignore'
[0.784s] Level 1:colcon.colcon_core.package_identification:_identify(.) by extension 'ignore_ament_install'
[0.786s] Level 1:colcon.colcon_core.package_identification:_identify(.) by extensions ['colcon_pkg']
[0.786s] Level 1:colcon.colcon_core.package_identification:_identify(.) by extension 'colcon_pkg'
[0.786s] Level 1:colcon.colcon_core.package_identification:_identify(.) by extensions ['colcon_meta']
[0.786s] Level 1:colcon.colcon_core.package_identification:_identify(.) by extension 'colcon_meta'
[0.786s] Level 1:colcon.colcon_core.package_identification:_identify(.) by extensions ['ros']
[0.786s] Level 1:colcon.colcon_core.package_identification:_identify(.) by extension 'ros'
[0.819s] Level 1:colcon.colcon_core.package_identification:_identify(.) by extensions ['cmake', 'python']
[0.819s] Level 1:colcon.colcon_core.package_identification:_identify(.) by extension 'cmake'
[0.819s] Level 1:colcon.colcon_core.package_identification:_identify(.) by extension 'python'
[0.819s] Level 1:colcon.colcon_core.package_identification:_identify(.) by extensions ['python_setup_py']
[0.819s] Level 1:colcon.colcon_core.package_identification:_identify(.) by extension 'python_setup_py'
[0.820s] Level 1:colcon.colcon_core.package_identification:_identify(build) by extensions ['ignore', 'ignore_ament_install']
[0.820s] Level 1:colcon.colcon_core.package_identification:_identify(build) by extension 'ignore'
[0.821s] Level 1:colcon.colcon_core.package_identification:_identify(build) ignored
[0.821s] Level 1:colcon.colcon_core.package_identification:_identify(install) by extensions ['ignore', 'ignore_ament_install']
[0.821s] Level 1:colcon.colcon_core.package_identification:_identify(install) by extension 'ignore'
[0.823s] Level 1:colcon.colcon_core.package_identification:_identify(install) ignored
[0.823s] Level 1:colcon.colcon_core.package_identification:_identify(log) by extensions ['ignore', 'ignore_ament_install']
[0.823s] Level 1:colcon.colcon_core.package_identification:_identify(log) by extension 'ignore'
[0.823s] Level 1:colcon.colcon_core.package_identification:_identify(log) ignored
[0.824s] Level 1:colcon.colcon_core.package_identification:_identify(src) by extensions ['ignore', 'ignore_ament_install']
[0.824s] Level 1:colcon.colcon_core.package_identification:_identify(src) by extension 'ignore'
[0.824s] Level 1:colcon.colcon_core.package_identification:_identify(src) by extension 'ignore_ament_install'
[0.824s] Level 1:colcon.colcon_core.package_identification:_identify(src) by extensions ['colcon_pkg']
[0.824s] Level 1:colcon.colcon_core.package_identification:_identify(src) by extension 'colcon_pkg'
[0.824s] Level 1:colcon.colcon_core.package_identification:_identify(src) by extensions ['colcon_meta']
[0.824s] Level 1:colcon.colcon_core.package_identification:_identify(src) by extension 'colcon_meta'
[0.824s] Level 1:colcon.colcon_core.package_identification:_identify(src) by extensions ['ros']
[0.824s] Level 1:colcon.colcon_core.package_identification:_identify(src) by extension 'ros'
[0.825s] Level 1:colcon.colcon_core.package_identification:_identify(src) by extensions ['cmake', 'python']
[0.825s] Level 1:colcon.colcon_core.package_identification:_identify(src) by extension 'cmake'
[0.825s] Level 1:colcon.colcon_core.package_identification:_identify(src) by extension 'python'
[0.825s] Level 1:colcon.colcon_core.package_identification:_identify(src) by extensions ['python_setup_py']
[0.825s] Level 1:colcon.colcon_core.package_identification:_identify(src) by extension 'python_setup_py'
[0.825s] Level 1:colcon.colcon_core.package_identification:_identify(src/build) by extensions ['ignore', 'ignore_ament_install']
[0.828s] Level 1:colcon.colcon_core.package_identification:_identify(src/build) by extension 'ignore'
[0.828s] Level 1:colcon.colcon_core.package_identification:_identify(src/build) ignored
[0.828s] Level 1:colcon.colcon_core.package_identification:_identify(src/chassis) by extensions ['ignore', 'ignore_ament_install']
[0.828s] Level 1:colcon.colcon_core.package_identification:_identify(src/chassis) by extension 'ignore'
[0.828s] Level 1:colcon.colcon_core.package_identification:_identify(src/chassis) by extension 'ignore_ament_install'
[0.829s] Level 1:colcon.colcon_core.package_identification:_identify(src/chassis) by extensions ['colcon_pkg']
[0.829s] Level 1:colcon.colcon_core.package_identification:_identify(src/chassis) by extension 'colcon_pkg'
[0.829s] Level 1:colcon.colcon_core.package_identification:_identify(src/chassis) by extensions ['colcon_meta']
[0.829s] Level 1:colcon.colcon_core.package_identification:_identify(src/chassis) by extension 'colcon_meta'
[0.829s] Level 1:colcon.colcon_core.package_identification:_identify(src/chassis) by extensions ['ros']
[0.829s] Level 1:colcon.colcon_core.package_identification:_identify(src/chassis) by extension 'ros'
[0.835s] DEBUG:colcon.colcon_core.package_identification:Package 'src/chassis' with type 'ros.ament_cmake' and name 'chassis'
[0.836s] Level 1:colcon.colcon_core.package_identification:_identify(src/install) by extensions ['ignore', 'ignore_ament_install']
[0.836s] Level 1:colcon.colcon_core.package_identification:_identify(src/install) by extension 'ignore'
[0.836s] Level 1:colcon.colcon_core.package_identification:_identify(src/install) ignored
[0.836s] Level 1:colcon.colcon_core.package_identification:_identify(src/log) by extensions ['ignore', 'ignore_ament_install']
[0.836s] Level 1:colcon.colcon_core.package_identification:_identify(src/log) by extension 'ignore'
[0.837s] Level 1:colcon.colcon_core.package_identification:_identify(src/log) ignored
[0.837s] Level 1:colcon.colcon_core.package_identification:_identify(src/shared_package) by extensions ['ignore', 'ignore_ament_install']
[0.837s] Level 1:colcon.colcon_core.package_identification:_identify(src/shared_package) by extension 'ignore'
[0.837s] Level 1:colcon.colcon_core.package_identification:_identify(src/shared_package) by extension 'ignore_ament_install'
[0.837s] Level 1:colcon.colcon_core.package_identification:_identify(src/shared_package) by extensions ['colcon_pkg']
[0.837s] Level 1:colcon.colcon_core.package_identification:_identify(src/shared_package) by extension 'colcon_pkg'
[0.837s] Level 1:colcon.colcon_core.package_identification:_identify(src/shared_package) by extensions ['colcon_meta']
[0.838s] Level 1:colcon.colcon_core.package_identification:_identify(src/shared_package) by extension 'colcon_meta'
[0.840s] Level 1:colcon.colcon_core.package_identification:_identify(src/shared_package) by extensions ['ros']
[0.840s] Level 1:colcon.colcon_core.package_identification:_identify(src/shared_package) by extension 'ros'
[0.841s] DEBUG:colcon.colcon_core.package_identification:Package 'src/shared_package' with type 'ros.ament_cmake' and name 'shared_package'
[0.841s] Level 1:colcon.colcon_core.package_discovery:discover_packages(recursive) using defaults
[0.841s] Level 1:colcon.colcon_core.package_discovery:discover_packages(ignore) discover
[0.841s] Level 1:colcon.colcon_core.package_discovery:discover_packages(ignore) using defaults
[0.841s] Level 1:colcon.colcon_core.package_discovery:discover_packages(path) discover
[0.841s] Level 1:colcon.colcon_core.package_discovery:discover_packages(path) using defaults
[0.883s] Level 1:colcon.colcon_core.package_discovery:discover_packages(prefix_path) check parameters
[0.884s] Level 1:colcon.colcon_core.package_discovery:discover_packages(prefix_path) discover
[0.897s] DEBUG:colcon.colcon_installed_package_information.package_discovery:Found 315 installed packages in /opt/ros/humble
[0.910s] Level 1:colcon.colcon_core.package_discovery:discover_packages(prefix_path) using defaults
[1.047s] Level 5:colcon.colcon_core.verb:set package 'shared_package' build argument 'cmake_args' from command line to 'None'
[1.048s] Level 5:colcon.colcon_core.verb:set package 'shared_package' build argument 'cmake_target' from command line to 'None'
[1.048s] Level 5:colcon.colcon_core.verb:set package 'shared_package' build argument 'cmake_target_skip_unavailable' from command line to 'False'
[1.048s] Level 5:colcon.colcon_core.verb:set package 'shared_package' build argument 'cmake_clean_cache' from command line to 'False'
[1.048s] Level 5:colcon.colcon_core.verb:set package 'shared_package' build argument 'cmake_clean_first' from command line to 'False'
[1.048s] Level 5:colcon.colcon_core.verb:set package 'shared_package' build argument 'cmake_force_configure' from command line to 'False'
[1.049s] Level 5:colcon.colcon_core.verb:set package 'shared_package' build argument 'ament_cmake_args' from command line to 'None'
[1.049s] Level 5:colcon.colcon_core.verb:set package 'shared_package' build argument 'catkin_cmake_args' from command line to 'None'
[1.049s] Level 5:colcon.colcon_core.verb:set package 'shared_package' build argument 'catkin_skip_building_tests' from command line to 'False'
[1.049s] DEBUG:colcon.colcon_core.verb:Building package 'shared_package' with the following arguments: {'ament_cmake_args': None, 'build_base': '/home/carbon/Program_Projects/Control_Frame/build/shared_package', 'catkin_cmake_args': None, 'catkin_skip_building_tests': False, 'cmake_args': None, 'cmake_clean_cache': False, 'cmake_clean_first': False, 'cmake_force_configure': False, 'cmake_target': None, 'cmake_target_skip_unavailable': False, 'install_base': '/home/carbon/Program_Projects/Control_Frame/install/shared_package', 'merge_install': False, 'path': '/home/carbon/Program_Projects/Control_Frame/src/shared_package', 'symlink_install': False, 'test_result_base': None}
[1.049s] Level 5:colcon.colcon_core.verb:set package 'chassis' build argument 'cmake_args' from command line to 'None'
[1.050s] Level 5:colcon.colcon_core.verb:set package 'chassis' build argument 'cmake_target' from command line to 'None'
[1.050s] Level 5:colcon.colcon_core.verb:set package 'chassis' build argument 'cmake_target_skip_unavailable' from command line to 'False'
[1.050s] Level 5:colcon.colcon_core.verb:set package 'chassis' build argument 'cmake_clean_cache' from command line to 'False'
[1.050s] Level 5:colcon.colcon_core.verb:set package 'chassis' build argument 'cmake_clean_first' from command line to 'False'
[1.050s] Level 5:colcon.colcon_core.verb:set package 'chassis' build argument 'cmake_force_configure' from command line to 'False'
[1.050s] Level 5:colcon.colcon_core.verb:set package 'chassis' build argument 'ament_cmake_args' from command line to 'None'
[1.051s] Level 5:colcon.colcon_core.verb:set package 'chassis' build argument 'catkin_cmake_args' from command line to 'None'
[1.051s] Level 5:colcon.colcon_core.verb:set package 'chassis' build argument 'catkin_skip_building_tests' from command line to 'False'
[1.051s] DEBUG:colcon.colcon_core.verb:Building package 'chassis' with the following arguments: {'ament_cmake_args': None, 'build_base': '/home/carbon/Program_Projects/Control_Frame/build/chassis', 'catkin_cmake_args': None, 'catkin_skip_building_tests': False, 'cmake_args': None, 'cmake_clean_cache': False, 'cmake_clean_first': False, 'cmake_force_configure': False, 'cmake_target': None, 'cmake_target_skip_unavailable': False, 'install_base': '/home/carbon/Program_Projects/Control_Frame/install/chassis', 'merge_install': False, 'path': '/home/carbon/Program_Projects/Control_Frame/src/chassis', 'symlink_install': False, 'test_result_base': None}
[1.051s] INFO:colcon.colcon_core.executor:Executing jobs using 'parallel' executor
[1.054s] DEBUG:colcon.colcon_parallel_executor.executor.parallel:run_until_complete
[1.055s] INFO:colcon.colcon_ros.task.ament_cmake.build:Building ROS package in '/home/carbon/Program_Projects/Control_Frame/src/shared_package' with build type 'ament_cmake'
[1.055s] INFO:colcon.colcon_cmake.task.cmake.build:Building CMake package in '/home/carbon/Program_Projects/Control_Frame/src/shared_package'
[1.061s] INFO:colcon.colcon_core.plugin_system:Skipping extension 'colcon_core.shell.bat': Not used on non-Windows systems
[1.061s] INFO:colcon.colcon_core.shell:Skip shell extension 'powershell' for command environment: Not usable outside of PowerShell
[1.061s] DEBUG:colcon.colcon_core.shell:Skip shell extension 'dsv' for command environment
[1.127s] DEBUG:colcon.colcon_core.event_handler.log_command:Invoking command in '/home/carbon/Program_Projects/Control_Frame/build/shared_package': CMAKE_PREFIX_PATH=/opt/ros/humble /usr/bin/cmake --build /home/carbon/Program_Projects/Control_Frame/build/shared_package -- -j2 -l2
[1.603s] DEBUG:colcon.colcon_core.event_handler.log_command:Invoked command in '/home/carbon/Program_Projects/Control_Frame/build/shared_package' returned '0': CMAKE_PREFIX_PATH=/opt/ros/humble /usr/bin/cmake --build /home/carbon/Program_Projects/Control_Frame/build/shared_package -- -j2 -l2
[1.663s] DEBUG:colcon.colcon_core.event_handler.log_command:Invoking command in '/home/carbon/Program_Projects/Control_Frame/build/shared_package': CMAKE_PREFIX_PATH=/opt/ros/humble /usr/bin/cmake --install /home/carbon/Program_Projects/Control_Frame/build/shared_package
[1.754s] Level 1:colcon.colcon_core.environment:create_environment_scripts_only(shared_package)
[1.755s] DEBUG:colcon.colcon_core.event_handler.log_command:Invoked command in '/home/carbon/Program_Projects/Control_Frame/build/shared_package' returned '0': CMAKE_PREFIX_PATH=/opt/ros/humble /usr/bin/cmake --install /home/carbon/Program_Projects/Control_Frame/build/shared_package
[1.760s] Level 1:colcon.colcon_core.environment:checking '/home/carbon/Program_Projects/Control_Frame/install/shared_package' for CMake module files
[1.764s] Level 1:colcon.colcon_core.environment:checking '/home/carbon/Program_Projects/Control_Frame/install/shared_package' for CMake config files
[1.768s] Level 1:colcon.colcon_core.shell:create_environment_hook('shared_package', 'cmake_prefix_path')
[1.768s] INFO:colcon.colcon_core.shell:Creating environment hook '/home/carbon/Program_Projects/Control_Frame/install/shared_package/share/shared_package/hook/cmake_prefix_path.ps1'
[1.770s] INFO:colcon.colcon_core.shell:Creating environment descriptor '/home/carbon/Program_Projects/Control_Frame/install/shared_package/share/shared_package/hook/cmake_prefix_path.dsv'
[1.771s] INFO:colcon.colcon_core.shell:Creating environment hook '/home/carbon/Program_Projects/Control_Frame/install/shared_package/share/shared_package/hook/cmake_prefix_path.sh'
[1.773s] Level 1:colcon.colcon_core.environment:checking '/home/carbon/Program_Projects/Control_Frame/install/shared_package/lib'
[1.774s] Level 1:colcon.colcon_core.shell:create_environment_hook('shared_package', 'ld_library_path_lib')
[1.774s] INFO:colcon.colcon_core.shell:Creating environment hook '/home/carbon/Program_Projects/Control_Frame/install/shared_package/share/shared_package/hook/ld_library_path_lib.ps1'
[1.775s] INFO:colcon.colcon_core.shell:Creating environment descriptor '/home/carbon/Program_Projects/Control_Frame/install/shared_package/share/shared_package/hook/ld_library_path_lib.dsv'
[1.776s] INFO:colcon.colcon_core.shell:Creating environment hook '/home/carbon/Program_Projects/Control_Frame/install/shared_package/share/shared_package/hook/ld_library_path_lib.sh'
[1.778s] Level 1:colcon.colcon_core.environment:checking '/home/carbon/Program_Projects/Control_Frame/install/shared_package/bin'
[1.782s] Level 1:colcon.colcon_core.environment:checking '/home/carbon/Program_Projects/Control_Frame/install/shared_package/lib/pkgconfig/shared_package.pc'
[1.782s] Level 1:colcon.colcon_core.environment:checking '/home/carbon/Program_Projects/Control_Frame/install/shared_package/lib/python3.10/site-packages'
[1.782s] Level 1:colcon.colcon_core.environment:checking '/home/carbon/Program_Projects/Control_Frame/install/shared_package/bin'
[1.783s] INFO:colcon.colcon_core.shell:Creating package script '/home/carbon/Program_Projects/Control_Frame/install/shared_package/share/shared_package/package.ps1'
[1.785s] INFO:colcon.colcon_core.shell:Creating package descriptor '/home/carbon/Program_Projects/Control_Frame/install/shared_package/share/shared_package/package.dsv'
[1.789s] INFO:colcon.colcon_core.shell:Creating package script '/home/carbon/Program_Projects/Control_Frame/install/shared_package/share/shared_package/package.sh'
[1.794s] INFO:colcon.colcon_core.shell:Creating package script '/home/carbon/Program_Projects/Control_Frame/install/shared_package/share/shared_package/package.bash'
[1.797s] INFO:colcon.colcon_core.shell:Creating package script '/home/carbon/Program_Projects/Control_Frame/install/shared_package/share/shared_package/package.zsh'
[1.798s] Level 1:colcon.colcon_core.environment:create_file_with_runtime_dependencies(/home/carbon/Program_Projects/Control_Frame/install/shared_package/share/colcon-core/packages/shared_package)
[1.800s] Level 1:colcon.colcon_core.environment:create_environment_scripts_only(shared_package)
[1.800s] Level 1:colcon.colcon_core.environment:checking '/home/carbon/Program_Projects/Control_Frame/install/shared_package' for CMake module files
[1.802s] Level 1:colcon.colcon_core.environment:checking '/home/carbon/Program_Projects/Control_Frame/install/shared_package' for CMake config files
[1.804s] Level 1:colcon.colcon_core.shell:create_environment_hook('shared_package', 'cmake_prefix_path')
[1.804s] INFO:colcon.colcon_core.shell:Creating environment hook '/home/carbon/Program_Projects/Control_Frame/install/shared_package/share/shared_package/hook/cmake_prefix_path.ps1'
[1.806s] INFO:colcon.colcon_core.shell:Creating environment descriptor '/home/carbon/Program_Projects/Control_Frame/install/shared_package/share/shared_package/hook/cmake_prefix_path.dsv'
[1.807s] INFO:colcon.colcon_core.shell:Creating environment hook '/home/carbon/Program_Projects/Control_Frame/install/shared_package/share/shared_package/hook/cmake_prefix_path.sh'
[1.810s] Level 1:colcon.colcon_core.environment:checking '/home/carbon/Program_Projects/Control_Frame/install/shared_package/lib'
[1.811s] Level 1:colcon.colcon_core.shell:create_environment_hook('shared_package', 'ld_library_path_lib')
[1.811s] INFO:colcon.colcon_core.shell:Creating environment hook '/home/carbon/Program_Projects/Control_Frame/install/shared_package/share/shared_package/hook/ld_library_path_lib.ps1'
[1.812s] INFO:colcon.colcon_core.shell:Creating environment descriptor '/home/carbon/Program_Projects/Control_Frame/install/shared_package/share/shared_package/hook/ld_library_path_lib.dsv'
[1.813s] INFO:colcon.colcon_core.shell:Creating environment hook '/home/carbon/Program_Projects/Control_Frame/install/shared_package/share/shared_package/hook/ld_library_path_lib.sh'
[1.816s] Level 1:colcon.colcon_core.environment:checking '/home/carbon/Program_Projects/Control_Frame/install/shared_package/bin'
[1.816s] Level 1:colcon.colcon_core.environment:checking '/home/carbon/Program_Projects/Control_Frame/install/shared_package/lib/pkgconfig/shared_package.pc'
[1.817s] Level 1:colcon.colcon_core.environment:checking '/home/carbon/Program_Projects/Control_Frame/install/shared_package/lib/python3.10/site-packages'
[1.817s] Level 1:colcon.colcon_core.environment:checking '/home/carbon/Program_Projects/Control_Frame/install/shared_package/bin'
[1.819s] INFO:colcon.colcon_core.shell:Creating package script '/home/carbon/Program_Projects/Control_Frame/install/shared_package/share/shared_package/package.ps1'
[1.820s] INFO:colcon.colcon_core.shell:Creating package descriptor '/home/carbon/Program_Projects/Control_Frame/install/shared_package/share/shared_package/package.dsv'
[1.821s] INFO:colcon.colcon_core.shell:Creating package script '/home/carbon/Program_Projects/Control_Frame/install/shared_package/share/shared_package/package.sh'
[1.823s] INFO:colcon.colcon_core.shell:Creating package script '/home/carbon/Program_Projects/Control_Frame/install/shared_package/share/shared_package/package.bash'
[1.824s] INFO:colcon.colcon_core.shell:Creating package script '/home/carbon/Program_Projects/Control_Frame/install/shared_package/share/shared_package/package.zsh'
[1.826s] Level 1:colcon.colcon_core.environment:create_file_with_runtime_dependencies(/home/carbon/Program_Projects/Control_Frame/install/shared_package/share/colcon-core/packages/shared_package)
[1.829s] INFO:colcon.colcon_ros.task.ament_cmake.build:Building ROS package in '/home/carbon/Program_Projects/Control_Frame/src/chassis' with build type 'ament_cmake'
[1.830s] INFO:colcon.colcon_cmake.task.cmake.build:Building CMake package in '/home/carbon/Program_Projects/Control_Frame/src/chassis'
[1.830s] INFO:colcon.colcon_core.shell:Skip shell extension 'powershell' for command environment: Not usable outside of PowerShell
[1.830s] DEBUG:colcon.colcon_core.shell:Skip shell extension 'dsv' for command environment
[1.910s] DEBUG:colcon.colcon_core.event_handler.log_command:Invoking command in '/home/carbon/Program_Projects/Control_Frame/build/chassis': AMENT_PREFIX_PATH=/home/carbon/Program_Projects/Control_Frame/install/shared_package:${AMENT_PREFIX_PATH} CMAKE_PREFIX_PATH=/home/carbon/Program_Projects/Control_Frame/install/shared_package:/opt/ros/humble LD_LIBRARY_PATH=/home/carbon/Program_Projects/Control_Frame/install/shared_package/lib:${LD_LIBRARY_PATH} /usr/bin/cmake --build /home/carbon/Program_Projects/Control_Frame/build/chassis -- -j2 -l2
[26.260s] DEBUG:colcon.colcon_core.event_handler.log_command:Invoked command in '/home/carbon/Program_Projects/Control_Frame/build/chassis' returned '0': AMENT_PREFIX_PATH=/home/carbon/Program_Projects/Control_Frame/install/shared_package:${AMENT_PREFIX_PATH} CMAKE_PREFIX_PATH=/home/carbon/Program_Projects/Control_Frame/install/shared_package:/opt/ros/humble LD_LIBRARY_PATH=/home/carbon/Program_Projects/Control_Frame/install/shared_package/lib:${LD_LIBRARY_PATH} /usr/bin/cmake --build /home/carbon/Program_Projects/Control_Frame/build/chassis -- -j2 -l2
[26.289s] DEBUG:colcon.colcon_core.event_handler.log_command:Invoking command in '/home/carbon/Program_Projects/Control_Frame/build/chassis': AMENT_PREFIX_PATH=/home/carbon/Program_Projects/Control_Frame/install/shared_package:${AMENT_PREFIX_PATH} CMAKE_PREFIX_PATH=/home/carbon/Program_Projects/Control_Frame/install/shared_package:/opt/ros/humble LD_LIBRARY_PATH=/home/carbon/Program_Projects/Control_Frame/install/shared_package/lib:${LD_LIBRARY_PATH} /usr/bin/cmake --install /home/carbon/Program_Projects/Control_Frame/build/chassis
[26.486s] Level 1:colcon.colcon_core.environment:create_environment_scripts_only(chassis)
[26.489s] Level 1:colcon.colcon_core.environment:checking '/home/carbon/Program_Projects/Control_Frame/install/chassis' for CMake module files
[26.493s] DEBUG:colcon.colcon_core.event_handler.log_command:Invoked command in '/home/carbon/Program_Projects/Control_Frame/build/chassis' returned '0': AMENT_PREFIX_PATH=/home/carbon/Program_Projects/Control_Frame/install/shared_package:${AMENT_PREFIX_PATH} CMAKE_PREFIX_PATH=/home/carbon/Program_Projects/Control_Frame/install/shared_package:/opt/ros/humble LD_LIBRARY_PATH=/home/carbon/Program_Projects/Control_Frame/install/shared_package/lib:${LD_LIBRARY_PATH} /usr/bin/cmake --install /home/carbon/Program_Projects/Control_Frame/build/chassis
[26.494s] Level 1:colcon.colcon_core.environment:checking '/home/carbon/Program_Projects/Control_Frame/install/chassis' for CMake config files
[26.497s] Level 1:colcon.colcon_core.shell:create_environment_hook('chassis', 'cmake_prefix_path')
[26.498s] INFO:colcon.colcon_core.shell:Creating environment hook '/home/carbon/Program_Projects/Control_Frame/install/chassis/share/chassis/hook/cmake_prefix_path.ps1'
[26.500s] INFO:colcon.colcon_core.shell:Creating environment descriptor '/home/carbon/Program_Projects/Control_Frame/install/chassis/share/chassis/hook/cmake_prefix_path.dsv'
[26.502s] INFO:colcon.colcon_core.shell:Creating environment hook '/home/carbon/Program_Projects/Control_Frame/install/chassis/share/chassis/hook/cmake_prefix_path.sh'
[26.505s] Level 1:colcon.colcon_core.environment:checking '/home/carbon/Program_Projects/Control_Frame/install/chassis/lib'
[26.505s] Level 1:colcon.colcon_core.shell:create_environment_hook('chassis', 'ld_library_path_lib')
[26.505s] INFO:colcon.colcon_core.shell:Creating environment hook '/home/carbon/Program_Projects/Control_Frame/install/chassis/share/chassis/hook/ld_library_path_lib.ps1'
[26.509s] INFO:colcon.colcon_core.shell:Creating environment descriptor '/home/carbon/Program_Projects/Control_Frame/install/chassis/share/chassis/hook/ld_library_path_lib.dsv'
[26.512s] INFO:colcon.colcon_core.shell:Creating environment hook '/home/carbon/Program_Projects/Control_Frame/install/chassis/share/chassis/hook/ld_library_path_lib.sh'
[26.516s] Level 1:colcon.colcon_core.environment:checking '/home/carbon/Program_Projects/Control_Frame/install/chassis/bin'
[26.516s] Level 1:colcon.colcon_core.environment:checking '/home/carbon/Program_Projects/Control_Frame/install/chassis/lib/pkgconfig/chassis.pc'
[26.517s] Level 1:colcon.colcon_core.environment:checking '/home/carbon/Program_Projects/Control_Frame/install/chassis/lib/python3.10/site-packages'
[26.517s] Level 1:colcon.colcon_core.environment:checking '/home/carbon/Program_Projects/Control_Frame/install/chassis/bin'
[26.519s] INFO:colcon.colcon_core.shell:Creating package script '/home/carbon/Program_Projects/Control_Frame/install/chassis/share/chassis/package.ps1'
[26.521s] INFO:colcon.colcon_core.shell:Creating package descriptor '/home/carbon/Program_Projects/Control_Frame/install/chassis/share/chassis/package.dsv'
[26.523s] INFO:colcon.colcon_core.shell:Creating package script '/home/carbon/Program_Projects/Control_Frame/install/chassis/share/chassis/package.sh'
[26.524s] INFO:colcon.colcon_core.shell:Creating package script '/home/carbon/Program_Projects/Control_Frame/install/chassis/share/chassis/package.bash'
[26.526s] INFO:colcon.colcon_core.shell:Creating package script '/home/carbon/Program_Projects/Control_Frame/install/chassis/share/chassis/package.zsh'
[26.529s] Level 1:colcon.colcon_core.environment:create_file_with_runtime_dependencies(/home/carbon/Program_Projects/Control_Frame/install/chassis/share/colcon-core/packages/chassis)
[26.533s] Level 1:colcon.colcon_core.environment:create_environment_scripts_only(chassis)
[26.533s] Level 1:colcon.colcon_core.environment:checking '/home/carbon/Program_Projects/Control_Frame/install/chassis' for CMake module files
[26.536s] Level 1:colcon.colcon_core.environment:checking '/home/carbon/Program_Projects/Control_Frame/install/chassis' for CMake config files
[26.540s] Level 1:colcon.colcon_core.shell:create_environment_hook('chassis', 'cmake_prefix_path')
[26.540s] INFO:colcon.colcon_core.shell:Creating environment hook '/home/carbon/Program_Projects/Control_Frame/install/chassis/share/chassis/hook/cmake_prefix_path.ps1'
[26.542s] INFO:colcon.colcon_core.shell:Creating environment descriptor '/home/carbon/Program_Projects/Control_Frame/install/chassis/share/chassis/hook/cmake_prefix_path.dsv'
[26.543s] INFO:colcon.colcon_core.shell:Creating environment hook '/home/carbon/Program_Projects/Control_Frame/install/chassis/share/chassis/hook/cmake_prefix_path.sh'
[26.546s] Level 1:colcon.colcon_core.environment:checking '/home/carbon/Program_Projects/Control_Frame/install/chassis/lib'
[26.546s] Level 1:colcon.colcon_core.shell:create_environment_hook('chassis', 'ld_library_path_lib')
[26.547s] INFO:colcon.colcon_core.shell:Creating environment hook '/home/carbon/Program_Projects/Control_Frame/install/chassis/share/chassis/hook/ld_library_path_lib.ps1'
[26.549s] INFO:colcon.colcon_core.shell:Creating environment descriptor '/home/carbon/Program_Projects/Control_Frame/install/chassis/share/chassis/hook/ld_library_path_lib.dsv'
[26.551s] INFO:colcon.colcon_core.shell:Creating environment hook '/home/carbon/Program_Projects/Control_Frame/install/chassis/share/chassis/hook/ld_library_path_lib.sh'
[26.551s] Level 1:colcon.colcon_core.environment:checking '/home/carbon/Program_Projects/Control_Frame/install/chassis/bin'
[26.552s] Level 1:colcon.colcon_core.environment:checking '/home/carbon/Program_Projects/Control_Frame/install/chassis/lib/pkgconfig/chassis.pc'
[26.553s] Level 1:colcon.colcon_core.environment:checking '/home/carbon/Program_Projects/Control_Frame/install/chassis/lib/python3.10/site-packages'
[26.553s] Level 1:colcon.colcon_core.environment:checking '/home/carbon/Program_Projects/Control_Frame/install/chassis/bin'
[26.554s] INFO:colcon.colcon_core.shell:Creating package script '/home/carbon/Program_Projects/Control_Frame/install/chassis/share/chassis/package.ps1'
[26.556s] INFO:colcon.colcon_core.shell:Creating package descriptor '/home/carbon/Program_Projects/Control_Frame/install/chassis/share/chassis/package.dsv'
[26.557s] INFO:colcon.colcon_core.shell:Creating package script '/home/carbon/Program_Projects/Control_Frame/install/chassis/share/chassis/package.sh'
[26.558s] INFO:colcon.colcon_core.shell:Creating package script '/home/carbon/Program_Projects/Control_Frame/install/chassis/share/chassis/package.bash'
[26.559s] INFO:colcon.colcon_core.shell:Creating package script '/home/carbon/Program_Projects/Control_Frame/install/chassis/share/chassis/package.zsh'
[26.561s] Level 1:colcon.colcon_core.environment:create_file_with_runtime_dependencies(/home/carbon/Program_Projects/Control_Frame/install/chassis/share/colcon-core/packages/chassis)
[26.567s] DEBUG:colcon.colcon_parallel_executor.executor.parallel:closing loop
[26.567s] DEBUG:colcon.colcon_parallel_executor.executor.parallel:loop closed
[26.567s] DEBUG:colcon.colcon_parallel_executor.executor.parallel:run_until_complete finished with '0'
[26.567s] DEBUG:colcon.colcon_core.event_reactor:joining thread
[26.589s] INFO:colcon.colcon_core.plugin_system:Skipping extension 'colcon_notification.desktop_notification.terminal_notifier': Not used on non-Darwin systems
[26.589s] INFO:colcon.colcon_core.plugin_system:Skipping extension 'colcon_notification.desktop_notification.win32': Not used on non-Windows systems
[26.589s] INFO:colcon.colcon_notification.desktop_notification:Sending desktop notification using 'notify2'
[26.679s] DEBUG:colcon.colcon_core.event_reactor:joined thread
[26.679s] INFO:colcon.colcon_core.shell:Creating prefix script '/home/carbon/Program_Projects/Control_Frame/install/local_setup.ps1'
[26.684s] INFO:colcon.colcon_core.shell:Creating prefix util module '/home/carbon/Program_Projects/Control_Frame/install/_local_setup_util_ps1.py'
[26.687s] INFO:colcon.colcon_core.shell:Creating prefix chain script '/home/carbon/Program_Projects/Control_Frame/install/setup.ps1'
[26.689s] INFO:colcon.colcon_core.shell:Creating prefix script '/home/carbon/Program_Projects/Control_Frame/install/local_setup.sh'
[26.691s] INFO:colcon.colcon_core.shell:Creating prefix util module '/home/carbon/Program_Projects/Control_Frame/install/_local_setup_util_sh.py'
[26.693s] INFO:colcon.colcon_core.shell:Creating prefix chain script '/home/carbon/Program_Projects/Control_Frame/install/setup.sh'
[26.695s] INFO:colcon.colcon_core.shell:Creating prefix script '/home/carbon/Program_Projects/Control_Frame/install/local_setup.bash'
[26.696s] INFO:colcon.colcon_core.shell:Creating prefix chain script '/home/carbon/Program_Projects/Control_Frame/install/setup.bash'
[26.698s] INFO:colcon.colcon_core.shell:Creating prefix script '/home/carbon/Program_Projects/Control_Frame/install/local_setup.zsh'
[26.699s] INFO:colcon.colcon_core.shell:Creating prefix chain script '/home/carbon/Program_Projects/Control_Frame/install/setup.zsh'
