[100%] Built target pkg_communication
-- Install configuration: ""
-- Up-to-date: /home/carbon/Program_Projects/Control_Frame/install/pkg_communication/lib/libpkg_communication.so
-- Up-to-date: /home/carbon/Program_Projects/Control_Frame/install/pkg_communication/include/Send_Interface.hpp
-- Up-to-date: /home/carbon/Program_Projects/Control_Frame/install/pkg_communication/include/alg_crc.h
-- Up-to-date: /home/carbon/Program_Projects/Control_Frame/install/pkg_communication/share/pkg_communication/environment/library_path.sh
-- Up-to-date: /home/carbon/Program_Projects/Control_Frame/install/pkg_communication/share/pkg_communication/environment/library_path.dsv
-- Up-to-date: /home/carbon/Program_Projects/Control_Frame/install/pkg_communication/share/ament_index/resource_index/package_run_dependencies/pkg_communication
-- Up-to-date: /home/carbon/Program_Projects/Control_Frame/install/pkg_communication/share/ament_index/resource_index/parent_prefix_path/pkg_communication
-- Up-to-date: /home/carbon/Program_Projects/Control_Frame/install/pkg_communication/share/pkg_communication/environment/ament_prefix_path.sh
-- Up-to-date: /home/carbon/Program_Projects/Control_Frame/install/pkg_communication/share/pkg_communication/environment/ament_prefix_path.dsv
-- Up-to-date: /home/carbon/Program_Projects/Control_Frame/install/pkg_communication/share/pkg_communication/environment/path.sh
-- Up-to-date: /home/carbon/Program_Projects/Control_Frame/install/pkg_communication/share/pkg_communication/environment/path.dsv
-- Up-to-date: /home/carbon/Program_Projects/Control_Frame/install/pkg_communication/share/pkg_communication/local_setup.bash
-- Up-to-date: /home/carbon/Program_Projects/Control_Frame/install/pkg_communication/share/pkg_communication/local_setup.sh
-- Up-to-date: /home/carbon/Program_Projects/Control_Frame/install/pkg_communication/share/pkg_communication/local_setup.zsh
-- Up-to-date: /home/carbon/Program_Projects/Control_Frame/install/pkg_communication/share/pkg_communication/local_setup.dsv
-- Installing: /home/carbon/Program_Projects/Control_Frame/install/pkg_communication/share/pkg_communication/package.dsv
-- Up-to-date: /home/carbon/Program_Projects/Control_Frame/install/pkg_communication/share/ament_index/resource_index/packages/pkg_communication
-- Up-to-date: /home/carbon/Program_Projects/Control_Frame/install/pkg_communication/share/pkg_communication/cmake/export_pkg_communicationExport.cmake
-- Up-to-date: /home/carbon/Program_Projects/Control_Frame/install/pkg_communication/share/pkg_communication/cmake/export_pkg_communicationExport-noconfig.cmake
-- Up-to-date: /home/carbon/Program_Projects/Control_Frame/install/pkg_communication/share/pkg_communication/cmake/ament_cmake_export_targets-extras.cmake
-- Up-to-date: /home/carbon/Program_Projects/Control_Frame/install/pkg_communication/share/pkg_communication/cmake/pkg_communicationConfig.cmake
-- Up-to-date: /home/carbon/Program_Projects/Control_Frame/install/pkg_communication/share/pkg_communication/cmake/pkg_communicationConfig-version.cmake
-- Up-to-date: /home/carbon/Program_Projects/Control_Frame/install/pkg_communication/share/pkg_communication/package.xml
